C:\PROJECTS\EMBEDDED\FINAL_PROJECT\OMNIROVER\MCXN947_Project.zip_expanded\MCXN947_Project\CMSIS/core_cm33.h:2358:22:__NVIC_EnableIRQ	16	static
C:\PROJECTS\EMBEDDED\FINAL_PROJECT\OMNIROVER\MCXN947_Project.zip_expanded\MCXN947_Project\drivers/fsl_common_arm.h:667:24:EnableIRQ	24	static
C:\PROJECTS\EMBEDDED\FINAL_PROJECT\OMNIROVER\MCXN947_Project.zip_expanded\MCXN947_Project\drivers/fsl_port.h:463:20:PORT_SetPinMux	24	static
C:\PROJECTS\EMBEDDED\FINAL_PROJECT\OMNIROVER\MCXN947_Project.zip_expanded\MCXN947_Project\drivers/fsl_gpio.h:345:20:GPIO_PinWrite	24	static
C:\PROJECTS\EMBEDDED\FINAL_PROJECT\OMNIROVER\MCXN947_Project.zip_expanded\MCXN947_Project\drivers/fsl_gpio.h:482:20:GPIO_SetPinInterruptConfig	24	static
../source/GPIO_DRIVER.c:71:6:CMSIS_GPIO_SetOutput	24	static
../source/GPIO_DRIVER.c:76:9:CMSIS_GPIO_SetDirection	24	static
../source/GPIO_DRIVER.c:91:9:CMSIS_GPIO_Setup	32	static
../source/GPIO_DRIVER.c:113:9:CMSIS_GPIO_SetPullResistor	24	static
../source/GPIO_DRIVER.c:138:9:CMSIS_GPIO_SetEventTrigger	24	static
../source/GPIO_DRIVER.c:166:6:PORT0_SetOutput	16	static
../source/GPIO_DRIVER.c:171:9:PORT0_SetDirection	16	static
../source/GPIO_DRIVER.c:176:9:PORT0_Setup	16	static
../source/GPIO_DRIVER.c:181:9:PORT0_SetPullResistor	16	static
../source/GPIO_DRIVER.c:186:9:PORT0_SetEventTrigger	16	static
../source/GPIO_DRIVER.c:196:6:PORT1_SetOutput	16	static
../source/GPIO_DRIVER.c:201:9:PORT1_SetDirection	16	static
../source/GPIO_DRIVER.c:206:9:PORT1_Setup	16	static
../source/GPIO_DRIVER.c:212:6:PORT2_SetOutput	16	static
../source/GPIO_DRIVER.c:217:9:PORT2_SetDirection	16	static
../source/GPIO_DRIVER.c:222:9:PORT2_Setup	16	static
../source/GPIO_DRIVER.c:228:6:PORT3_SetOutput	16	static
../source/GPIO_DRIVER.c:233:9:PORT3_SetDirection	16	static
../source/GPIO_DRIVER.c:238:9:PORT3_Setup	16	static
../source/GPIO_DRIVER.c:244:6:PORT4_SetOutput	16	static
../source/GPIO_DRIVER.c:249:9:PORT4_SetDirection	16	static
../source/GPIO_DRIVER.c:254:9:PORT4_Setup	16	static
../source/GPIO_DRIVER.c:259:6:GPIO10_IRQHandler	8	static
../source/GPIO_DRIVER.c:266:6:init_interrupts	32	static
../source/GPIO_DRIVER.c:305:6:clear_interrupt_flag	16	static
../source/GPIO_DRIVER.c:310:10:get_interrupt_flag	24	static
