C:\PROJECTS\EMBEDDED\FINAL_PROJECT\OMNIROVER\MCXN947_Project.zip_expanded\MCXN947_Project\CMSIS/core_cm33.h:2358:22:__NVIC_EnableIRQ	16	static
C:\PROJECTS\EMBEDDED\FINAL_PROJECT\OMNIROVER\MCXN947_Project.zip_expanded\MCXN947_Project\drivers/fsl_clock.h:1488:20:CLOCK_EnableClock	24	static
C:\PROJECTS\EMBEDDED\FINAL_PROJECT\OMNIROVER\MCXN947_Project.zip_expanded\MCXN947_Project\drivers/fsl_common_arm.h:667:24:EnableIRQ	24	static
C:\PROJECTS\EMBEDDED\FINAL_PROJECT\OMNIROVER\MCXN947_Project.zip_expanded\MCXN947_Project\drivers/fsl_spc.h:1091:20:SPC_EnableActiveModeAnalogModules	16	static
C:\PROJECTS\EMBEDDED\FINAL_PROJECT\OMNIROVER\MCXN947_Project.zip_expanded\MCXN947_Project\drivers/fsl_ctimer.h:358:24:CTIMER_GetTimerCountValue	16	static
C:\PROJECTS\EMBEDDED\FINAL_PROJECT\OMNIROVER\MCXN947_Project.zip_expanded\MCXN947_Project\drivers/fsl_ctimer.h:502:20:CTIMER_StartTimer	16	static
C:\PROJECTS\EMBEDDED\FINAL_PROJECT\OMNIROVER\MCXN947_Project.zip_expanded\MCXN947_Project\drivers/fsl_ctimer.h:555:24:CTIMER_GetCaptureValue	16	static
C:\PROJECTS\EMBEDDED\FINAL_PROJECT\OMNIROVER\MCXN947_Project.zip_expanded\MCXN947_Project\drivers/fsl_lptmr.h:349:20:LPTMR_StartTimer	24	static
../source/MCXN947_Project.c:328:6:LP_FLEXCOMM1_IRQHandler	8	static
../source/MCXN947_Project.c:334:6:TIMER_0	8	static
../source/MCXN947_Project.c:339:6:PID_TIMER	8	static
../source/MCXN947_Project.c:349:6:ctimer_capture_callback	32	static
../source/MCXN947_Project.c:407:5:main	24	static
../source/MCXN947_Project.c:467:6:init_hardware	16	static
../source/MCXN947_Project.c:528:7:dimension_speed	24	static
../source/MCXN947_Project.c:553:7:dimension_rotation	24	static
../source/MCXN947_Project.c:573:7:counts_to_hertz	16	static
../source/MCXN947_Project.c:583:7:counts_to_rad_s	24	static
../source/MCXN947_Project.c:599:7:rad_s_to_counts	24	static
../source/MCXN947_Project.c:611:7:counts_to_rps	24	static
../source/MCXN947_Project.c:625:6:check_stopped_motors	16	static
