/Users/davidbav/Documents/FINAL EMBEDDED/MCXN947_Project/CMSIS/core_cm33.h:2358:22:__NVIC_EnableIRQ	16	static
/Users/davidbav/Documents/FINAL EMBEDDED/MCXN947_Project/drivers/fsl_clock.h:1488:20:CLOCK_EnableClock	24	static
/Users/davidbav/Documents/FINAL EMBEDDED/MCXN947_Project/drivers/fsl_common_arm.h:667:24:EnableIRQ	24	static
/Users/davidbav/Documents/FINAL EMBEDDED/MCXN947_Project/drivers/fsl_spc.h:1091:20:SPC_EnableActiveModeAnalogModules	16	static
/Users/davidbav/Documents/FINAL EMBEDDED/MCXN947_Project/drivers/fsl_ctimer.h:358:24:CTIMER_GetTimerCountValue	16	static
/Users/davidbav/Documents/FINAL EMBEDDED/MCXN947_Project/drivers/fsl_ctimer.h:502:20:CTIMER_StartTimer	16	static
/Users/davidbav/Documents/FINAL EMBEDDED/MCXN947_Project/drivers/fsl_ctimer.h:555:24:CTIMER_GetCaptureValue	16	static
/Users/davidbav/Documents/FINAL EMBEDDED/MCXN947_Project/drivers/fsl_lptmr.h:349:20:LPTMR_StartTimer	24	static
../source/MCXN947_Project.c:335:6:LP_FLEXCOMM1_IRQHandler	8	static
../source/MCXN947_Project.c:341:6:TIMER_0	8	static
../source/MCXN947_Project.c:346:6:PID_TIMER	8	static
../source/MCXN947_Project.c:356:6:ctimer_capture_callback	32	static
../source/MCXN947_Project.c:414:5:main	56	static
../source/MCXN947_Project.c:494:6:init_hardware	16	static
../source/MCXN947_Project.c:559:7:dimension_speed	24	static
../source/MCXN947_Project.c:584:7:dimension_rotation	24	static
../source/MCXN947_Project.c:604:7:counts_to_hertz	16	static
../source/MCXN947_Project.c:614:7:counts_to_rad_s	24	static
../source/MCXN947_Project.c:630:7:rad_s_to_counts	24	static
../source/MCXN947_Project.c:642:7:counts_to_rps	24	static
../source/MCXN947_Project.c:656:6:check_stopped_motors	16	static
