C:\PROJECTS\EMBEDDED\FINAL_PROJECT\OMNIROVER\MCXN947_Project.zip_expanded\MCXN947_Project\CMSIS/core_cm33.h:2358:22:__NVIC_EnableIRQ	16	static
C:\PROJECTS\EMBEDDED\FINAL_PROJECT\OMNIROVER\MCXN947_Project.zip_expanded\MCXN947_Project\drivers/fsl_common_arm.h:667:24:EnableIRQ	24	static
C:\PROJECTS\EMBEDDED\FINAL_PROJECT\OMNIROVER\MCXN947_Project.zip_expanded\MCXN947_Project\drivers/fsl_lptmr.h:193:20:LPTMR_EnableInterrupts	24	static
C:\PROJECTS\EMBEDDED\FINAL_PROJECT\OMNIROVER\MCXN947_Project.zip_expanded\MCXN947_Project\drivers/fsl_lptmr.h:280:20:LPTMR_ClearStatusFlags	16	static
C:\PROJECTS\EMBEDDED\FINAL_PROJECT\OMNIROVER\MCXN947_Project.zip_expanded\MCXN947_Project\drivers/fsl_lptmr.h:305:20:LPTMR_SetTimerPeriod	16	static
../source/TIMER_DRIVER.c:13:6:init_LPTMR_12MHz	24	static
../source/TIMER_DRIVER.c:44:6:LPTMR0_IRQHandler	8	static
../source/TIMER_DRIVER.c:55:6:LPTMR1_IRQHandler	8	static
../source/TIMER_DRIVER.c:68:6:lptmr_attach_callback	16	static
