20:11:09 **** Build of configuration Debug for project frdmmcxn947_lpspi_edma_b2b_transfer_master_cm33_core0 ****
make -r -j16 all 
Building file: ../utilities/str/fsl_str.c
Building file: ../utilities/debug_console_lite/fsl_debug_console.c
Building file: ../utilities/fsl_assert.c
Invoking: MCU C Compiler
Invoking: MCU C Compiler
arm-none-eabi-gcc -std=gnu99 -D__REDLIB__ -DCPU_MCXN947VDF -DCPU_MCXN947VDF_cm33 -DCPU_MCXN947VDF_cm33_core0 -DMCUXPRESSO_SDK -DSDK_DEBUGCONSOLE=1 -DMCUX_META_BUILD -DCR_INTEGER_PRINTF -DPRINTF_FLOAT_ENABLE=0 -D__MCUXPRESSO -D__USE_CMSIS -DDEBUG -I"C:\PROJECTS\EMBEDDED\FINAL_PROJECT\OMNIROVER\frdmmcxn947_lpspi_edma_b2b_transfer_master_cm33_core0\source" -I"C:\PROJECTS\EMBEDDED\FINAL_PROJECT\OMNIROVER\frdmmcxn947_lpspi_edma_b2b_transfer_master_cm33_core0\drivers" -I"C:\PROJECTS\EMBEDDED\FINAL_PROJECT\OMNIROVER\frdmmcxn947_lpspi_edma_b2b_transfer_master_cm33_core0\CMSIS" -I"C:\PROJECTS\EMBEDDED\FINAL_PROJECT\OMNIROVER\frdmmcxn947_lpspi_edma_b2b_transfer_master_cm33_core0\CMSIS\m-profile" -I"C:\PROJECTS\EMBEDDED\FINAL_PROJECT\OMNIROVER\frdmmcxn947_lpspi_edma_b2b_transfer_master_cm33_core0\device" -I"C:\PROJECTS\EMBEDDED\FINAL_PROJECT\OMNIROVER\frdmmcxn947_lpspi_edma_b2b_transfer_master_cm33_core0\device\periph" -I"C:\PROJECTS\EMBEDDED\FINAL_PROJECT\OMNIROVER\frdmmcxn947_lpspi_edma_b2b_transfer_master_cm33_core0\utilities" -I"C:\PROJECTS\EMBEDDED\FINAL_PROJECT\OMNIROVER\frdmmcxn947_lpspi_edma_b2b_transfer_master_cm33_core0\utilities\str" -I"C:\PROJECTS\EMBEDDED\FINAL_PROJECT\OMNIROVER\frdmmcxn947_lpspi_edma_b2b_transfer_master_cm33_core0\utilities\debug_console_lite" -I"C:\PROJECTS\EMBEDDED\FINAL_PROJECT\OMNIROVER\frdmmcxn947_lpspi_edma_b2b_transfer_master_cm33_core0\component\uart" -I"C:\PROJECTS\EMBEDDED\FINAL_PROJECT\OMNIROVER\frdmmcxn947_lpspi_edma_b2b_transfer_master_cm33_core0\board" -O0 -fno-common -g3 -gdwarf-4 -mcpu=cortex-m33 -c -ffunction-sections -fdata-sections -fno-builtin -imacros "C:\PROJECTS\EMBEDDED\FINAL_PROJECT\OMNIROVER\frdmmcxn947_lpspi_edma_b2b_transfer_master_cm33_core0\source\mcux_config.h" -fmerge-constants -fmacro-prefix-map="../utilities/str/"= -mcpu=cortex-m33 -mfpu=fpv5-sp-d16 -mfloat-abi=hard -mthumb -D__REDLIB__ -fstack-usage -specs=redlib.specs -MMD -MP -MF"utilities/str/fsl_str.d" -MT"utilities/str/fsl_str.o" -MT"utilities/str/fsl_str.d" -o "utilities/str/fsl_str.o" "../utilities/str/fsl_str.c"
Building file: ../utilities/fsl_memcpy.S
arm-none-eabi-gcc -std=gnu99 -D__REDLIB__ -DCPU_MCXN947VDF -DCPU_MCXN947VDF_cm33 -DCPU_MCXN947VDF_cm33_core0 -DMCUXPRESSO_SDK -DSDK_DEBUGCONSOLE=1 -DMCUX_META_BUILD -DCR_INTEGER_PRINTF -DPRINTF_FLOAT_ENABLE=0 -D__MCUXPRESSO -D__USE_CMSIS -DDEBUG -I"C:\PROJECTS\EMBEDDED\FINAL_PROJECT\OMNIROVER\frdmmcxn947_lpspi_edma_b2b_transfer_master_cm33_core0\source" -I"C:\PROJECTS\EMBEDDED\FINAL_PROJECT\OMNIROVER\frdmmcxn947_lpspi_edma_b2b_transfer_master_cm33_core0\drivers" -I"C:\PROJECTS\EMBEDDED\FINAL_PROJECT\OMNIROVER\frdmmcxn947_lpspi_edma_b2b_transfer_master_cm33_core0\CMSIS" -I"C:\PROJECTS\EMBEDDED\FINAL_PROJECT\OMNIROVER\frdmmcxn947_lpspi_edma_b2b_transfer_master_cm33_core0\CMSIS\m-profile" -I"C:\PROJECTS\EMBEDDED\FINAL_PROJECT\OMNIROVER\frdmmcxn947_lpspi_edma_b2b_transfer_master_cm33_core0\device" -I"C:\PROJECTS\EMBEDDED\FINAL_PROJECT\OMNIROVER\frdmmcxn947_lpspi_edma_b2b_transfer_master_cm33_core0\device\periph" -I"C:\PROJECTS\EMBEDDED\FINAL_PROJECT\OMNIROVER\frdmmcxn947_lpspi_edma_b2b_transfer_master_cm33_core0\utilities" -I"C:\PROJECTS\EMBEDDED\FINAL_PROJECT\OMNIROVER\frdmmcxn947_lpspi_edma_b2b_transfer_master_cm33_core0\utilities\str" -I"C:\PROJECTS\EMBEDDED\FINAL_PROJECT\OMNIROVER\frdmmcxn947_lpspi_edma_b2b_transfer_master_cm33_core0\utilities\debug_console_lite" -I"C:\PROJECTS\EMBEDDED\FINAL_PROJECT\OMNIROVER\frdmmcxn947_lpspi_edma_b2b_transfer_master_cm33_core0\component\uart" -I"C:\PROJECTS\EMBEDDED\FINAL_PROJECT\OMNIROVER\frdmmcxn947_lpspi_edma_b2b_transfer_master_cm33_core0\board" -O0 -fno-common -g3 -gdwarf-4 -mcpu=cortex-m33 -c -ffunction-sections -fdata-sections -fno-builtin -imacros "C:\PROJECTS\EMBEDDED\FINAL_PROJECT\OMNIROVER\frdmmcxn947_lpspi_edma_b2b_transfer_master_cm33_core0\source\mcux_config.h" -fmerge-constants -fmacro-prefix-map="../utilities/debug_console_lite/"= -mcpu=cortex-m33 -mfpu=fpv5-sp-d16 -mfloat-abi=hard -mthumb -D__REDLIB__ -fstack-usage -specs=redlib.specs -MMD -MP -MF"utilities/debug_console_lite/fsl_debug_console.d" -MT"utilities/debug_console_lite/fsl_debug_console.o" -MT"utilitInvoking: MCU C Compiler
ies/debug_console_lite/fsl_debug_console.d" -o "utilities/debug_console_lite/fsl_debug_console.o" "../utilities/debug_console_lite/fsl_debug_console.c"
arm-none-eabi-gcc -std=gnu99 -D__REDLIB__ -DCPU_MCXN947VDF -DCPU_MCXN947VDF_cm33 -DCPU_MCXN947VDF_cm33_core0 -DMCUXPRESSO_SDK -DSDK_DEBUGCONSOLE=1 -DMCUX_META_BUILD -DCR_INTEGER_PRINTF -DPRINTF_FLOAT_ENABLE=0 -D__MCUXPRESSO -D__USE_CMSIS -DDEBUG -I"C:\PROJECTS\EMBEDDED\FINAL_PROJECT\OMNIROVER\frdmmcxn947_lpspi_edma_b2b_transfer_master_cm33_core0\source" -I"C:\PROJECTS\EMBEDDED\FINAL_PROJECT\OMNIROVER\frdmmcxn947_lpspi_edma_b2b_transfer_master_cm33_core0\drivers" -I"C:\PROJECTS\EMBEDDED\FINAL_PROJECT\OMNIROVER\frdmmcxn947_lpspi_edma_b2b_transfer_master_cm33_core0\CMSIS" -I"C:\PROJECTS\EMBEDDED\FINAL_PROJECT\OMNIROVER\frdmmcxn947_lpspi_edma_b2b_transfer_master_cm33_core0\CMSIS\m-profile" -I"C:\PROJECTS\EMBEDDED\FINAL_PROJECT\OMNIROVER\frdmmcxn947_lpspi_edma_b2b_transfer_master_cm33_core0\device" -I"C:\PROJECTS\EMBEDDED\FINAL_PROJECT\OMNIROVER\frdmmcxn947_lpspi_edma_b2b_transfer_master_cm33_core0\device\periph" -I"C:\PROJECTS\EMBEDDED\FINAL_PROJECT\OMNIROVER\frdmmcxn947_lpspi_edma_b2b_transfer_master_cm33_core0\utilities" -I"C:\PROJECTS\EMBEDDED\FINAL_PROJECT\OMNIROVER\frdmmcxn947_lpspi_edma_b2b_transfer_master_cm33_core0\utilities\str" -I"C:\PROJECTS\EMBEDDED\FINAL_PROJECT\OMNIROVER\frdmmcxn947_lpspi_edma_b2b_transfer_master_cm33_core0\utilities\debug_console_lite" -I"C:\PROJECTS\EMBEDDED\FINAL_PROJECT\OMNIROVER\frdmmcxn947_lpspi_edma_b2b_transfer_master_cm33_core0\component\uart" -I"C:\PROJECTS\EMBEDDED\FINAL_PROJECT\OMNIROVER\frdmmcxn947_lpspi_edma_b2b_transfer_master_cm33_core0\board" -O0 -fno-common -g3 -gdwarf-4 -mcpu=cortex-m33 -c -ffunction-sections -fdata-sections -fno-builtin -imacros "C:\PROJECTS\EMBEDDED\FINAL_PROJECT\OMNIROVER\frdmmcxn947_lpspi_edma_b2b_transfer_master_cm33_core0\source\mcux_config.h" -fmerge-constants -fmacro-prefix-map="../utilities/"= -mcpu=cortex-m33 -mfpu=fpv5-sp-d16 -mfloat-abi=hard -mthumb -D__REDLIB__ -fstack-usage -specs=redlib.specs -MMD -MP -MF"utilities/fsl_assert.d" -MT"utilities/fsl_assert.o" -MT"utilities/fsl_assert.d" -o "utilities/fsl_assert.o" "../utilities/fsl_assert.c"
Invoking: MCU Assembler
arm-none-eabi-gcc -c -x assembler-with-cpp -D__REDLIB__ -I"C:\PROJECTS\EMBEDDED\FINAL_PROJECT\OMNIROVER\frdmmcxn947_lpspi_edma_b2b_transfer_master_cm33_core0\source" -I"C:\PROJECTS\EMBEDDED\FINAL_PROJECT\OMNIROVER\frdmmcxn947_lpspi_edma_b2b_transfer_master_cm33_core0\drivers" -I"C:\PROJECTS\EMBEDDED\FINAL_PROJECT\OMNIROVER\frdmmcxn947_lpspi_edma_b2b_transfer_master_cm33_core0\CMSIS" -I"C:\PROJECTS\EMBEDDED\FINAL_PROJECT\OMNIROVER\frdmmcxn947_lpspi_edma_b2b_transfer_master_cm33_core0\CMSIS\m-profile" -I"C:\PROJECTS\EMBEDDED\FINAL_PROJECT\OMNIROVER\frdmmcxn947_lpspi_edma_b2b_transfer_master_cm33_core0\device" -I"C:\PROJECTS\EMBEDDED\FINAL_PROJECT\OMNIROVER\frdmmcxn947_lpspi_edma_b2b_transfer_master_cm33_core0\device\periph" -I"C:\PROJECTS\EMBEDDED\FINAL_PROJECT\OMNIROVER\frdmmcxn947_lpspi_edma_b2b_transfer_master_cm33_core0\utilities" -I"C:\PROJECTS\EMBEDDED\FINAL_PROJECT\OMNIROVER\frdmmcxn947_lpspi_edma_b2b_transfer_master_cm33_core0\utilities\str" -I"C:\PROJECTS\EMBEDDED\FINAL_PROJECT\OMNIROVER\frdmmcxn947_lpspi_edma_b2b_transfer_master_cm33_core0\utilities\debug_console_lite" -I"C:\PROJECTS\EMBEDDED\FINAL_PROJECT\OMNIROVER\frdmmcxn947_lpspi_edma_b2b_transfer_master_cm33_core0\component\uart" -g3 -gdwarf-4 -mcpu=cortex-m33 -mfpu=fpv5-sp-d16 -mfloat-abi=hard -mthumb -D__REDLIB__ -specs=redlib.specs -o "utilities/fsl_memcpy.o" "../utilities/fsl_memcpy.S"
Building file: ../startup/boot_multicore_slave.c
Building file: ../startup/startup_mcxn947_cm33_core0.c
Building file: ../source/lpspi_edma_b2b_transfer_master.c
Invoking: MCU C Compiler
Building file: ../source/semihost_hardfault.c
Invoking: MCU C Compiler
arm-none-eabi-gcc -std=gnu99 -D__REDLIB__ -DCPU_MCXN947VDF -DCPU_MCXN947VDF_cm33 -DCPU_MCXN947VDF_cm33_core0 -DMCUXPRESSO_SDK -DSDK_DEBUGCONSOLE=1 -DMCUX_META_BUILD -DCR_INTEGER_PRINTF -DPRINTF_FLOAT_ENABLE=0 -D__MCUXPRESSO -D__USE_CMSIS -DDEBUG -I"C:\PROJECTS\EMBEDDED\FINAL_PROJECT\OMNIROVER\frdmmcxn947_lpspi_edma_b2b_transfer_master_cm33_core0\source" -I"C:\PROJECTS\EMBEDDED\FINAL_PROJECT\OMNIROVER\frdmmcxn947_lpspi_edma_b2b_transfer_master_cm33_core0\drivers" -I"C:\PROJECTS\EMBEDDED\FINAL_PROJECT\OMNIROVER\frdmmcxn947_lpspi_edma_b2b_transfer_master_cm33_core0\CMSIS" -I"C:\PROJECTS\EMBEDDED\FINAL_PROJECT\OMNIROVER\frdmmcxn947_lpspi_edma_b2b_transfer_master_cm33_core0\CMSIS\m-profile" -I"C:\PROJECTS\EMBEDDED\FINAL_PROJECT\OMNIROVER\frdmmcxn947_lpspi_edma_b2b_transfer_master_cm33_core0\device" -I"C:\PROJECTS\EMBEDDED\FINAL_PROJECT\OMNIROVER\frdmmcxn947_lpspi_edma_b2b_transfer_master_cm33_core0\device\periph" -I"C:\PROJECTS\EMBEDDED\FINAL_PROJECT\OMNIROVER\frdmmcxn947_lpspi_edma_b2b_transfer_master_cm33_core0\utilities" -I"C:\PROJECTS\EMBEDDED\FINAL_PROJECT\OMNIROVER\frdmmcxn947_lpspi_edma_b2b_transfer_master_cm33_core0\utilities\str" -I"C:\PROJECTS\EMBEDDED\FINAL_PROJECT\OMNIROVER\frdmmcxn947_lpspi_edma_b2b_transfer_master_cm33_core0\utilities\debug_console_lite" -I"C:\PROJECTS\EMBEDDED\FINAL_PROJECT\OMNIROVER\frdmmcxn947_lpspi_edma_b2b_transfer_master_cm33_core0\component\uart" -I"C:\PROJECTS\EMBEDDED\FINAL_PROJECT\OMNIROVER\frdmmcxn947_lpspi_edma_b2b_transfer_master_cm33_core0\board" -O0 -fno-common -g3 -gdwarf-4 -mcpu=cortex-m33 -c -ffunction-sections -fdata-sections -fno-builtin -imacros "C:\PROJECTS\EMBEDDED\FINAL_PROJECT\OMNIROVER\frdmmcxn947_lpspi_edma_b2b_transfer_master_cm33_core0\source\mcux_config.h" -fmerge-constants -fmacro-prefix-map="../startup/"= -mcpu=cortex-m33 -mfpu=fpv5-sp-d16 -mfloat-abi=hard -mthumb -D__REDLIB__ -fstack-usage -specs=redlib.specs -MMD -MP -MF"startup/boot_multicore_slave.d" -MT"startup/boot_multicore_slave.o" -MT"startup/boot_multicore_slave.d" -o "startup/boot_multicore_slave.o" "../startup/boot_multicore_slave.c"
Building file: ../drivers/fsl_clock.c
Invoking: MCU C Compiler
arm-none-eabi-gcc -std=gnu99 -D__REDLIB__ -DCPU_MCXN947VDF -DCPU_MCXN947VDF_cm33 -DCPU_MCXN947VDF_cm33_core0 -DMCUXPRESSO_SDK -DSDK_DEBUGCONSOLE=1 -DMCUX_META_BUILD -DCR_INTEGER_PRINTF -DPRINTF_FLOAT_ENABLE=0 -D__MCUXPRESSO -D__USE_CMSIS -DDEBUG -I"C:\PROJECTS\EMBEDDED\FINAL_PROJECT\OMNIROVER\frdmmcxn947_lpspi_edma_b2b_transfer_master_cm33_core0\source" -I"C:\PROJECTS\EMBEDDED\FINAL_PROJECT\OMNIROVER\frdmmcxn947_lpspi_edma_b2b_transfer_master_cm33_core0\drivers" -I"C:\PROJECTS\EMBEDDED\FINAL_PROJECT\OMNIROVER\frdmmcxn947_lpspi_edma_b2b_transfer_master_cm33_core0\CMSIS" -I"C:\PROJECTS\EMBEDDED\FINAL_PROJECT\OMNIROVER\frdmmcxn947_lpspi_edma_b2b_transfer_master_cm33_core0\CMSIS\m-profile" -I"C:\PROJECTS\EMBEDDED\FINAL_PROJECT\OMNIROVER\frdmmcxn947_lpspi_edma_b2b_transfer_master_cm33_core0\device" -I"C:\PROJECTS\EMBEDDED\FINAL_PROJECT\OMNIROVER\frdmmcxn947_lpspi_edma_b2b_transfer_master_cm33_core0\device\periph" -I"C:\PROJECTS\EMBEDDED\FINAL_PROJECT\OMNIROVER\frdmmcxn947_lpspi_edma_b2b_transfer_master_cm33_core0\utilities" -I"C:\PROJECTS\EMBEDDED\FINAL_PROJECT\OMNIROVER\frdmmcxn947_lpspi_edma_b2b_transfer_master_cm33_core0\utilities\str" -I"C:\PROJECTS\EMBEDDED\FINAL_PROJECT\OMNIROVER\frdmmcxn947_lpspi_edma_b2b_transfer_master_cm33_core0\utilities\debug_console_lite" -I"C:\PROJECTS\EMBEDDED\FINAL_PROJECT\OMNIROVER\frdmmcxn947_lpspi_edma_b2b_transfer_master_cm33_core0\component\uart" -I"C:\PROJECTS\EMBEDDED\FINAL_PROJECT\OMNIROVER\frdmmcxn947_lpspi_edma_b2b_transfer_master_cm33_core0\board" -O0 -fno-common -g3 -gdwarf-4 -mcpu=cortex-m33 -c -ffunction-sections -fdata-sections -fno-builtin -imacros "C:\PROJECTS\EMBEDDED\FINAL_PROJECT\OMNIROVER\frdmmcxn947_lpspi_edma_b2b_transfer_master_cm33_core0\source\mcux_config.h" -fmerge-constants -fmacro-prefix-map="../startup/"= -mcpu=cortex-m33 -mfpu=fpv5-sp-d16 -mfloat-abi=hard -mthumb -D__REDLIB__ -fstack-usage -specs=redlib.specs -MMD -MP -MF"startup/startup_mcxn947_cm33_core0.d" -MT"startup/startup_mcxn947_cm33_core0.o" -MT"startup/startup_mcxn947_cm33_core0.d" -o "startup/startup_mcxn947_cm33_core0.o" "../startup/startup_mcxn947_cm33_core0.c"
Invoking: MCU C Compiler
arm-none-eabi-gcc -std=gnu99 -D__REDLIB__ -DCPU_MCXN947VDF -DCPU_MCXN947VDF_cm33 -DCPU_MCXN947VDF_cm33_core0 -DMCUXPRESSO_SDK -DSDK_DEBUGCONSOLE=1 -DMCUX_META_BUILD -DCR_INTEGER_PRINTF -DPRINTF_FLOAT_ENABLE=0 -D__MCUXPRESSO -D__USE_CMSIS -DDEBUG -I"C:\PROJECTS\EMBEDDED\FINAL_PROJECT\OMNIROVER\frdmmcxn947_lpspi_edma_b2b_transfer_master_cm33_core0\source" -I"C:\PROJECTS\EMBEDDED\FINAL_PROJECT\OMNIROVER\frdmmcxn947_lpspi_edma_b2b_transfer_master_cm33_core0\drivers" -I"C:\PROJECTS\EMBEDDED\FINAL_PROJECT\OMNIROVER\frdmmcxn947_lpspi_edma_b2b_transfer_master_cm33_core0\CMSIS" -I"C:\PROJECTS\EMBEDDED\FINAL_PROJECT\OMNIROVER\frdmmcxn947_lpspi_edma_b2b_transfer_master_cm33_core0\CMSIS\m-profile" -I"C:\PROJECTS\EMBEDDED\FINAL_PROJECT\OMNIROVER\frdmmcxn947_lpspi_edma_b2b_transfer_master_cm33_core0\device" -I"C:\PROJECTS\EMBEDDED\FINAL_PROJECT\OMNIROVER\frdmmcxn947_lpspi_edma_b2b_transfer_master_cm33_core0\device\periph" -I"C:\PROJECTS\EMBEDDED\FINAL_PROJECT\OMNIROVER\frdmmcxn947_lpspi_edma_b2b_transfer_master_cm33_core0\utilities" -I"C:\PROJECTS\EMBEDDED\FINAL_PROJECT\OMNIROVER\frdmmcxn947_lpspi_edma_b2b_transfer_master_cm33_core0\utilities\str" -I"C:\PROJECTS\EMBEDDED\FINAL_PROJECT\OMNIROVER\frdmmcxn947_lpspi_edma_b2b_transfer_master_cm33_core0\utilities\debug_console_lite" -I"C:\PROJECTS\EMBEDDED\FINAL_PROJECT\OMNIROVER\frdmmcxn947_lpspi_edma_b2b_transfer_master_cm33_core0\component\uart" -I"C:\PROJECTS\EMBEDDED\FINAL_PROJECT\OMNIROVER\frdmmcxn947_lpspi_edma_b2b_transfer_master_cm33_core0\board" -O0 -fno-common -g3 -gdwarf-4 -mcpu=cortex-m33 -c -ffunction-sections -fdata-sections -fno-builtin -imacros "C:\PROJECTS\EMBEDDED\FINAL_PROJECT\OMNIROVER\frdmmcxn947_lpspi_edma_b2b_transfer_master_cm33_core0\source\mcux_config.h" -fmerge-constants -fmacro-prefix-map="../source/"= -mcpu=cortex-m33 -mfpu=fpv5-sp-d16 -mfloat-abi=hard -mthumb -D__REDLIB__ -fstack-usage -specs=redlib.specs -MMD -MP -MF"source/lpspi_edma_b2b_transfer_master.d" -MT"source/lpspi_edma_b2b_transfer_master.o" -MT"source/lpspi_edma_b2b_transfer_master.d" -o "source/lpspi_edma_b2b_transfer_master.o" "../source/lpspi_edma_b2b_transfer_master.c"
arm-none-eabi-gcc -std=gnu99 -D__REDLIB__ -DCPU_MCXN947VDF -DCPU_MCXN947VDF_cm33 -DCPU_MCXN947VDF_cm33_core0 -DMCUXPRESSO_SDK -DSDK_DEBUGCONSOLE=1 -DMCUX_META_BUILD -DCR_INTEGER_PRINTF -DPRINTF_FLOAT_ENABLE=0 -D__MCUXPRESSO -D__USE_CMSIS -DDEBUG -I"C:\PROJECTS\EMBEDDED\FINAL_PROJECT\OMNIROVER\frdmmcxn947_lpspi_edma_b2b_transfer_master_cm33_core0\source" -I"C:\PROJECTS\EMBEDDED\FINAL_PROJECT\OMNIROVER\frdmmcxn947_lpspi_edma_b2b_transfer_master_cm33_core0\drivers" -I"C:\PROJECTS\EMBEDDED\FINAL_PROJECT\OMNIROVER\frdmmcxn947_lpspi_edma_b2b_transfer_master_cm33_core0\CMSIS" -I"C:\PROJECTS\EMBEDDED\FINAL_PROJECT\OMNIROVER\frdmmcxn947_lpspi_edma_b2b_transfer_master_cm33_core0\CMSIS\m-profile" -I"C:\PROJECTS\EMBEDDED\FINAL_PROJECT\OMNIROVER\frdmmcxn947_lpspi_edma_b2b_transfer_master_cm33_core0\device" -I"C:\PROJECTS\EMBEDDED\FINAL_PROJECT\OMNIROVER\frdmmcxn947_lpspi_edma_b2b_transfer_master_cm33_core0\device\periph" -I"C:\PROJECTS\EMBEDDED\FINAL_PROJECT\OMNIROVER\frdmmcxn947_lpspi_edma_b2b_transfer_master_cm33_core0\utilities" -I"C:\PROJECTS\EMBEDDED\FINAL_PROJECT\OMNIROVER\frdmmcxn947_lpspi_edma_b2b_transfer_master_cm33_core0\utilities\str" -I"C:\PROJECTS\EMBEDDED\FINAL_PROJECT\OMNIROVER\frdmmcxn947_lpspi_edma_b2b_transfer_master_cm33_core0\utilities\debug_console_lite" -I"C:\PROJECTS\EMBEDDED\FINAL_PROJECT\OMNIROVER\frdmmcxn947_lpspi_edma_b2b_transfer_master_cm33_core0\component\uart" -I"C:\PROJECTS\EMBEDDED\FINAL_PROJECT\OMNIROVER\frdmmcxn947_lpspi_edma_b2b_transfer_master_cm33_core0\board" -O0 -fno-common -g3 -gdwarf-4 -mcpu=cortex-m33 -c -ffunction-sections -fdata-sections -fno-builtin -imacros "C:\PROJECTS\EMBEDDED\FINAL_PROJECT\OMNIROVER\frdmmcxn947_lpspi_edma_b2b_transfer_master_cm33_core0\source\mcux_config.h" -fmerge-constants -fmacro-prefix-map="../source/"= -mcpu=cortex-m33 -mfpu=fpv5-sp-d16 -mfloat-abi=hard -mthumb -D__REDLIB__ -fstack-usage -specs=redlib.specs -MMD -MP -MF"source/semihost_hardfault.d" -MT"source/semihost_hardfault.o" -MT"source/semihost_hardfault.d" -o "source/semihost_hardfault.o" "../source/semihost_hardfault.c"
Invoking: MCU C Compiler
arm-none-eabi-gcc -std=gnu99 -D__REDLIB__ -DCPU_MCXN947VDF -DCPU_MCXN947VDF_cm33 -DCPU_MCXN947VDF_cm33_core0 -DMCUXPRESSO_SDK -DSDK_DEBUGCONSOLE=1 -DMCUX_META_BUILD -DCR_INTEGER_PRINTF -DPRINTF_FLOAT_ENABLE=0 -D__MCUXPRESSO -D__USE_CMSIS -DDEBUG -I"C:\PROJECTS\EMBEDDED\FINAL_PROJECT\OMNIROVER\frdmmcxn947_lpspi_edma_b2b_transfer_master_cm33_core0\source" -I"C:\PROJECTS\EMBEDDED\FINAL_PROJECT\OMNIROVER\frdmmcxn947_lpspi_edma_b2b_transfer_master_cm33_core0\drivers" -I"C:\PROJECTS\EMBEDDED\FINAL_PROJECT\OMNIROVER\frdmmcxn947_lpspi_edma_b2b_transfer_master_cm33_core0\CMSIS" -I"C:\PROJECTS\EMBEDDED\FINAL_PROJECT\OMNIROVER\frdmmcxn947_lpspi_edma_b2b_transfer_master_cm33_core0\CMSIS\m-profile" -I"C:\PROJECTS\EMBEDDED\FINAL_PROJECT\OMNIROVER\frdmmcxn947_lpspi_edma_b2b_transfer_master_cm33_core0\device" -I"C:\PROJECTS\EMBEDDED\FINAL_PROJECT\OMNIROVER\frdmmcxn947_lpspi_edma_b2b_transfer_master_cm33_core0\device\periph" -I"C:\PROJECTS\EMBEDDED\FINAL_PROJECT\OMNIROVER\frdmmcxn947_lpspi_edma_b2b_transfer_master_cm33_core0\utilities" -I"C:\PROJECTS\EMBEDDED\FINAL_PROJECT\OMNIROVER\frdmmcxn947_lpspi_edma_b2b_transfer_master_cm33_core0\utilities\str" -I"C:\PROJECTS\EMBEDDED\FINAL_PROJECT\OMNIROVER\frdmmcxn947_lpspi_edma_b2b_transfer_master_cm33_core0\utilities\debug_console_lite" -I"C:\PROJECTS\EMBEDDED\FINAL_PROJECT\OMNIROVER\frdmmcxn947_lpspi_edma_b2b_transfer_master_cm33_core0\component\uart" -I"C:\PROJECTS\EMBEDDED\FINAL_PROJECT\OMNIROVER\frdmmcxn947_lpspi_edma_b2b_transfer_master_cm33_core0\board" -O0 -fno-common -g3 -gdwarf-4 -mcpu=cortex-m33 -c -ffunction-sections -fdata-sections -fno-builtin -imacros "C:\PROJECTS\EMBEDDED\FINAL_PROJECT\OMNIROVER\frdmmcxn947_lpspi_edma_b2b_transfer_master_cm33_core0\source\mcux_config.h" -fmerge-constants -fmacro-prefix-map="../drivers/"= -mcpu=cortex-m33 -mfpu=fpv5-sp-d16 -mfloat-abi=hard -mthumb -D__REDLIB__ -fstack-usage -specs=redlib.specs -MMD -MP -MF"drivers/fsl_clock.d" -MT"drivers/fsl_clock.o" -MT"drivers/fsl_clock.d" -o "drivers/fsl_clock.o" "../drivers/fsl_clock.c"
Building file: ../drivers/fsl_common.c
Building file: ../drivers/fsl_common_arm.c
Building file: ../drivers/fsl_edma.c
Building file: ../drivers/fsl_edma_soc.c
Invoking: MCU C Compiler
Building file: ../drivers/fsl_gpio.c
arm-none-eabi-gcc -std=gnu99 -D__REDLIB__ -DCPU_MCXN947VDF -DCPU_MCXN947VDF_cm33 -DCPU_MCXN947VDF_cm33_core0 -DMCUXPRESSO_SDK -DSDK_DEBUGCONSOLE=1 -DMCUX_META_BUILD -DCR_INTEGER_PRINTF -DPRINTF_FLOAT_ENABLE=0 -D__MCUXPRESSO -D__USE_CMSIS -DDEBUG -I"C:\PROJECTS\EMBEDDED\FINAL_PROJECT\OMNIROVER\frdmmcxn947_lpspi_edma_b2b_transfer_master_cm33_core0\source" -I"C:\PROJECTS\EMBEDDED\FINAL_PROJECT\OMNIROVER\frdmmcxn947_lpspi_edma_b2b_transfer_master_cm33_core0\drivers" -I"C:\PROJECTS\EMBEDDED\FINAL_PROJECT\OMNIROVER\frdmmcxn947_lpspi_edma_b2b_transfer_master_cm33_core0\CMSIS" -I"C:\PROJECTS\EMBEDDED\FINAL_PROJECT\OMNIROVER\frdmmcxn947_lpspi_edma_b2b_transfer_master_cm33_core0\CMSIS\m-profile" -I"C:\PROJECTS\EMBEDDED\FINAL_PROJECT\OMNIROVER\frdmmcxn947_lpspi_edma_b2b_transfer_master_cm33_core0\device" -I"C:\PROJECTS\EMBEDDED\FINAL_PROJECT\OMNIROVER\frdmmcxn947_lpspi_edma_b2b_transfer_master_cm33_core0\device\periph" -I"C:\PROJECTS\EMBEDDED\FINAL_PROJECT\OMNIROVER\frdmmcxn947_lpspi_edma_b2b_transfer_master_cm33_core0\utilities" -I"C:\PROJECTS\EMBEDDED\FINAL_PROJECT\OMNIROVER\frdmmcxn947_lpspi_edma_b2b_transfer_master_cm33_core0\utilities\str" -I"C:\PROJECTS\EMBEDDED\FINAL_PROJECT\OMNIROVER\frdmmcxn947_lpspi_edma_b2b_transfer_master_cm33_core0\utilities\debug_console_lite" -I"C:\PROJECTS\EMBEDDED\FINAL_PROJECT\OMNIROVER\frdmmcxn947_lpspi_edma_b2b_transfer_master_cm33_core0\component\uart" -I"C:\PROJECTS\EMBEDDED\FINAL_PROJECT\OMNIROVER\frdmmcxn947_lpspi_edma_b2b_transfer_master_cm33_core0\board" -O0 -fno-common -g3 -gdwarf-4 -mcpu=cortex-m33 -c -ffunction-sections -fdata-sections -fno-builtin -imacros "C:\PROJECTS\EMBEDDED\FINAL_PROJECT\OMNIROVER\frdmmcxn947_lpspi_edma_b2b_transfer_master_cm33_core0\source\mcux_config.h" -fmerge-constants -fmacro-prefix-map="../drivers/"= -mcpu=cortex-m33 -mfpu=fpv5-sp-d16 -mfloat-abi=hard -mthumb -D__REDLIB__ -fstack-usage -specs=redlib.specs -MMD -MP -MF"drivers/fsl_common.d" -MT"drivers/fsl_common.o" -MT"drivers/fsl_common.d" -o "drivers/fsl_common.o" "../drivers/fsl_common.c"
Invoking: MCU C Compiler
arm-none-eabi-gcc -std=gnu99 -D__REDLIB__ -DCPU_MCXN947VDF -DCPU_MCXN947VDF_cm33 -DCPU_MCXN947VDF_cm33_core0 -DMCUXPRESSO_SDK -DSDK_DEBUGCONSOLE=1 -DMCUX_META_BUILD -DCR_INTEGER_PRINTF -DPRINTF_FLOAT_ENABLE=0 -D__MCUXPRESSO -D__USE_CMSIS -DDEBUG -I"C:\PROJECTS\EMBEDDED\FINAL_PROJECT\OMNIROVER\frdmmcxn947_lpspi_edma_b2b_transfer_master_cm33_core0\source" -I"C:\PROJECTS\EMBEDDED\FINAL_PROJECT\OMNIROVER\frdmmcxn947_lpspi_edma_b2b_transfer_master_cm33_core0\drivers" -I"C:\PROJECTS\EMBEDDED\FINAL_PROJECT\OMNIROVER\frdmmcxn947_lpspi_edma_b2b_transfer_master_cm33_core0\CMSIS" -I"C:\PROJECTS\EMBEDDED\FINAL_PROJECT\OMNIROVER\frdmmcxn947_lpspi_edma_b2b_transfer_master_cm33_core0\CMSIS\m-profile" -I"C:\PROJECTS\EMBEDDED\FINAL_PROJECT\OMNIROVER\frdmmcxn947_lpspi_edma_b2b_transfer_master_cm33_core0\device" -I"C:\PROJECTS\EMBEDDED\FINAL_PROJECT\OMNIROVER\frdmmcxn947_lpspi_edma_b2b_transfer_master_cm33_core0\device\periph" -I"C:\PROJECTS\EMBEDDED\FINAL_PROJECT\OMNIROVER\frdmmcxn947_lpspi_edma_b2b_transfer_master_cm33_core0\utilities" -I"C:\PROJECTS\EMBEDDED\FINAL_PROJECT\OMNIROVER\frdmmcxn947_lpspi_edma_b2b_transfer_master_cm33_core0\utilities\str" -I"C:\PROJECTS\EMBEDDED\FINAL_PROJECT\OMNIROVER\frdmmcxn947_lpspi_edma_b2b_transfer_master_cm33_core0\utilities\debug_console_lite" -I"C:\PROJECTS\EMBEDDED\FINAL_PROJECT\OMNIROVER\frdmmcxn947_lpspi_edma_b2b_transfer_master_cm33_core0\component\uart" -I"C:\PROJECTS\EMBEDDED\FINAL_PROJECT\OMNIROVER\frdmmcxn947_lpspi_edma_b2b_transfer_master_cm33_core0\board" -O0 -fno-common -g3 -gdwarf-4 -mcpu=cortex-m33 -c -ffunction-sections -fdata-sections -fno-builtin -imacros "C:\PROJECTS\EMBEDDED\FINAL_PROJECT\OMNIROVER\frdmmcxn947_lpspi_edma_b2b_transfer_master_cm33_core0\source\mcux_config.h" -fmerge-constants -fmacro-prefix-map="../drivers/"= -mcpu=cortex-m33 -mfpu=fpv5-sp-d16 -mfloat-abi=hard -mthumb -D__REDLIB__ -fstack-usage -specs=redlib.specs -MMD -MP -MF"drivers/fsl_common_arm.d" -MT"drivers/fsl_common_arm.o" -MT"drivers/fsl_common_arm.d" -o "drivers/fsl_common_arm.o" "../drivers/fsl_common_arm.c"
Invoking: MCU C Compiler
Building file: ../drivers/fsl_lpflexcomm.c
arm-none-eabi-gcc -std=gnu99 -D__REDLIB__ -DCPU_MCXN947VDF -DCPU_MCXN947VDF_cm33 -DCPU_MCXN947VDF_cm33_core0 -DMCUXPRESSO_SDK -DSDK_DEBUGCONSOLE=1 -DMCUX_META_BUILD -DCR_INTEGER_PRINTF -DPRINTF_FLOAT_ENABLE=0 -D__MCUXPRESSO -D__USE_CMSIS -DDEBUG -I"C:\PROJECTS\EMBEDDED\FINAL_PROJECT\OMNIROVER\frdmmcxn947_lpspi_edma_b2b_transfer_master_cm33_core0\source" -I"C:\PROJECTS\EMBEDDED\FINAL_PROJECT\OMNIROVER\frdmmcxn947_lpspi_edma_b2b_transfer_master_cm33_core0\drivers" -I"C:\PROJECTS\EMBEDDED\FINAL_PROJECT\OMNIROVER\frdmmcxn947_lpspi_edma_b2b_transfer_master_cm33_core0\CMSIS" -I"C:\PROJECTS\EMBEDDED\FINAL_PROJECT\OMNIROVER\frdmmcxn947_lpspi_edma_b2b_transfer_master_cm33_core0\CMSIS\m-profile" -I"C:\PROJECTS\EMBEDDED\FINAL_PROJECT\OMNIROVER\frdmmcxn947_lpspi_edma_b2b_transfer_master_cm33_core0\device" -I"C:\PROJECTS\EMBEDDED\FINAL_PROJECT\OMNIROVER\frdmmcxn947_lpspi_edma_b2b_transfer_master_cm33_core0\device\periph" -I"C:\PROJECTS\EMBEDDED\FINAL_PROJECT\OMNIROVER\frdmmcxn947_lpspi_edma_b2b_transfer_master_cm33_core0\utilities" -I"C:\PROJECTS\EMBEDDED\FINAL_PROJECT\OMNIROVER\frdmmcxn947_lpspi_edma_b2b_transfer_master_cm33_core0\utilities\str" -I"C:\PROJECTS\EMBEDDED\FINAL_PROJECT\OMNIROVER\frdmmcxn947_lpspi_edma_b2b_transfer_master_cm33_core0\utilities\debug_console_lite" -I"C:\PROJECTS\EMBEDDED\FINAL_PROJECT\OMNIROVER\frdmmcxn947_lpspi_edma_b2b_transfer_master_cm33_core0\component\uart" -I"C:\PROJECTS\EMBEDDED\FINAL_PROJECT\OMNIROVER\frdmmcxn947_lpspi_edma_b2b_transfer_master_cm33_core0\board" -O0 -fno-common -g3 -gdwarf-4 -mcpu=cortex-m33 -c -ffunction-sections -fdata-sections -fno-builtin -imacros "C:\PROJECTS\EMBEDDED\FINAL_PROJECT\OMNIROVER\frdmmcxn947_lpspi_edma_b2b_transfer_master_cm33_core0\source\mcux_config.h" -fmerge-constants -fmacro-prefix-map="../drivers/"= -mcpu=cortex-m33 -mfpu=fpv5-sp-d16 -mfloat-abi=hard -mthumb -D__REDLIB__ -fstack-usage -specs=redlib.specs -MMD -MP -MF"drivers/fsl_edma.d" -MT"drivers/fsl_edma.o" -MT"drivers/fsl_edma.d" -o "drivers/fsl_edma.o" "../drivers/fsl_edma.c"
Invoking: MCU C Compiler
arm-none-eabi-gcc -std=gnu99 -D__REDLIB__ -DCPU_MCXN947VDF -DCPU_MCXN947VDF_cm33 -DCPU_MCXN947VDF_cm33_core0 -DMCUXPRESSO_SDK -DSDK_DEBUGCONSOLE=1 -DMCUX_META_BUILD -DCR_INTEGER_PRINTF -DPRINTF_FLOAT_ENABLE=0 -D__MCUXPRESSO -D__USE_CMSIS -DDEBUG -I"C:\PROJECTS\EMBEDDED\FINAL_PROJECT\OMNIROVER\frdmmcxn947_lpspi_edma_b2b_transfer_master_cm33_core0\source" -I"C:\PROJECTS\EMBEDDED\FINAL_PROJECT\OMNIROVER\frdmmcxn947_lpspi_edma_b2b_transfer_master_cm33_core0\drivers" -I"C:\PROJECTS\EMBEDDED\FINAL_PROJECT\OMNIROVER\frdmmcxn947_lpspi_edma_b2b_transfer_master_cm33_core0\CMSIS" -I"C:\PROJECTS\EMBEDDED\FINAL_PROJECT\OMNIROVER\frdmmcxn947_lpspi_edma_b2b_transfer_master_cm33_core0\CMSIS\m-profile" -I"C:\PROJECTS\EMBEDDED\FINAL_PROJECT\OMNIROVER\frdmmcxn947_lpspi_edma_b2b_transfer_master_cm33_core0\device" -I"C:\PROJECTS\EMBEDDED\FINAL_PROJECT\OMNIROVER\frdmmcxn947_lpspi_edma_b2b_transfer_master_cm33_core0\device\periph" -I"C:\PROJECTS\EMBEDDED\FINAL_PROJECT\OMNIROVER\frdmmcxn947_lpspi_edma_b2b_transfer_master_cm33_core0\utilities" -I"C:\PROJECTS\EMBEDDED\FINAL_PROJECT\OMNIROVER\frdmmcxn947_lpspi_edma_b2b_transfer_master_cm33_core0\utilities\str" -I"C:\PROJECTS\EMBEDDED\FINAL_PROJECT\OMNIROVER\frdmmcxn947_lpspi_edma_b2b_transfer_master_cm33_core0\utilities\debug_console_lite" -I"C:\PROJECTS\EMBEDDED\FINAL_PROJECT\OMNIROVER\frdmmcxn947_lpspi_edma_b2b_transfer_master_cm33_core0\component\uart" -I"C:\PROJECTS\EMBEDDED\FINAL_PROJECT\OMNIROVER\frdmmcxn947_lpspi_edma_b2b_transfer_master_cm33_core0\board" -O0 -fno-common -g3 -gdwarf-4 -mcpu=cortex-m33 -c -ffunction-sections -fdata-sections -fno-builtin -imacros "C:\PROJECTS\EMBEDDED\FINAL_PROJECT\OMNIROVER\frdmmcxn947_lpspi_edma_b2b_transfer_master_cm33_core0\source\mcux_config.h" -fmerge-constants -fmacro-prefix-map="../drivers/"= -mcpu=cortex-m33 -mfpu=fpv5-sp-d16 -mfloat-abi=hard -mthumb -D__REDLIB__ -fstack-usage -specs=redlib.specs -MMD -MP -MF"drivers/fsl_edma_soc.d" -MT"drivers/fsl_edma_soc.o" -MT"drivers/fsl_edma_soc.d" -o "drivers/fsl_edma_soc.o" "../drivers/fsl_edma_soc.c"
Invoking: MCU C Compiler
arm-none-eabi-gcc -std=gnu99 -D__REDLIB__ -DCPU_MCXN947VDF -DCPU_MCXN947VDF_cm33 -DCPU_MCXN947VDF_cm33_core0 -DMCUXPRESSO_SDK -DSDK_DEBUGCONSOLE=1 -DMCUX_META_BUILD -DCR_INTEGER_PRINTF -DPRINTF_FLOAT_ENABLE=0 -D__MCUXPRESSO -D__USE_CMSIS -DDEBUG -I"C:\PROJECTS\EMBEDDED\FINAL_PROJECT\OMNIROVER\frdmmcxn947_lpspi_edma_b2b_transfer_master_cm33_core0\source" -I"C:\PROJECTS\EMBEDDED\FINAL_PROJECT\OMNIROVER\frdmmcxn947_lpspi_edma_b2b_transfer_master_cm33_core0\drivers" -I"C:\PROJECTS\EMBEDDED\FINAL_PROJECT\OMNIROVER\frdmmcxn947_lpspi_edma_b2b_transfer_master_cm33_core0\CMSIS" -I"C:\PROJECTS\EMBEDDED\FINAL_PROJECT\OMNIROVER\frdmmcxn947_lpspi_edma_b2b_transfer_master_cm33_core0\CMSIS\m-profile" -I"C:\PROJECTS\EMBEDDED\FINAL_PROJECT\OMNIROVER\frdmmcxn947_lpspi_edma_b2b_transfer_master_cm33_core0\device" -I"C:\PROJECTS\EMBEDDED\FINAL_PROJECT\OMNIROVER\frdmmcxn947_lpspi_edma_b2b_transfer_master_cm33_core0\device\periph" -I"C:\PROJECTS\EMBEDDED\FINAL_PROJECT\OMNIROVER\frdmmcxn947_lpspi_edma_b2b_transfer_master_cm33_core0\utilities" -I"C:\PROJECTS\EMBEDDED\FINAL_PROJECT\OMNIROVER\frdmmcxn947_lpspi_edma_b2b_transfer_master_cm33_core0\utilities\str" -I"C:\PROJECTS\EMBEDDED\FINAL_PROJECT\OMNIROVER\frdmmcxn947_lpspi_edma_b2b_transfer_master_cm33_core0\utilities\debug_console_lite" -I"C:\PROJECTS\EMBEDDED\FINAL_PROJECT\OMNIROVER\frdmmcxn947_lpspi_edma_b2b_transfer_master_cm33_core0\component\uart" -I"C:\PROJECTS\EMBEDDED\FINAL_PROJECT\OMNIROVER\frdmmcxn947_lpspi_edma_b2b_transfer_master_cm33_core0\board" -O0 -fno-common -g3 -gdwarf-4 -mcpu=cortex-m33 -c -ffunction-sections -fdata-sections -fno-builtin -imacros "C:\PROJECTS\EMBEDDED\FINAL_PROJECT\OMNIROVER\frdmmcxn947_lpspi_edma_b2b_transfer_master_cm33_core0\source\mcux_config.h" -fmerge-constants -fmacro-prefix-map="../drivers/"= -mcpu=cortex-m33 -mfpu=fpv5-sp-d16 -mfloat-abi=hard -mthumb -D__REDLIB__ -fstack-usage -specs=redlib.specs -MMD -MP -MF"drivers/fsl_gpio.d" -MT"drivers/fsl_gpio.o" -MT"drivers/fsl_gpio.d" -o "drivers/fsl_gpio.o" "../drivers/fsl_gpio.c"
Building file: ../drivers/fsl_lpspi.c
Invoking: MCU C Compiler
arm-none-eabi-gcc -std=gnu99 -D__REDLIB__ -DCPU_MCXN947VDF -DCPU_MCXN947VDF_cm33 -DCPU_MCXN947VDF_cm33_core0 -DMCUXPRESSO_SDK -DSDK_DEBUGCONSOLE=1 -DMCUX_META_BUILD -DCR_INTEGER_PRINTF -DPRINTF_FLOAT_ENABLE=0 -D__MCUXPRESSO -D__USE_CMSIS -DDEBUG -I"C:\PROJECTS\EMBEDDED\FINAL_PROJECT\OMNIROVER\frdmmcxn947_lpspi_edma_b2b_transfer_master_cm33_core0\source" -I"C:\PROJECTS\EMBEDDED\FINAL_PROJECT\OMNIROVER\frdmmcxn947_lpspi_edma_b2b_transfer_master_cm33_core0\drivers" -I"C:\PROJECTS\EMBEDDED\FINAL_PROJECT\OMNIROVER\frdmmcxn947_lpspi_edma_b2b_transfer_master_cm33_core0\CMSIS" -I"C:\PROJECTS\EMBEDDED\FINAL_PROJECT\OMNIROVER\frdmmcxn947_lpspi_edma_b2b_transfer_master_cm33_core0\CMSIS\m-profile" -I"C:\PROJECTS\EMBEDDED\FINAL_PROJECT\OMNIROVER\frdmmcxn947_lpspi_edma_b2b_transfer_master_cm33_core0\device" -I"C:\PROJECTS\EMBEDDED\FINAL_PROJECT\OMNIROVER\frdmmcxn947_lpspi_edma_b2b_transfer_master_cm33_core0\device\periph" -I"C:\PROJECTS\EMBEDDED\FINAL_PROJECT\OMNIROVER\frdmmcxn947_lpspi_edma_b2b_transfer_master_cm33_core0\utilities" -I"C:\PROJECTS\EMBEDDED\FINAL_PROJECT\OMNIROVER\frdmmcxn947_lpspi_edma_b2b_transfer_master_cm33_core0\utilities\str" -I"C:\PROJECTS\EMBEDDED\FINAL_PROJECT\OMNIROVER\frdmmcxn947_lpspi_edma_b2b_transfer_master_cm33_core0\utilities\debug_console_lite" -I"C:\PROJECTS\EMBEDDED\FINAL_PROJECT\OMNIROVER\frdmmcxn947_lpspi_edma_b2b_transfer_master_cm33_core0\component\uart" -I"C:\PROJECTS\EMBEDDED\FINAL_PROJECT\OMNIROVER\frdmmcxn947_lpspi_edma_b2b_transfer_master_cm33_core0\board" -O0 -fno-common -g3 -gdwarf-4 -mcpu=cortex-m33 -c -ffunction-sections -fdata-sections -fno-builtin -imacros "C:\PROJECTS\EMBEDDED\FINAL_PROJECT\OMNIROVER\frdmmcxn947_lpspi_edma_b2b_transfer_master_cm33_core0\source\mcux_config.h" -fmerge-constants -fmacro-prefix-map="../drivers/"= -mcpu=cortex-m33 -mfpu=fpv5-sp-d16 -mfloat-abi=hard -mthumb -D__REDLIB__ -fstack-usage -specs=redlib.specs -MMD -MP -MF"drivers/fsl_lpflexcomm.d" -MT"drivers/fsl_lpflexcomm.o" -MT"drivers/fsl_lpflexcomm.d" -o "drivers/fsl_lpflexcomm.o" "../drivers/fsl_lpflexcomm.c"
Finished building: ../utilities/fsl_memcpy.S
Invoking: MCU C Compiler
arm-none-eabi-gcc -std=gnu99 -D__REDLIB__ -DCPU_MCXN947VDF -DCPU_MCXN947VDF_cm33 -DCPU_MCXN947VDF_cm33_core0 -DMCUXPRESSO_SDK -DSDK_DEBUGCONSOLE=1 -DMCUX_META_BUILD -DCR_INTEGER_PRINTF -DPRINTF_FLOAT_ENABLE=0 -D__MCUXPRESSO -D__USE_CMSIS -DDEBUG -I"C:\PROJECTS\EMBEDDED\FINAL_PROJECT\OMNIROVER\frdmmcxn947_lpspi_edma_b2b_transfer_master_cm33_core0\source" -I"C:\PROJECTS\EMBEDDED\FINAL_PROJECT\OMNIROVER\frdmmcxn947_lpspi_edma_b2b_transfer_master_cm33_core0\drivers" -I"C:\PROJECTS\EMBEDDED\FINAL_PROJECT\OMNIROVER\frdmmcxn947_lpspi_edma_b2b_transfer_master_cm33_core0\CMSIS" -I"C:\PROJECTS\EMBEDDED\FINAL_PROJECT\OMNIROVER\frdmmcxn947_lpspi_edma_b2b_transfer_master_cm33_core0\CMSIS\m-profile" -I"C:\PROJECTS\EMBEDDED\FINAL_PROJECT\OMNIROVER\frdmmcxn947_lpspi_edma_b2b_transfer_master_cm33_core0\device" -I"C:\PROJECTS\EMBEDDED\FINAL_PROJECT\OMNIROVER\frdmmcxn947_lpspi_edma_b2b_transfer_master_cm33_core0\device\periph" -I"C:\PROJECTS\EMBEDDED\FINAL_PROJECT\OMNIROVER\frdmmcxn947_lpspi_edma_b2b_transfer_master_cm33_core0\utilities" -I"C:\PROJECTS\EMBEDDED\FINAL_PROJECT\OMNIROVER\frdmmcxn947_lpspi_edma_b2b_transfer_master_cm33_core0\utilities\str" -I"C:\PROJECTS\EMBEDDED\FINAL_PROJECT\OMNIROVER\frdmmcxn947_lpspi_edma_b2b_transfer_master_cm33_core0\utilities\debug_console_lite" -I"C:\PROJECTS\EMBEDDED\FINAL_PROJECT\OMNIROVER\frdmmcxn947_lpspi_edma_b2b_transfer_master_cm33_core0\component\uart" -I"C:\PROJECTS\EMBEDDED\FINAL_PROJECT\OMNIROVER\frdmmcxn947_lpspi_edma_b2b_transfer_master_cm33_core0\board" -O0 -fno-common -g3 -gdwarf-4 -mcpu=cortex-m33 -c -ffunction-sections -fdata-sections -fno-builtin -imacros "C:\PROJECTS\EMBEDDED\FINAL_PROJECT\OMNIROVER\frdmmcxn947_lpspi_edma_b2b_transfer_master_cm33_core0\source\mcux_config.h" -fmerge-constants -fmacro-prefix-map="../drivers/"= -mcpu=cortex-m33 -mfpu=fpv5-sp-d16 -mfloat-abi=hard -mthumb -D__REDLIB__ -fstack-usage -specs=redlib.specs -MMD -MP -MF"drivers/fsl_lpspi.d" -MT"drivers/fsl_lpspi.o" -MT"drivers/fsl_lpspi.d" -o "drivers/fsl_lpspi.o" "../drivers/fsl_lpspi.c"
Finished building: ../startup/boot_multicore_slave.c
 
 
Building file: ../drivers/fsl_lpspi_edma.c
Building file: ../drivers/fsl_lpuart.c
Invoking: MCU C Compiler
arm-none-eabi-gcc -std=gnu99 -D__REDLIB__ -DCPU_MCXN947VDF -DCPU_MCXN947VDF_cm33 -DCPU_MCXN947VDF_cm33_core0 -DMCUXPRESSO_SDK -DSDK_DEBUGCONSOLE=1 -DMCUX_META_BUILD -DCR_INTEGER_PRINTF -DPRINTF_FLOAT_ENABLE=0 -D__MCUXPRESSO -D__USE_CMSIS -DDEBUG -I"C:\PROJECTS\EMBEDDED\FINAL_PROJECT\OMNIROVER\frdmmcxn947_lpspi_edma_b2b_transfer_master_cm33_core0\source" -I"C:\PROJECTS\EMBEDDED\FINAL_PROJECT\OMNIROVER\frdmmcxn947_lpspi_edma_b2b_transfer_master_cm33_core0\drivers" -I"C:\PROJECTS\EMBEDDED\FINAL_PROJECT\OMNIROVER\frdmmcxn947_lpspi_edma_b2b_transfer_master_cm33_core0\CMSIS" -I"C:\PROJECTS\EMBEDDED\FINAL_PROJECT\OMNIROVER\frdmmcxn947_lpspi_edma_b2b_transfer_master_cm33_core0\CMSIS\m-profile" -I"C:\PROJECTS\EMBEDDED\FINAL_PROJECT\OMNIROVER\frdmmcxn947_lpspi_edma_b2b_transfer_master_cm33_core0\device" -I"C:\PROJECTS\EMBEDDED\FINAL_PROJECT\OMNIROVER\frdmmcxn947_lpspi_edma_b2b_transfer_master_cm33_core0\device\periph" -I"C:\PROJECTS\EMBEDDED\FINAL_PROJECT\OMNIROVER\frdmmcxn947_lpspi_edma_b2b_transfer_master_cm33_core0\utilities" -I"C:\PROJECTS\EMBEDDED\FINAL_PROJECT\OMNIROVER\frdmmcxn947_lpspi_edma_b2b_transfer_master_cm33_core0\utilities\str" -I"C:\PROJECTS\EMBEDDED\FINAL_PROJECT\OMNIROVER\frdmmcxn947_lpspi_edma_b2b_transfer_master_cm33_core0\utilities\debug_console_lite" -I"C:\PROJECTS\EMBEDDED\FINAL_PROJECT\OMNIROVER\frdmmcxn947_lpspi_edma_b2b_transfer_master_cm33_core0\component\uart" -I"C:\PROJECTS\EMBEDDED\FINAL_PROJECT\OMNIROVER\frdmmcxn947_lpspi_edma_b2b_transfer_master_cm33_core0\board" -O0 -fno-common -g3 -gdwarf-4 -mcpu=cortex-m33 -c -ffunction-sections -fdata-sections -fno-builtin -imacros "C:\PROJECTS\EMBEDDED\FINAL_PROJECT\OMNIROVER\frdmmcxn947_lpspi_edma_b2b_transfer_master_cm33_core0\source\mcux_config.h" -fmerge-constants -fmacro-prefix-map="../drivers/"= -mcpu=cortex-m33 -mfpu=fpv5-sp-d16 -mfloat-abi=hard -mthumb -D__REDLIB__ -fstack-usage -specs=redlib.specs -MMD -MP -MF"drivers/fsl_lpspi_edma.d" -MT"drivers/fsl_lpspi_edma.o" -MT"drivers/fsl_lpspi_edma.d" -o "drivers/fsl_lpspi_edma.o" "../drivers/fsl_lpspi_edma.c"
Finished building: ../source/semihost_hardfault.c
Invoking: MCU C Compiler
arm-none-eabi-gcc -std=gnu99 -D__REDLIB__ -DCPU_MCXN947VDF -DCPU_MCXN947VDF_cm33 -DCPU_MCXN947VDF_cm33_core0 -DMCUXPRESSO_SDK -DSDK_DEBUGCONSOLE=1 -DMCUX_META_BUILD -DCR_INTEGER_PRINTF -DPRINTF_FLOAT_ENABLE=0 -D__MCUXPRESSO -D__USE_CMSIS -DDEBUG -I"C:\PROJECTS\EMBEDDED\FINAL_PROJECT\OMNIROVER\frdmmcxn947_lpspi_edma_b2b_transfer_master_cm33_core0\source" -I"C:\PROJECTS\EMBEDDED\FINAL_PROJECT\OMNIROVER\frdmmcxn947_lpspi_edma_b2b_transfer_master_cm33_core0\drivers" -I"C:\PROJECTS\EMBEDDED\FINAL_PROJECT\OMNIROVER\frdmmcxn947_lpspi_edma_b2b_transfer_master_cm33_core0\CMSIS" -I"C:\PROJECTS\EMBEDDED\FINAL_PROJECT\OMNIROVER\frdmmcxn947_lpspi_edma_b2b_transfer_master_cm33_core0\CMSIS\m-profile" -I"C:\PROJECTS\EMBEDDED\FINAL_PROJECT\OMNIROVER\frdmmcxn947_lpspi_edma_b2b_transfer_master_cm33_core0\device" -I"C:\PROJECTS\EMBEDDED\FINAL_PROJECT\OMNIROVER\frdmmcxn947_lpspi_edma_b2b_transfer_master_cm33_core0\device\periph" -I"C:\PROJECTS\EMBEDDED\FINAL_PROJECT\OMNIROVER\frdmmcxn947_lpspi_edma_b2b_transfer_master_cm33_core0\utilities" -I"C:\PROJECTS\EMBEDDED\FINAL_PROJECT\OMNIROVER\frdmmcxn947_lpspi_edma_b2b_transfer_master_cm33_core0\utilities\str" -I"C:\PROJECTS\EMBEDDED\FINAL_PROJECT\OMNIROVER\frdmmcxn947_lpspi_edma_b2b_transfer_master_cm33_core0\utilities\debug_console_lite" -I"C:\PROJECTS\EMBEDDED\FINAL_PROJECT\OMNIROVER\frdmmcxn947_lpspi_edma_b2b_transfer_master_cm33_core0\component\uart" -I"C:\PROJECTS\EMBEDDED\FINAL_PROJECT\OMNIROVER\frdmmcxn947_lpspi_edma_b2b_transfer_master_cm33_core0\board" -O0 -fno-common -g3 -gdwarf-4 -mcpu=cortex-m33 -c -ffunction-sections -fdata-sections -fno-builtin -imacros "C:\PROJECTS\EMBEDDED\FINAL_PROJECT\OMNIROVER\frdmmcxn947_lpspi_edma_b2b_transfer_master_cm33_core0\source\mcux_config.h" -fmerge-constants -fmacro-prefix-map="../drivers/"= -mcpu=cortex-m33 -mfpu=fpv5-sp-d16 -mfloat-abi=hard -mthumb -D__REDLIB__ -fstack-usage -specs=redlib.specs -MMD -MP -MF"drivers/fsl_lpuart.d" -MT"drivers/fsl_lpuart.o" -MT"drivers/fsl_lpuart.d" -o "drivers/fsl_lpuart.o" "../drivers/fsl_lpuart.c"
 
Building file: ../drivers/fsl_reset.c
Invoking: MCU C Compiler
arm-none-eabi-gcc -std=gnu99 -D__REDLIB__ -DCPU_MCXN947VDF -DCPU_MCXN947VDF_cm33 -DCPU_MCXN947VDF_cm33_core0 -DMCUXPRESSO_SDK -DSDK_DEBUGCONSOLE=1 -DMCUX_META_BUILD -DCR_INTEGER_PRINTF -DPRINTF_FLOAT_ENABLE=0 -D__MCUXPRESSO -D__USE_CMSIS -DDEBUG -I"C:\PROJECTS\EMBEDDED\FINAL_PROJECT\OMNIROVER\frdmmcxn947_lpspi_edma_b2b_transfer_master_cm33_core0\source" -I"C:\PROJECTS\EMBEDDED\FINAL_PROJECT\OMNIROVER\frdmmcxn947_lpspi_edma_b2b_transfer_master_cm33_core0\drivers" -I"C:\PROJECTS\EMBEDDED\FINAL_PROJECT\OMNIROVER\frdmmcxn947_lpspi_edma_b2b_transfer_master_cm33_core0\CMSIS" -I"C:\PROJECTS\EMBEDDED\FINAL_PROJECT\OMNIROVER\frdmmcxn947_lpspi_edma_b2b_transfer_master_cm33_core0\CMSIS\m-profile" -I"C:\PROJECTS\EMBEDDED\FINAL_PROJECT\OMNIROVER\frdmmcxn947_lpspi_edma_b2b_transfer_master_cm33_core0\device" -I"C:\PROJECTS\EMBEDDED\FINAL_PROJECT\OMNIROVER\frdmmcxn947_lpspi_edma_b2b_transfer_master_cm33_core0\device\periph" -I"C:\PROJECTS\EMBEDDED\FINAL_PROJECT\OMNIROVER\frdmmcxn947_lpspi_edma_b2b_transfer_master_cm33_core0\utilities" -I"C:\PROJECTS\EMBEDDED\FINAL_PROJECT\OMNIROVER\frdmmcxn947_lpspi_edma_b2b_transfer_master_cm33_core0\utilities\str" -I"C:\PROJECTS\EMBEDDED\FINAL_PROJECT\OMNIROVER\frdmmcxn947_lpspi_edma_b2b_transfer_master_cm33_core0\utilities\debug_console_lite" -I"C:\PROJECTS\EMBEDDED\FINAL_PROJECT\OMNIROVER\frdmmcxn947_lpspi_edma_b2b_transfer_master_cm33_core0\component\uart" -I"C:\PROJECTS\EMBEDDED\FINAL_PROJECT\OMNIROVER\frdmmcxn947_lpspi_edma_b2b_transfer_master_cm33_core0\board" -O0 -fno-common -g3 -gdwarf-4 -mcpu=cortex-m33 -c -ffunction-sections -fdata-sections -fno-builtin -imacros "C:\PROJECTS\EMBEDDED\FINAL_PROJECT\OMNIROVER\frdmmcxn947_lpspi_edma_b2b_transfer_master_cm33_core0\source\mcux_config.h" -fmerge-constants -fmacro-prefix-map="../drivers/"= -mcpu=cortex-m33 -mfpu=fpv5-sp-d16 -mfloat-abi=hard -mthumb -D__REDLIB__ -fstack-usage -specs=redlib.specs -MMD -MP -MF"drivers/fsl_reset.d" -MT"drivers/fsl_reset.o" -MT"drivers/fsl_reset.d" -o "drivers/fsl_reset.o" "../drivers/fsl_reset.c"
Finished building: ../startup/startup_mcxn947_cm33_core0.c
 
Building file: ../drivers/fsl_spc.c
Invoking: MCU C Compiler
arm-none-eabi-gcc -std=gnu99 -D__REDLIB__ -DCPU_MCXN947VDF -DCPU_MCXN947VDF_cm33 -DCPU_MCXN947VDF_cm33_core0 -DMCUXPRESSO_SDK -DSDK_DEBUGCONSOLE=1 -DMCUX_META_BUILD -DCR_INTEGER_PRINTF -DPRINTF_FLOAT_ENABLE=0 -D__MCUXPRESSO -D__USE_CMSIS -DDEBUG -I"C:\PROJECTS\EMBEDDED\FINAL_PROJECT\OMNIROVER\frdmmcxn947_lpspi_edma_b2b_transfer_master_cm33_core0\source" -I"C:\PROJECTS\EMBEDDED\FINAL_PROJECT\OMNIROVER\frdmmcxn947_lpspi_edma_b2b_transfer_master_cm33_core0\drivers" -I"C:\PROJECTS\EMBEDDED\FINAL_PROJECT\OMNIROVER\frdmmcxn947_lpspi_edma_b2b_transfer_master_cm33_core0\CMSIS" -I"C:\PROJECTS\EMBEDDED\FINAL_PROJECT\OMNIROVER\frdmmcxn947_lpspi_edma_b2b_transfer_master_cm33_core0\CMSIS\m-profile" -I"C:\PROJECTS\EMBEDDED\FINAL_PROJECT\OMNIROVER\frdmmcxn947_lpspi_edma_b2b_transfer_master_cm33_core0\device" -I"C:\PROJECTS\EMBEDDED\FINAL_PROJECT\OMNIROVER\frdmmcxn947_lpspi_edma_b2b_transfer_master_cm33_core0\device\periph" -I"C:\PROJECTS\EMBEDDED\FINAL_PROJECT\OMNIROVER\frdmmcxn947_lpspi_edma_b2b_transfer_master_cm33_core0\utilities" -I"C:\PROJECTS\EMBEDDED\FINAL_PROJECT\OMNIROVER\frdmmcxn947_lpspi_edma_b2b_transfer_master_cm33_core0\utilities\str" -I"C:\PROJECTS\EMBEDDED\FINAL_PROJECT\OMNIROVER\frdmmcxn947_lpspi_edma_b2b_transfer_master_cm33_core0\utilities\debug_console_lite" -I"C:\PROJECTS\EMBEDDED\FINAL_PROJECT\OMNIROVER\frdmmcxn947_lpspi_edma_b2b_transfer_master_cm33_core0\component\uart" -I"C:\PROJECTS\EMBEDDED\FINAL_PROJECT\OMNIROVER\frdmmcxn947_lpspi_edma_b2b_transfer_master_cm33_core0\board" -O0 -fno-common -g3 -gdwarf-4 -mcpu=cortex-m33 -c -ffunction-sections -fdata-sections -fno-builtin -imacros "C:\PROJECTS\EMBEDDED\FINAL_PROJECT\OMNIROVER\frdmmcxn947_lpspi_edma_b2b_transfer_master_cm33_core0\source\mcux_config.h" -fmerge-constants -fmacro-prefix-map="../drivers/"= -mcpu=cortex-m33 -mfpu=fpv5-sp-d16 -mfloat-abi=hard -mthumb -D__REDLIB__ -fstack-usage -specs=redlib.specs -MMD -MP -MF"drivers/fsl_spc.d" -MT"drivers/fsl_spc.o" -MT"drivers/fsl_spc.d" -o "drivers/fsl_spc.o" "../drivers/fsl_spc.c"
Finished building: ../drivers/fsl_common.c
Finished building: ../drivers/fsl_reset.c
Finished building: ../utilities/fsl_assert.c
Finished building: ../drivers/fsl_common_arm.c
Finished building: ../drivers/fsl_edma_soc.c
 
 
 
 
 
Finished building: ../drivers/fsl_lpflexcomm.c
Building file: ../component/uart/fsl_adapter_lpuart.c
Building file: ../device/system_MCXN947_cm33_core0.c
Building file: ../board/board.c
Building file: ../board/clock_config.c
 
Finished building: ../utilities/str/fsl_str.c
Finished building: ../source/lpspi_edma_b2b_transfer_master.c
Finished building: ../utilities/debug_console_lite/fsl_debug_console.c
Finished building: ../drivers/fsl_gpio.c
Finished building: ../drivers/fsl_lpuart.c
Finished building: ../drivers/fsl_lpspi_edma.c
Finished building: ../drivers/fsl_spc.c
Invoking: MCU C Compiler
Invoking: MCU C Compiler
Finished building: ../drivers/fsl_lpspi.c
Invoking: MCU C Compiler
Invoking: MCU C Compiler
 
 
 
 
arm-none-eabi-gcc -std=gnu99 -D__REDLIB__ -DCPU_MCXN947VDF -DCPU_MCXN947VDF_cm33 -DCPU_MCXN947VDF_cm33_core0 -DMCUXPRESSO_SDK -DSDK_DEBUGCONSOLE=1 -DMCUX_META_BUILD -DCR_INTEGER_PRINTF -DPRINTF_FLOAT_ENABLE=0 -D__MCUXPRESSO -D__USE_CMSIS -DDEBUG -I"C:\PROJECTS\EMBEDDED\FINAL_PROJECT\OMNIROVER\frdmmcxn947_lpspi_edma_b2b_transfer_master_cm33_core0\source" -I"C:\PROJECTS\EMBEDDED\FINAL_PROJECT\OMNIROVER\frdmmcxn947_lpspi_edma_b2b_transfer_master_cm33_core0\drivers" -I"C:\PROJECTS\EMBEDDED\FINAL_PROJECT\OMNIROVER\frdmmcxn947_lpspi_edma_b2b_transfer_master_cm33_core0\CMSIS" -I"C:\PROJECTS\EMBEDDED\FINAL_PROJECT\OMNIROVER\frdmmcxn947_lpspi_edma_b2b_transfer_master_cm33_core0\CMSIS\m-profile" -I"C:\PROJECTS\EMBEDDED\FINAL_PROJECT\OMNIROVER\frdmmcxn947_lpspi_edma_b2b_transfer_master_cm33_core0\device" -I"C:\PROJECTS\EMBEDDED\FINAL_PROJECT\OMNIROVER\frdmmcxn947_lpspi_edma_b2b_transfer_master_cm33_core0\device\periph" -I"C:\PROJECTS\EMBEDDED\FINAL_PROJECT\OMNIROVER\frdmmcxn947_lpspi_edma_b2b_transfer_master_cm33_core0\utilities" -I"C:\PROJECTS\EMBEDDED\FINAL_PROJECT\OMNIROVER\frdmmcxn947_lpspi_edma_b2b_transfer_master_cm33_core0\utilities\str" -I"C:\PROJECTS\EMBEDDED\FINAL_PROJECT\OMNIROVER\frdmmcxn947_lpspi_edma_b2b_transfer_master_cm33_core0\utilities\debug_console_lite" -I"C:\PROJECTS\EMBEDDED\FINAL_PROJECT\OMNIROVER\frdmmcxn947_lpspi_edma_b2b_transfer_master_cm33_core0\component\uart" -I"C:\PROJECTS\EMBEDDED\FINAL_PROJECT\OMNIROVER\frdmmcxn947_lpspi_edma_b2b_transfer_master_cm33_core0\board" -O0 -fno-common -g3 -gdwarf-4 -mcpu=cortex-m33 -c -ffunction-sections -fdata-sections -fno-builtin -imacros "C:\PROJECTS\EMBEDDED\FINAL_PROJECT\OMNIROVER\frdmmcxn947_lpspi_edma_b2b_transfer_master_cm33_core0\source\mcux_config.h" -fmerge-constants -fmacro-prefix-map="../device/"= -mcpu=cortex-m33 -mfpu=fpv5-sp-d16 -mfloat-abi=hard -mthumb -D__REDLIB__ -fstack-usage -specs=redlib.specs -MMD -MP -MF"device/system_MCXN947_cm33_core0.d" -MT"device/system_MCXN947_cm33_core0.o" -MT"device/system_MCXN947_cm33_core0.d" -o "device/system_MCXN947_cm33_core0.o" "../device/system_MCXN947_cm33_core0.c"
 
 
 
arm-none-eabi-gcc -std=gnu99 -D__REDLIB__ -DCPU_MCXN947VDF -DCPU_MCXN947VDF_cm33 -DCPU_MCXN947VDF_cm33_core0 -DMCUXPRESSO_SDK -DSDK_DEBUGCONSOLE=1 -DMCUX_META_BUILD -DCR_INTEGER_PRINTF -DPRINTF_FLOAT_ENABLE=0 -D__MCUXPRESSO -D__USE_CMSIS -DDEBUG -I"C:\PROJECTS\EMBEDDED\FINAL_PROJECT\OMNIROVER\frdmmcxn947_lpspi_edma_b2b_transfer_master_cm33_core0\source" -I"C:\PROJECTS\EMBEDDED\FINAL_PROJECT\OMNIROVER\frdmmcxn947_lpspi_edma_b2b_transfer_master_cm33_core0\drivers" -I"C:\PROJECTS\EMBEDDED\FINAL_PROJECT\OMNIROVER\frdmmcxn947_lpspi_edma_b2b_transfer_master_cm33_core0\CMSIS" -I"C:\PROJECTS\EMBEDDED\FINAL_PROJECT\OMNIROVER\frdmmcxn947_lpspi_edma_b2b_transfer_master_cm33_core0\CMSIS\m-profile" -I"C:\PROJECTS\EMBEDDED\FINAL_PROJECT\OMNIROVER\frdmmcxn947_lpspi_edma_b2b_transfer_master_cm33_core0\device" -I"C:\PROJECTS\EMBEDDED\FINAL_PROJECT\OMNIROVER\frdmmcxn947_lpspi_edma_b2b_transfer_master_cm33_core0\device\periph" -I"C:\PROJECTS\EMBEDDED\FINAL_PROJECT\OMNIROVER\frdmmcxn947_lpspi_edma_b2b_transfer_master_cm33_core0\utilities" -I"C:\PROJECTS\EMBEDDED\FINAL_PROJECT\OMNIROVER\frdmmcxn947_lpspi_edma_b2b_transfer_master_cm33_core0\utilities\str" -I"C:\PROJECTS\EMBEDDED\FINAL_PROJECT\OMNIROVER\frdmmcxn947_lpspi_edma_b2b_transfer_master_cm33_core0\utilities\debug_console_lite" -I"C:\PROJECTS\EMBEDDED\FINAL_PROJECT\OMNIROVER\frdmmcxn947_lpspi_edma_b2b_transfer_master_cm33_core0\component\uart" -I"C:\PROJECTS\EMBEDDED\FINAL_PROJECT\OMNIROVER\frdmmcxn947_lpspi_edma_b2b_transfer_master_cm33_core0\board" -O0 -fno-common -g3 -gdwarf-4 -mcpu=cortex-m33 -c -ffunction-sections -fdata-sections -fno-builtin -imacros "C:\PROJECTS\EMBEDDED\FINAL_PROJECT\OMNIROVER\frdmmcxn947_lpspi_edma_b2b_transfer_master_cm33_core0\source\mcux_config.h" -fmerge-constants -fmacro-prefix-map="../component/uart/"= -mcpu=cortex-m33 -mfpu=fpv5-sp-d16 -mfloat-abi=hard -mthumb -D__REDLIB__ -fstack-usage -specs=redlib.specs -MMD -MP -MF"component/uart/fsl_adapter_lpuart.d" -MT"component/uart/fsl_adapter_lpuart.o" -MT"component/uart/fsl_adapter_lpuart.d" -o "component/uart/fsl_adapter_lpuart.o" "../component/uart/fsl_adapter_lpuart.c"
Finished building: ../drivers/fsl_edma.c
arm-none-eabi-gcc -std=gnu99 -D__REDLIB__ -DCPU_MCXN947VDF -DCPU_MCXN947VDF_cm33 -DCPU_MCXN947VDF_cm33_core0 -DMCUXPRESSO_SDK -DSDK_DEBUGCONSOLE=1 -DMCUX_META_BUILD -DCR_INTEGER_PRINTF -DPRINTF_FLOAT_ENABLE=0 -D__MCUXPRESSO -D__USE_CMSIS -DDEBUG -I"C:\PROJECTS\EMBEDDED\FINAL_PROJECT\OMNIROVER\frdmmcxn947_lpspi_edma_b2b_transfer_master_cm33_core0\source" -I"C:\PROJECTS\EMBEDDED\FINAL_PROJECT\OMNIROVER\frdmmcxn947_lpspi_edma_b2b_transfer_master_cm33_core0\drivers" -I"C:\PROJECTS\EMBEDDED\FINAL_PROJECT\OMNIROVER\frdmmcxn947_lpspi_edma_b2b_transfer_master_cm33_core0\CMSIS" -I"C:\PROJECTS\EMBEDDED\FINAL_PROJECT\OMNIROVER\frdmmcxn947_lpspi_edma_b2b_transfer_master_cm33_core0\CMSIS\m-profile" -I"C:\PROJECTS\EMBEDDED\FINAL_PROJECT\OMNIROVER\frdmmcxn947_lpspi_edma_b2b_transfer_master_cm33_core0\device" -I"C:\PROJECTS\EMBEDDED\FINAL_PROJECT\OMNIROVER\frdmmcxn947_lpspi_edma_b2b_transfer_master_cm33_core0\device\periph" -I"C:\PROJECTS\EMBEDDED\FINAL_PROJECT\OMNIROVER\frdmmcxn947_lpspi_edma_b2b_transfer_master_cm33_core0\utilities" -I"C:\PROJECTS\EMBEDDED\FINAL_PROJECT\OMNIROVER\frdmmcxn947_lpspi_edma_b2b_transfer_master_cm33_core0\utilities\str" -I"C:\PROJECTS\EMBEDDED\FINAL_PROJECT\OMNIROVER\frdmmcxn947_lpspi_edma_b2b_transfer_master_cm33_core0\utilities\debug_console_lite" -I"C:\PROJECTS\EMBEDDED\FINAL_PROJECT\OMNIROVER\frdmmcxn947_lpspi_edma_b2b_transfer_master_cm33_core0\component\uart" -I"C:\PROJECTS\EMBEDDED\FINAL_PROJECT\OMNIROVER\frdmmcxn947_lpspi_edma_b2b_transfer_master_cm33_core0\board" -O0 -fno-common -g3 -gdwarf-4 -mcpu=cortex-m33 -c -ffunction-sections -fdata-sections -fno-builtin -imacros "C:\PROJECTS\EMBEDDED\FINAL_PROJECT\OMNIROVER\frdmmcxn947_lpspi_edma_b2b_transfer_master_cm33_core0\source\mcux_config.h" -fmerge-constants -fmacro-prefix-map="../board/"= -mcpu=cortex-m33 -mfpu=fpv5-sp-d16 -mfloat-abi=hard -mthumb -D__REDLIB__ -fstack-usage -specs=redlib.specs -MMD -MP -MF"board/board.d" -MT"board/board.o" -MT"board/board.d" -o "board/board.o" "../board/board.c"
 
arm-none-eabi-gcc -std=gnu99 -D__REDLIB__ -DCPU_MCXN947VDF -DCPU_MCXN947VDF_cm33 -DCPU_MCXN947VDF_cm33_core0 -DMCUXPRESSO_SDK -DSDK_DEBUGCONSOLE=1 -DMCUX_META_BUILD -DCR_INTEGER_PRINTF -DPRINTF_FLOAT_ENABLE=0 -D__MCUXPRESSO -D__USE_CMSIS -DDEBUG -I"C:\PROJECTS\EMBEDDED\FINAL_PROJECT\OMNIROVER\frdmmcxn947_lpspi_edma_b2b_transfer_master_cm33_core0\source" -I"C:\PROJECTS\EMBEDDED\FINAL_PROJECT\OMNIROVER\frdmmcxn947_lpspi_edma_b2b_transfer_master_cm33_core0\drivers" -I"C:\PROJECTS\EMBEDDED\FINAL_PROJECT\OMNIROVER\frdmmcxn947_lpspi_edma_b2b_transfer_master_cm33_core0\CMSIS" -I"C:\PROJECTS\EMBEDDED\FINAL_PROJECT\OMNIROVER\frdmmcxn947_lpspi_edma_b2b_transfer_master_cm33_core0\CMSIS\m-profile" -I"C:\PROJECTS\EMBEDDED\FINAL_PROJECT\OMNIROVER\frdmmcxn947_lpspi_edma_b2b_transfer_master_cm33_core0\device" -I"C:\PROJECTS\EMBEDDED\FINAL_PROJECT\OMNIROVER\frdmmcxn947_lpspi_edma_b2b_transfer_master_cm33_core0\device\periph" -I"C:\PROJECTS\EMBEDDED\FINAL_PROJECT\OMNIROVER\frdmmcxn947_lpspi_edma_b2b_transfer_master_cm33_core0\utilities" -I"C:\PROJECTS\EMBEDDED\FINAL_PROJECT\OMNIROVER\frdmmcxn947_lpspi_edma_b2b_transfer_master_cm33_core0\utilities\str" -I"C:\PROJECTS\EMBEDDED\FINAL_PROJECT\OMNIROVER\frdmmcxn947_lpspi_edma_b2b_transfer_master_cm33_core0\utilities\debug_console_lite" -I"C:\PROJECTS\EMBEDDED\FINAL_PROJECT\OMNIROVER\frdmmcxn947_lpspi_edma_b2b_transfer_master_cm33_core0\component\uart" -I"C:\PROJECTS\EMBEDDED\FINAL_PROJECT\OMNIROVER\frdmmcxn947_lpspi_edma_b2b_transfer_master_cm33_core0\board" -O0 -fno-common -g3 -gdwarf-4 -mcpu=cortex-m33 -c -ffunction-sections -fdata-sections -fno-builtin -imacros "C:\PROJECTS\EMBEDDED\FINAL_PROJECT\OMNIROVER\frdmmcxn947_lpspi_edma_b2b_transfer_master_cm33_core0\source\mcux_config.h" -fmerge-constants -fmacro-prefix-map="../board/"= -mcpu=cortex-m33 -mfpu=fpv5-sp-d16 -mfloat-abi=hard -mthumb -D__REDLIB__ -fstack-usage -specs=redlib.specs -MMD -MP -MF"board/clock_config.d" -MT"board/clock_config.o" -MT"board/clock_config.d" -o "board/clock_config.o" "../board/clock_config.c"
Finished building: ../drivers/fsl_clock.c
 
Building file: ../board/hardware_init.c
 
Building file: ../board/pin_mux.c
Invoking: MCU C Compiler
arm-none-eabi-gcc -std=gnu99 -D__REDLIB__ -DCPU_MCXN947VDF -DCPU_MCXN947VDF_cm33 -DCPU_MCXN947VDF_cm33_core0 -DMCUXPRESSO_SDK -DSDK_DEBUGCONSOLE=1 -DMCUX_META_BUILD -DCR_INTEGER_PRINTF -DPRINTF_FLOAT_ENABLE=0 -D__MCUXPRESSO -D__USE_CMSIS -DDEBUG -I"C:\PROJECTS\EMBEDDED\FINAL_PROJECT\OMNIROVER\frdmmcxn947_lpspi_edma_b2b_transfer_master_cm33_core0\source" -I"C:\PROJECTS\EMBEDDED\FINAL_PROJECT\OMNIROVER\frdmmcxn947_lpspi_edma_b2b_transfer_master_cm33_core0\drivers" -I"C:\PROJECTS\EMBEDDED\FINAL_PROJECT\OMNIROVER\frdmmcxn947_lpspi_edma_b2b_transfer_master_cm33_core0\CMSIS" -I"C:\PROJECTS\EMBEDDED\FINAL_PROJECT\OMNIROVER\frdmmcxn947_lpspi_edma_b2b_transfer_master_cm33_core0\CMSIS\m-profile" -I"C:\PROJECTS\EMBEDDED\FINAL_PROJECT\OMNIROVER\frdmmcxn947_lpspi_edma_b2b_transfer_master_cm33_core0\device" -I"C:\PROJECTS\EMBEDDED\FINAL_PROJECT\OMNIROVER\frdmmcxn947_lpspi_edma_b2b_transfer_master_cm33_core0\device\periph" -I"C:\PROJECTS\EMBEDDED\FINAL_PROJECT\OMNIROVER\frdmmcxn947_lpspi_edma_b2b_transfer_master_cm33_core0\utilities" -I"C:\PROJECTS\EMBEDDED\FINAL_PROJECT\OMNIROVER\frdmmcxn947_lpspi_edma_b2b_transfer_master_cm33_core0\utilities\str" -I"C:\PROJECTS\EMBEDDED\FINAL_PROJECT\OMNIROVER\frdmmcxn947_lpspi_edma_b2b_transfer_master_cm33_core0\utilities\debug_console_lite" -I"C:\PROJECTS\EMBEDDED\FINAL_PROJECT\OMNIROVER\frdmmcxn947_lpspi_edma_b2b_transfer_master_cm33_core0\component\uart" -I"C:\PROJECTS\EMBEDDED\FINAL_PROJECT\OMNIROVER\frdmmcxn947_lpspi_edma_b2b_transfer_master_cm33_core0\board" -O0 -fno-common -g3 -gdwarf-4 -mcpu=cortex-m33 -c -ffunction-sections -fdata-sections -fno-builtin -imacros "C:\PROJECTS\EMBEDDED\FINAL_PROJECT\OMNIROVER\frdmmcxn947_lpspi_edma_b2b_transfer_master_cm33_core0\source\mcux_config.h" -fmerge-constants -fmacro-prefix-map="../board/"= -mcpu=cortex-m33 -mfpu=fpv5-sp-d16 -mfloat-abi=hard -mthumb -D__REDLIB__ -fstack-usage -specs=redlib.specs -MMD -MP -MF"board/hardware_init.d" -MT"board/hardware_init.o" -MT"board/hardware_init.d" -o "board/hardware_init.o" "../board/hardware_init.c"
Invoking: MCU C Compiler
arm-none-eabi-gcc -std=gnu99 -D__REDLIB__ -DCPU_MCXN947VDF -DCPU_MCXN947VDF_cm33 -DCPU_MCXN947VDF_cm33_core0 -DMCUXPRESSO_SDK -DSDK_DEBUGCONSOLE=1 -DMCUX_META_BUILD -DCR_INTEGER_PRINTF -DPRINTF_FLOAT_ENABLE=0 -D__MCUXPRESSO -D__USE_CMSIS -DDEBUG -I"C:\PROJECTS\EMBEDDED\FINAL_PROJECT\OMNIROVER\frdmmcxn947_lpspi_edma_b2b_transfer_master_cm33_core0\source" -I"C:\PROJECTS\EMBEDDED\FINAL_PROJECT\OMNIROVER\frdmmcxn947_lpspi_edma_b2b_transfer_master_cm33_core0\drivers" -I"C:\PROJECTS\EMBEDDED\FINAL_PROJECT\OMNIROVER\frdmmcxn947_lpspi_edma_b2b_transfer_master_cm33_core0\CMSIS" -I"C:\PROJECTS\EMBEDDED\FINAL_PROJECT\OMNIROVER\frdmmcxn947_lpspi_edma_b2b_transfer_master_cm33_core0\CMSIS\m-profile" -I"C:\PROJECTS\EMBEDDED\FINAL_PROJECT\OMNIROVER\frdmmcxn947_lpspi_edma_b2b_transfer_master_cm33_core0\device" -I"C:\PROJECTS\EMBEDDED\FINAL_PROJECT\OMNIROVER\frdmmcxn947_lpspi_edma_b2b_transfer_master_cm33_core0\device\periph" -I"C:\PROJECTS\EMBEDDED\FINAL_PROJECT\OMNIROVER\frdmmcxn947_lpspi_edma_b2b_transfer_master_cm33_core0\utilities" -I"C:\PROJECTS\EMBEDDED\FINAL_PROJECT\OMNIROVER\frdmmcxn947_lpspi_edma_b2b_transfer_master_cm33_core0\utilities\str" -I"C:\PROJECTS\EMBEDDED\FINAL_PROJECT\OMNIROVER\frdmmcxn947_lpspi_edma_b2b_transfer_master_cm33_core0\utilities\debug_console_lite" -I"C:\PROJECTS\EMBEDDED\FINAL_PROJECT\OMNIROVER\frdmmcxn947_lpspi_edma_b2b_transfer_master_cm33_core0\component\uart" -I"C:\PROJECTS\EMBEDDED\FINAL_PROJECT\OMNIROVER\frdmmcxn947_lpspi_edma_b2b_transfer_master_cm33_core0\board" -O0 -fno-common -g3 -gdwarf-4 -mcpu=cortex-m33 -c -ffunction-sections -fdata-sections -fno-builtin -imacros "C:\PROJECTS\EMBEDDED\FINAL_PROJECT\OMNIROVER\frdmmcxn947_lpspi_edma_b2b_transfer_master_cm33_core0\source\mcux_config.h" -fmerge-constants -fmacro-prefix-map="../board/"= -mcpu=cortex-m33 -mfpu=fpv5-sp-d16 -mfloat-abi=hard -mthumb -D__REDLIB__ -fstack-usage -specs=redlib.specs -MMD -MP -MF"board/pin_mux.d" -MT"board/pin_mux.o" -MT"board/pin_mux.d" -o "board/pin_mux.o" "../board/pin_mux.c"
Finished building: ../board/board.c
Finished building: ../device/system_MCXN947_cm33_core0.c
Finished building: ../component/uart/fsl_adapter_lpuart.c
 
 
 
Finished building: ../board/clock_config.c
 
Finished building: ../board/pin_mux.c
Finished building: ../board/hardware_init.c
 
 
Building target: frdmmcxn947_lpspi_edma_b2b_transfer_master_cm33_core0.axf
Invoking: MCU Linker
arm-none-eabi-gcc -nostdlib -Xlinker -no-warn-rwx-segments -Xlinker -Map="frdmmcxn947_lpspi_edma_b2b_transfer_master_cm33_core0.map" -Xlinker --gc-sections -Xlinker -print-memory-usage -Xlinker --sort-section=alignment -Xlinker --cref -mcpu=cortex-m33 -mfpu=fpv5-sp-d16 -mfloat-abi=hard -mthumb -T frdmmcxn947_lpspi_edma_b2b_transfer_master_cm33_core0_Debug.ld -o "frdmmcxn947_lpspi_edma_b2b_transfer_master_cm33_core0.axf" ./utilities/str/fsl_str.o  ./utilities/debug_console_lite/fsl_debug_console.o  ./utilities/fsl_assert.o ./utilities/fsl_memcpy.o  ./startup/boot_multicore_slave.o ./startup/startup_mcxn947_cm33_core0.o  ./source/lpspi_edma_b2b_transfer_master.o ./source/semihost_hardfault.o  ./drivers/fsl_clock.o ./drivers/fsl_common.o ./drivers/fsl_common_arm.o ./drivers/fsl_edma.o ./drivers/fsl_edma_soc.o ./drivers/fsl_gpio.o ./drivers/fsl_lpflexcomm.o ./drivers/fsl_lpspi.o ./drivers/fsl_lpspi_edma.o ./drivers/fsl_lpuart.o ./drivers/fsl_reset.o ./drivers/fsl_spc.o  ./device/system_MCXN947_cm33_core0.o  ./component/uart/fsl_adapter_lpuart.o  ./board/board.o ./board/clock_config.o ./board/hardware_init.o ./board/pin_mux.o   
Memory region         Used Size  Region Size  %age Used
  PROGRAM_FLASH0:       30644 B         1 MB      2.92%
  PROGRAM_FLASH1:          0 GB         1 MB      0.00%
            SRAM:        9384 B       384 KB      2.39%
           SRAMX:          0 GB        96 KB      0.00%
           SRAMH:          0 GB        32 KB      0.00%
         USB_RAM:          0 GB         4 KB      0.00%
Finished building target: frdmmcxn947_lpspi_edma_b2b_transfer_master_cm33_core0.axf
 
Performing post-build steps
arm-none-eabi-size "frdmmcxn947_lpspi_edma_b2b_transfer_master_cm33_core0.axf"; # arm-none-eabi-objcopy -v -O binary "frdmmcxn947_lpspi_edma_b2b_transfer_master_cm33_core0.axf" "frdmmcxn947_lpspi_edma_b2b_transfer_master_cm33_core0.bin" ; # checksum -p MCXN947 -d "frdmmcxn947_lpspi_edma_b2b_transfer_master_cm33_core0.bin";
   text	   data	    bss	    dec	    hex	filename
  30628	     16	   9368	  40012	   9c4c	frdmmcxn947_lpspi_edma_b2b_transfer_master_cm33_core0.axf
 

20:11:12 Build Finished. 0 errors, 0 warnings. (took 2s.933ms)

