06:09:07 **** Incremental Build of configuration Debug for project MCXN947_Project ****
make -r -j16 all 
Building file: ../source/MCXN947_Project.c
Building file: ../source/RobotTelemetry.c
Invoking: MCU C Compiler
Invoking: MCU C Compiler
arm-none-eabi-gcc -DCPU_MCXN947VDF -DCPU_MCXN947VDF_cm33 -DCPU_MCXN947VDF_cm33_core0 -DSERIAL_PORT_TYPE_UART=1 -DSDK_DEBUGCONSOLE=1 -DPRINTF_FLOAT_ENABLE=1 -D__MCUXPRESSO -D__USE_CMSIS -DDEBUG -D__REDLIB__ -I"C:\PROJECTS\EMBEDDED\FINAL_PROJECT\OMNIROVER\MCXN947_Project.zip_expanded\MCXN947_Project\drivers" -I"C:\PROJECTS\EMBEDDED\FINAL_PROJECT\OMNIROVER\MCXN947_Project.zip_expanded\MCXN947_Project\device" -I"C:\PROJECTS\EMBEDDED\FINAL_PROJECT\OMNIROVER\MCXN947_Project.zip_expanded\MCXN947_Project\utilities\debug_console" -I"C:\PROJECTS\EMBEDDED\FINAL_PROJECT\OMNIROVER\MCXN947_Project.zip_expanded\MCXN947_Project\component\uart" -I"C:\PROJECTS\EMBEDDED\FINAL_PROJECT\OMNIROVER\MCXN947_Project.zip_expanded\MCXN947_Project\utilities\debug_console\config" -I"C:\PROJECTS\EMBEDDED\FINAL_PROJECT\OMNIROVER\MCXN947_Project.zip_expanded\MCXN947_Project\component\serial_manager" -I"C:\PROJECTS\EMBEDDED\FINAL_PROJECT\OMNIROVER\MCXN947_Project.zip_expanded\MCXN947_Project\component\lists" -I"C:\PROJECTS\EMBEDDED\FINAL_PROJECT\OMNIROVER\MCXN947_Project.zip_expanded\MCXN947_Project\device\periph" -I"C:\PROJECTS\EMBEDDED\FINAL_PROJECT\OMNIROVER\MCXN947_Project.zip_expanded\MCXN947_Project\utilities" -I"C:\PROJECTS\EMBEDDED\FINAL_PROJECT\OMNIROVER\MCXN947_Project.zip_expanded\MCXN947_Project\CMSIS" -I"C:\PROJECTS\EMBEDDED\FINAL_PROJECT\OMNIROVER\MCXN947_Project.zip_expanded\MCXN947_Project\CMSIS\m-profile" -I"C:\PROJECTS\EMBEDDED\FINAL_PROJECT\OMNIROVER\MCXN947_Project.zip_expanded\MCXN947_Project\utilities\str" -I"C:\PROJECTS\EMBEDDED\FINAL_PROJECT\OMNIROVER\MCXN947_Project.zip_expanded\MCXN947_Project\board" -I"C:\PROJECTS\EMBEDDED\FINAL_PROJECT\OMNIROVER\MCXN947_Project.zip_expanded\MCXN947_Project\source" -O0 -fno-common -g3 -gdwarf-4 -Wall -c -ffunction-sections -fdata-sections -fno-builtin -fmerge-constants -fmacro-prefix-map="../source/"= -mcpu=cortex-m33 -mfpu=fpv5-sp-d16 -mfloat-abi=hard -mthumb -D__REDLIB__ -fstack-usage -specs=redlib.specs -MMD -MP -MF"source/MCXN947_Project.d" -MT"source/MCXN947_Project.o" -MT"source/MCXN947_Project.d" -o "source/MCXN947_Project.o" "../source/MCXN947_Project.c"
arm-none-eabi-gcc -DCPU_MCXN947VDF -DCPU_MCXN947VDF_cm33 -DCPU_MCXN947VDF_cm33_core0 -DSERIAL_PORT_TYPE_UART=1 -DSDK_DEBUGCONSOLE=1 -DPRINTF_FLOAT_ENABLE=1 -D__MCUXPRESSO -D__USE_CMSIS -DDEBUG -D__REDLIB__ -I"C:\PROJECTS\EMBEDDED\FINAL_PROJECT\OMNIROVER\MCXN947_Project.zip_expanded\MCXN947_Project\drivers" -I"C:\PROJECTS\EMBEDDED\FINAL_PROJECT\OMNIROVER\MCXN947_Project.zip_expanded\MCXN947_Project\device" -I"C:\PROJECTS\EMBEDDED\FINAL_PROJECT\OMNIROVER\MCXN947_Project.zip_expanded\MCXN947_Project\utilities\debug_console" -I"C:\PROJECTS\EMBEDDED\FINAL_PROJECT\OMNIROVER\MCXN947_Project.zip_expanded\MCXN947_Project\component\uart" -I"C:\PROJECTS\EMBEDDED\FINAL_PROJECT\OMNIROVER\MCXN947_Project.zip_expanded\MCXN947_Project\utilities\debug_console\config" -I"C:\PROJECTS\EMBEDDED\FINAL_PROJECT\OMNIROVER\MCXN947_Project.zip_expanded\MCXN947_Project\component\serial_manager" -I"C:\PROJECTS\EMBEDDED\FINAL_PROJECT\OMNIROVER\MCXN947_Project.zip_expanded\MCXN947_Project\component\lists" -I"C:\PROJECTS\EMBEDDED\FINAL_PROJECT\OMNIROVER\MCXN947_Project.zip_expanded\MCXN947_Project\device\periph" -I"C:\PROJECTS\EMBEDDED\FINAL_PROJECT\OMNIROVER\MCXN947_Project.zip_expanded\MCXN947_Project\utilities" -I"C:\PROJECTS\EMBEDDED\FINAL_PROJECT\OMNIROVER\MCXN947_Project.zip_expanded\MCXN947_Project\CMSIS" -I"C:\PROJECTS\EMBEDDED\FINAL_PROJECT\OMNIROVER\MCXN947_Project.zip_expanded\MCXN947_Project\CMSIS\m-profile" -I"C:\PROJECTS\EMBEDDED\FINAL_PROJECT\OMNIROVER\MCXN947_Project.zip_expanded\MCXN947_Project\utilities\str" -I"C:\PROJECTS\EMBEDDED\FINAL_PROJECT\OMNIROVER\MCXN947_Project.zip_expanded\MCXN947_Project\board" -I"C:\PROJECTS\EMBEDDED\FINAL_PROJECT\OMNIROVER\MCXN947_Project.zip_expanded\MCXN947_Project\source" -O0 -fno-common -g3 -gdwarf-4 -Wall -c -ffunction-sections -fdata-sections -fno-builtin -fmerge-constants -fmacro-prefix-map="../source/"= -mcpu=cortex-m33 -mfpu=fpv5-sp-d16 -mfloat-abi=hard -mthumb -D__REDLIB__ -fstack-usage -specs=redlib.specs -MMD -MP -MF"source/RobotTelemetry.d" -MT"source/RobotTelemetry.o" -MT"source/RobotTelemetry.d" -o "source/RobotTelemetry.o" "../source/RobotTelemetry.c"
Finished building: ../source/RobotTelemetry.c
 
Finished building: ../source/MCXN947_Project.c
 
Building target: MCXN947_Project.axf
Invoking: MCU Linker
arm-none-eabi-gcc -nostdlib -Xlinker -Map="MCXN947_Project.map" -Xlinker --gc-sections -Xlinker -print-memory-usage -Xlinker --sort-section=alignment -Xlinker --cref -mcpu=cortex-m33 -mfpu=fpv5-sp-d16 -mfloat-abi=hard -mthumb -T MCXN947_Project_Debug.ld -o "MCXN947_Project.axf" ./utilities/str/fsl_str.o  ./utilities/debug_console/fsl_debug_console.o  ./utilities/fsl_assert.o  ./startup/boot_multicore_slave.o ./startup/startup_mcxn947_cm33_core0.o  ./source/ADC_DRIVER.o ./source/ESP_SPI.o ./source/GPIO_DRIVER.o ./source/MCXN947_Project.o ./source/PWM_DRIVER.o ./source/RobotTelemetry.o ./source/TIMER_DRIVER.o ./source/semihost_hardfault.o  ./drivers/fsl_clock.o ./drivers/fsl_common.o ./drivers/fsl_common_arm.o ./drivers/fsl_ctimer.o ./drivers/fsl_gpio.o ./drivers/fsl_lpadc.o ./drivers/fsl_lpflexcomm.o ./drivers/fsl_lpi2c.o ./drivers/fsl_lpspi.o ./drivers/fsl_lptmr.o ./drivers/fsl_lpuart.o ./drivers/fsl_pwm.o ./drivers/fsl_reset.o ./drivers/fsl_spc.o ./drivers/fsl_vref.o ./drivers/omnidriver.o  ./device/system_MCXN947_cm33_core0.o  ./component/uart/fsl_adapter_lpuart.o  ./component/serial_manager/fsl_component_serial_manager.o ./component/serial_manager/fsl_component_serial_port_uart.o  ./component/lists/fsl_component_generic_list.o  ./board/board.o ./board/clock_config.o ./board/hardware_init.o ./board/peripherals.o ./board/pin_mux.o   
Memory region         Used Size  Region Size  %age Used
  PROGRAM_FLASH0:       43948 B         1 MB      4.19%
  PROGRAM_FLASH1:          0 GB         1 MB      0.00%
            SRAM:        9572 B       384 KB      2.43%
           SRAMX:          0 GB        96 KB      0.00%
           SRAMH:          0 GB        32 KB      0.00%
         USB_RAM:          0 GB         4 KB      0.00%
Finished building target: MCXN947_Project.axf
 
Performing post-build steps
arm-none-eabi-size "MCXN947_Project.axf"; # arm-none-eabi-objcopy -v -O binary "MCXN947_Project.axf" "MCXN947_Project.bin" ; # checksum -p MCXN947 -d "MCXN947_Project.bin";
   text	   data	    bss	    dec	    hex	filename
  43316	    632	   8940	  52888	   ce98	MCXN947_Project.axf
 
06:10:36 **** Incremental Build of configuration Debug for project MCXN947_Project ****
make -r -j16 all 
make[1]: Nothing to be done for 'main-build'.
Performing post-build steps
arm-none-eabi-size "MCXN947_Project.axf"; # arm-none-eabi-objcopy -v -O binary "MCXN947_Project.axf" "MCXN947_Project.bin" ; # checksum -p MCXN947 -d "MCXN947_Project.bin";
   text	   data	    bss	    dec	    hex	filename
  43316	    632	   8940	  52888	   ce98	MCXN947_Project.axf
 
06:12:01 **** Incremental Build of configuration Debug for project MCXN947_Project ****
make -r -j16 all 
Building file: ../source/MCXN947_Project.c
Invoking: MCU C Compiler
arm-none-eabi-gcc -DCPU_MCXN947VDF -DCPU_MCXN947VDF_cm33 -DCPU_MCXN947VDF_cm33_core0 -DSERIAL_PORT_TYPE_UART=1 -DSDK_DEBUGCONSOLE=1 -DPRINTF_FLOAT_ENABLE=1 -D__MCUXPRESSO -D__USE_CMSIS -DDEBUG -D__REDLIB__ -I"C:\PROJECTS\EMBEDDED\FINAL_PROJECT\OMNIROVER\MCXN947_Project.zip_expanded\MCXN947_Project\drivers" -I"C:\PROJECTS\EMBEDDED\FINAL_PROJECT\OMNIROVER\MCXN947_Project.zip_expanded\MCXN947_Project\device" -I"C:\PROJECTS\EMBEDDED\FINAL_PROJECT\OMNIROVER\MCXN947_Project.zip_expanded\MCXN947_Project\utilities\debug_console" -I"C:\PROJECTS\EMBEDDED\FINAL_PROJECT\OMNIROVER\MCXN947_Project.zip_expanded\MCXN947_Project\component\uart" -I"C:\PROJECTS\EMBEDDED\FINAL_PROJECT\OMNIROVER\MCXN947_Project.zip_expanded\MCXN947_Project\utilities\debug_console\config" -I"C:\PROJECTS\EMBEDDED\FINAL_PROJECT\OMNIROVER\MCXN947_Project.zip_expanded\MCXN947_Project\component\serial_manager" -I"C:\PROJECTS\EMBEDDED\FINAL_PROJECT\OMNIROVER\MCXN947_Project.zip_expanded\MCXN947_Project\component\lists" -I"C:\PROJECTS\EMBEDDED\FINAL_PROJECT\OMNIROVER\MCXN947_Project.zip_expanded\MCXN947_Project\device\periph" -I"C:\PROJECTS\EMBEDDED\FINAL_PROJECT\OMNIROVER\MCXN947_Project.zip_expanded\MCXN947_Project\utilities" -I"C:\PROJECTS\EMBEDDED\FINAL_PROJECT\OMNIROVER\MCXN947_Project.zip_expanded\MCXN947_Project\CMSIS" -I"C:\PROJECTS\EMBEDDED\FINAL_PROJECT\OMNIROVER\MCXN947_Project.zip_expanded\MCXN947_Project\CMSIS\m-profile" -I"C:\PROJECTS\EMBEDDED\FINAL_PROJECT\OMNIROVER\MCXN947_Project.zip_expanded\MCXN947_Project\utilities\str" -I"C:\PROJECTS\EMBEDDED\FINAL_PROJECT\OMNIROVER\MCXN947_Project.zip_expanded\MCXN947_Project\board" -I"C:\PROJECTS\EMBEDDED\FINAL_PROJECT\OMNIROVER\MCXN947_Project.zip_expanded\MCXN947_Project\source" -O0 -fno-common -g3 -gdwarf-4 -Wall -c -ffunction-sections -fdata-sections -fno-builtin -fmerge-constants -fmacro-prefix-map="../source/"= -mcpu=cortex-m33 -mfpu=fpv5-sp-d16 -mfloat-abi=hard -mthumb -D__REDLIB__ -fstack-usage -specs=redlib.specs -MMD -MP -MF"source/MCXN947_Project.d" -MT"source/MCXN947_Project.o" -MT"source/MCXN947_Project.d" -o "source/MCXN947_Project.o" "../source/MCXN947_Project.c"
Finished building: ../source/MCXN947_Project.c
 
Building target: MCXN947_Project.axf
Invoking: MCU Linker
arm-none-eabi-gcc -nostdlib -Xlinker -Map="MCXN947_Project.map" -Xlinker --gc-sections -Xlinker -print-memory-usage -Xlinker --sort-section=alignment -Xlinker --cref -mcpu=cortex-m33 -mfpu=fpv5-sp-d16 -mfloat-abi=hard -mthumb -T MCXN947_Project_Debug.ld -o "MCXN947_Project.axf" ./utilities/str/fsl_str.o  ./utilities/debug_console/fsl_debug_console.o  ./utilities/fsl_assert.o  ./startup/boot_multicore_slave.o ./startup/startup_mcxn947_cm33_core0.o  ./source/ADC_DRIVER.o ./source/ESP_SPI.o ./source/GPIO_DRIVER.o ./source/MCXN947_Project.o ./source/PWM_DRIVER.o ./source/RobotTelemetry.o ./source/TIMER_DRIVER.o ./source/semihost_hardfault.o  ./drivers/fsl_clock.o ./drivers/fsl_common.o ./drivers/fsl_common_arm.o ./drivers/fsl_ctimer.o ./drivers/fsl_gpio.o ./drivers/fsl_lpadc.o ./drivers/fsl_lpflexcomm.o ./drivers/fsl_lpi2c.o ./drivers/fsl_lpspi.o ./drivers/fsl_lptmr.o ./drivers/fsl_lpuart.o ./drivers/fsl_pwm.o ./drivers/fsl_reset.o ./drivers/fsl_spc.o ./drivers/fsl_vref.o ./drivers/omnidriver.o  ./device/system_MCXN947_cm33_core0.o  ./component/uart/fsl_adapter_lpuart.o  ./component/serial_manager/fsl_component_serial_manager.o ./component/serial_manager/fsl_component_serial_port_uart.o  ./component/lists/fsl_component_generic_list.o  ./board/board.o ./board/clock_config.o ./board/hardware_init.o ./board/peripherals.o ./board/pin_mux.o   
Memory region         Used Size  Region Size  %age Used
  PROGRAM_FLASH0:       43948 B         1 MB      4.19%
  PROGRAM_FLASH1:          0 GB         1 MB      0.00%
            SRAM:        9572 B       384 KB      2.43%
           SRAMX:          0 GB        96 KB      0.00%
           SRAMH:          0 GB        32 KB      0.00%
         USB_RAM:          0 GB         4 KB      0.00%
Finished building target: MCXN947_Project.axf
 
Performing post-build steps
arm-none-eabi-size "MCXN947_Project.axf"; # arm-none-eabi-objcopy -v -O binary "MCXN947_Project.axf" "MCXN947_Project.bin" ; # checksum -p MCXN947 -d "MCXN947_Project.bin";
   text	   data	    bss	    dec	    hex	filename
  43316	    632	   8940	  52888	   ce98	MCXN947_Project.axf
 
07:30:33 **** Incremental Build of configuration Debug for project MCXN947_Project ****
make -r -j16 all 
Building file: ../source/MCXN947_Project.c
Invoking: MCU C Compiler
arm-none-eabi-gcc -DCPU_MCXN947VDF -DCPU_MCXN947VDF_cm33 -DCPU_MCXN947VDF_cm33_core0 -DSERIAL_PORT_TYPE_UART=1 -DSDK_DEBUGCONSOLE=1 -DPRINTF_FLOAT_ENABLE=1 -D__MCUXPRESSO -D__USE_CMSIS -DDEBUG -D__REDLIB__ -I"C:\PROJECTS\EMBEDDED\FINAL_PROJECT\OMNIROVER\MCXN947_Project.zip_expanded\MCXN947_Project\drivers" -I"C:\PROJECTS\EMBEDDED\FINAL_PROJECT\OMNIROVER\MCXN947_Project.zip_expanded\MCXN947_Project\device" -I"C:\PROJECTS\EMBEDDED\FINAL_PROJECT\OMNIROVER\MCXN947_Project.zip_expanded\MCXN947_Project\utilities\debug_console" -I"C:\PROJECTS\EMBEDDED\FINAL_PROJECT\OMNIROVER\MCXN947_Project.zip_expanded\MCXN947_Project\component\uart" -I"C:\PROJECTS\EMBEDDED\FINAL_PROJECT\OMNIROVER\MCXN947_Project.zip_expanded\MCXN947_Project\utilities\debug_console\config" -I"C:\PROJECTS\EMBEDDED\FINAL_PROJECT\OMNIROVER\MCXN947_Project.zip_expanded\MCXN947_Project\component\serial_manager" -I"C:\PROJECTS\EMBEDDED\FINAL_PROJECT\OMNIROVER\MCXN947_Project.zip_expanded\MCXN947_Project\component\lists" -I"C:\PROJECTS\EMBEDDED\FINAL_PROJECT\OMNIROVER\MCXN947_Project.zip_expanded\MCXN947_Project\device\periph" -I"C:\PROJECTS\EMBEDDED\FINAL_PROJECT\OMNIROVER\MCXN947_Project.zip_expanded\MCXN947_Project\utilities" -I"C:\PROJECTS\EMBEDDED\FINAL_PROJECT\OMNIROVER\MCXN947_Project.zip_expanded\MCXN947_Project\CMSIS" -I"C:\PROJECTS\EMBEDDED\FINAL_PROJECT\OMNIROVER\MCXN947_Project.zip_expanded\MCXN947_Project\CMSIS\m-profile" -I"C:\PROJECTS\EMBEDDED\FINAL_PROJECT\OMNIROVER\MCXN947_Project.zip_expanded\MCXN947_Project\utilities\str" -I"C:\PROJECTS\EMBEDDED\FINAL_PROJECT\OMNIROVER\MCXN947_Project.zip_expanded\MCXN947_Project\board" -I"C:\PROJECTS\EMBEDDED\FINAL_PROJECT\OMNIROVER\MCXN947_Project.zip_expanded\MCXN947_Project\source" -O0 -fno-common -g3 -gdwarf-4 -Wall -c -ffunction-sections -fdata-sections -fno-builtin -fmerge-constants -fmacro-prefix-map="../source/"= -mcpu=cortex-m33 -mfpu=fpv5-sp-d16 -mfloat-abi=hard -mthumb -D__REDLIB__ -fstack-usage -specs=redlib.specs -MMD -MP -MF"source/MCXN947_Project.d" -MT"source/MCXN947_Project.o" -MT"source/MCXN947_Project.d" -o "source/MCXN947_Project.o" "../source/MCXN947_Project.c"
Finished building: ../source/MCXN947_Project.c
 
Building target: MCXN947_Project.axf
Invoking: MCU Linker
arm-none-eabi-gcc -nostdlib -Xlinker -Map="MCXN947_Project.map" -Xlinker --gc-sections -Xlinker -print-memory-usage -Xlinker --sort-section=alignment -Xlinker --cref -mcpu=cortex-m33 -mfpu=fpv5-sp-d16 -mfloat-abi=hard -mthumb -T MCXN947_Project_Debug.ld -o "MCXN947_Project.axf" ./utilities/str/fsl_str.o  ./utilities/debug_console/fsl_debug_console.o  ./utilities/fsl_assert.o  ./startup/boot_multicore_slave.o ./startup/startup_mcxn947_cm33_core0.o  ./source/ADC_DRIVER.o ./source/ESP_SPI.o ./source/GPIO_DRIVER.o ./source/MCXN947_Project.o ./source/PWM_DRIVER.o ./source/RobotTelemetry.o ./source/TIMER_DRIVER.o ./source/semihost_hardfault.o  ./drivers/fsl_clock.o ./drivers/fsl_common.o ./drivers/fsl_common_arm.o ./drivers/fsl_ctimer.o ./drivers/fsl_gpio.o ./drivers/fsl_lpadc.o ./drivers/fsl_lpflexcomm.o ./drivers/fsl_lpi2c.o ./drivers/fsl_lpspi.o ./drivers/fsl_lptmr.o ./drivers/fsl_lpuart.o ./drivers/fsl_pwm.o ./drivers/fsl_reset.o ./drivers/fsl_spc.o ./drivers/fsl_vref.o ./drivers/omnidriver.o  ./device/system_MCXN947_cm33_core0.o  ./component/uart/fsl_adapter_lpuart.o  ./component/serial_manager/fsl_component_serial_manager.o ./component/serial_manager/fsl_component_serial_port_uart.o  ./component/lists/fsl_component_generic_list.o  ./board/board.o ./board/clock_config.o ./board/hardware_init.o ./board/peripherals.o ./board/pin_mux.o   
Memory region         Used Size  Region Size  %age Used
  PROGRAM_FLASH0:       43948 B         1 MB      4.19%
  PROGRAM_FLASH1:          0 GB         1 MB      0.00%
            SRAM:        9572 B       384 KB      2.43%
           SRAMX:          0 GB        96 KB      0.00%
           SRAMH:          0 GB        32 KB      0.00%
         USB_RAM:          0 GB         4 KB      0.00%
Finished building target: MCXN947_Project.axf
 
Performing post-build steps
arm-none-eabi-size "MCXN947_Project.axf"; # arm-none-eabi-objcopy -v -O binary "MCXN947_Project.axf" "MCXN947_Project.bin" ; # checksum -p MCXN947 -d "MCXN947_Project.bin";
   text	   data	    bss	    dec	    hex	filename
  43316	    632	   8940	  52888	   ce98	MCXN947_Project.axf
 
08:57:26 **** Incremental Build of configuration Debug for project MCXN947_Project ****
make -r -j16 all 
Building file: ../source/MCXN947_Project.c
Invoking: MCU C Compiler
arm-none-eabi-gcc -DCPU_MCXN947VDF -DCPU_MCXN947VDF_cm33 -DCPU_MCXN947VDF_cm33_core0 -DSERIAL_PORT_TYPE_UART=1 -DSDK_DEBUGCONSOLE=1 -DPRINTF_FLOAT_ENABLE=1 -D__MCUXPRESSO -D__USE_CMSIS -DDEBUG -D__REDLIB__ -I"C:\PROJECTS\EMBEDDED\FINAL_PROJECT\OMNIROVER\MCXN947_Project.zip_expanded\MCXN947_Project\drivers" -I"C:\PROJECTS\EMBEDDED\FINAL_PROJECT\OMNIROVER\MCXN947_Project.zip_expanded\MCXN947_Project\device" -I"C:\PROJECTS\EMBEDDED\FINAL_PROJECT\OMNIROVER\MCXN947_Project.zip_expanded\MCXN947_Project\utilities\debug_console" -I"C:\PROJECTS\EMBEDDED\FINAL_PROJECT\OMNIROVER\MCXN947_Project.zip_expanded\MCXN947_Project\component\uart" -I"C:\PROJECTS\EMBEDDED\FINAL_PROJECT\OMNIROVER\MCXN947_Project.zip_expanded\MCXN947_Project\utilities\debug_console\config" -I"C:\PROJECTS\EMBEDDED\FINAL_PROJECT\OMNIROVER\MCXN947_Project.zip_expanded\MCXN947_Project\component\serial_manager" -I"C:\PROJECTS\EMBEDDED\FINAL_PROJECT\OMNIROVER\MCXN947_Project.zip_expanded\MCXN947_Project\component\lists" -I"C:\PROJECTS\EMBEDDED\FINAL_PROJECT\OMNIROVER\MCXN947_Project.zip_expanded\MCXN947_Project\device\periph" -I"C:\PROJECTS\EMBEDDED\FINAL_PROJECT\OMNIROVER\MCXN947_Project.zip_expanded\MCXN947_Project\utilities" -I"C:\PROJECTS\EMBEDDED\FINAL_PROJECT\OMNIROVER\MCXN947_Project.zip_expanded\MCXN947_Project\CMSIS" -I"C:\PROJECTS\EMBEDDED\FINAL_PROJECT\OMNIROVER\MCXN947_Project.zip_expanded\MCXN947_Project\CMSIS\m-profile" -I"C:\PROJECTS\EMBEDDED\FINAL_PROJECT\OMNIROVER\MCXN947_Project.zip_expanded\MCXN947_Project\utilities\str" -I"C:\PROJECTS\EMBEDDED\FINAL_PROJECT\OMNIROVER\MCXN947_Project.zip_expanded\MCXN947_Project\board" -I"C:\PROJECTS\EMBEDDED\FINAL_PROJECT\OMNIROVER\MCXN947_Project.zip_expanded\MCXN947_Project\source" -O0 -fno-common -g3 -gdwarf-4 -Wall -c -ffunction-sections -fdata-sections -fno-builtin -fmerge-constants -fmacro-prefix-map="../source/"= -mcpu=cortex-m33 -mfpu=fpv5-sp-d16 -mfloat-abi=hard -mthumb -D__REDLIB__ -fstack-usage -specs=redlib.specs -MMD -MP -MF"source/MCXN947_Project.d" -MT"source/MCXN947_Project.o" -MT"source/MCXN947_Project.d" -o "source/MCXN947_Project.o" "../source/MCXN947_Project.c"
Finished building: ../source/MCXN947_Project.c
 
Building target: MCXN947_Project.axf
Invoking: MCU Linker
arm-none-eabi-gcc -nostdlib -Xlinker -Map="MCXN947_Project.map" -Xlinker --gc-sections -Xlinker -print-memory-usage -Xlinker --sort-section=alignment -Xlinker --cref -mcpu=cortex-m33 -mfpu=fpv5-sp-d16 -mfloat-abi=hard -mthumb -T MCXN947_Project_Debug.ld -o "MCXN947_Project.axf" ./utilities/str/fsl_str.o  ./utilities/debug_console/fsl_debug_console.o  ./utilities/fsl_assert.o  ./startup/boot_multicore_slave.o ./startup/startup_mcxn947_cm33_core0.o  ./source/ADC_DRIVER.o ./source/ESP_SPI.o ./source/GPIO_DRIVER.o ./source/MCXN947_Project.o ./source/PWM_DRIVER.o ./source/RobotTelemetry.o ./source/TIMER_DRIVER.o ./source/semihost_hardfault.o  ./drivers/fsl_clock.o ./drivers/fsl_common.o ./drivers/fsl_common_arm.o ./drivers/fsl_ctimer.o ./drivers/fsl_gpio.o ./drivers/fsl_lpadc.o ./drivers/fsl_lpflexcomm.o ./drivers/fsl_lpi2c.o ./drivers/fsl_lpspi.o ./drivers/fsl_lptmr.o ./drivers/fsl_lpuart.o ./drivers/fsl_pwm.o ./drivers/fsl_reset.o ./drivers/fsl_spc.o ./drivers/fsl_vref.o ./drivers/omnidriver.o  ./device/system_MCXN947_cm33_core0.o  ./component/uart/fsl_adapter_lpuart.o  ./component/serial_manager/fsl_component_serial_manager.o ./component/serial_manager/fsl_component_serial_port_uart.o  ./component/lists/fsl_component_generic_list.o  ./board/board.o ./board/clock_config.o ./board/hardware_init.o ./board/peripherals.o ./board/pin_mux.o   
Memory region         Used Size  Region Size  %age Used
  PROGRAM_FLASH0:       43948 B         1 MB      4.19%
  PROGRAM_FLASH1:          0 GB         1 MB      0.00%
            SRAM:        9572 B       384 KB      2.43%
           SRAMX:          0 GB        96 KB      0.00%
           SRAMH:          0 GB        32 KB      0.00%
         USB_RAM:          0 GB         4 KB      0.00%
Finished building target: MCXN947_Project.axf
 
Performing post-build steps
arm-none-eabi-size "MCXN947_Project.axf"; # arm-none-eabi-objcopy -v -O binary "MCXN947_Project.axf" "MCXN947_Project.bin" ; # checksum -p MCXN947 -d "MCXN947_Project.bin";
   text	   data	    bss	    dec	    hex	filename
  43316	    632	   8940	  52888	   ce98	MCXN947_Project.axf
 
12:40:47 **** Incremental Build of configuration Debug for project MCXN947_Project ****
make -r -j16 all 
make[1]: Nothing to be done for 'main-build'.
Performing post-build steps
arm-none-eabi-size "MCXN947_Project.axf"; # arm-none-eabi-objcopy -v -O binary "MCXN947_Project.axf" "MCXN947_Project.bin" ; # checksum -p MCXN947 -d "MCXN947_Project.bin";
   text	   data	    bss	    dec	    hex	filename
  43316	    632	   8940	  52888	   ce98	MCXN947_Project.axf
 
14:17:33 **** Incremental Build of configuration Debug for project MCXN947_Project ****
make -r -j16 all 
Building file: ../source/RobotTelemetry.c
Invoking: MCU C Compiler
arm-none-eabi-gcc -DCPU_MCXN947VDF -DCPU_MCXN947VDF_cm33 -DCPU_MCXN947VDF_cm33_core0 -DSERIAL_PORT_TYPE_UART=1 -DSDK_DEBUGCONSOLE=1 -DPRINTF_FLOAT_ENABLE=1 -D__MCUXPRESSO -D__USE_CMSIS -DDEBUG -D__REDLIB__ -I"C:\PROJECTS\EMBEDDED\FINAL_PROJECT\OMNIROVER\MCXN947_Project.zip_expanded\MCXN947_Project\drivers" -I"C:\PROJECTS\EMBEDDED\FINAL_PROJECT\OMNIROVER\MCXN947_Project.zip_expanded\MCXN947_Project\device" -I"C:\PROJECTS\EMBEDDED\FINAL_PROJECT\OMNIROVER\MCXN947_Project.zip_expanded\MCXN947_Project\utilities\debug_console" -I"C:\PROJECTS\EMBEDDED\FINAL_PROJECT\OMNIROVER\MCXN947_Project.zip_expanded\MCXN947_Project\component\uart" -I"C:\PROJECTS\EMBEDDED\FINAL_PROJECT\OMNIROVER\MCXN947_Project.zip_expanded\MCXN947_Project\utilities\debug_console\config" -I"C:\PROJECTS\EMBEDDED\FINAL_PROJECT\OMNIROVER\MCXN947_Project.zip_expanded\MCXN947_Project\component\serial_manager" -I"C:\PROJECTS\EMBEDDED\FINAL_PROJECT\OMNIROVER\MCXN947_Project.zip_expanded\MCXN947_Project\component\lists" -I"C:\PROJECTS\EMBEDDED\FINAL_PROJECT\OMNIROVER\MCXN947_Project.zip_expanded\MCXN947_Project\device\periph" -I"C:\PROJECTS\EMBEDDED\FINAL_PROJECT\OMNIROVER\MCXN947_Project.zip_expanded\MCXN947_Project\utilities" -I"C:\PROJECTS\EMBEDDED\FINAL_PROJECT\OMNIROVER\MCXN947_Project.zip_expanded\MCXN947_Project\CMSIS" -I"C:\PROJECTS\EMBEDDED\FINAL_PROJECT\OMNIROVER\MCXN947_Project.zip_expanded\MCXN947_Project\CMSIS\m-profile" -I"C:\PROJECTS\EMBEDDED\FINAL_PROJECT\OMNIROVER\MCXN947_Project.zip_expanded\MCXN947_Project\utilities\str" -I"C:\PROJECTS\EMBEDDED\FINAL_PROJECT\OMNIROVER\MCXN947_Project.zip_expanded\MCXN947_Project\board" -I"C:\PROJECTS\EMBEDDED\FINAL_PROJECT\OMNIROVER\MCXN947_Project.zip_expanded\MCXN947_Project\source" -O0 -fno-common -g3 -gdwarf-4 -Wall -c -ffunction-sections -fdata-sections -fno-builtin -fmerge-constants -fmacro-prefix-map="../source/"= -mcpu=cortex-m33 -mfpu=fpv5-sp-d16 -mfloat-abi=hard -mthumb -D__REDLIB__ -fstack-usage -specs=redlib.specs -MMD -MP -MF"source/RobotTelemetry.d" -MT"source/RobotTelemetry.o" -MT"source/RobotTelemetry.d" -o "source/RobotTelemetry.o" "../source/RobotTelemetry.c"
Finished building: ../source/RobotTelemetry.c
 
Building target: MCXN947_Project.axf
Invoking: MCU Linker
arm-none-eabi-gcc -nostdlib -Xlinker -Map="MCXN947_Project.map" -Xlinker --gc-sections -Xlinker -print-memory-usage -Xlinker --sort-section=alignment -Xlinker --cref -mcpu=cortex-m33 -mfpu=fpv5-sp-d16 -mfloat-abi=hard -mthumb -T MCXN947_Project_Debug.ld -o "MCXN947_Project.axf" ./utilities/str/fsl_str.o  ./utilities/debug_console/fsl_debug_console.o  ./utilities/fsl_assert.o  ./startup/boot_multicore_slave.o ./startup/startup_mcxn947_cm33_core0.o  ./source/ADC_DRIVER.o ./source/ESP_SPI.o ./source/GPIO_DRIVER.o ./source/MCXN947_Project.o ./source/PWM_DRIVER.o ./source/RobotTelemetry.o ./source/TIMER_DRIVER.o ./source/semihost_hardfault.o  ./drivers/fsl_clock.o ./drivers/fsl_common.o ./drivers/fsl_common_arm.o ./drivers/fsl_ctimer.o ./drivers/fsl_gpio.o ./drivers/fsl_lpadc.o ./drivers/fsl_lpflexcomm.o ./drivers/fsl_lpi2c.o ./drivers/fsl_lpspi.o ./drivers/fsl_lptmr.o ./drivers/fsl_lpuart.o ./drivers/fsl_pwm.o ./drivers/fsl_reset.o ./drivers/fsl_spc.o ./drivers/fsl_vref.o ./drivers/omnidriver.o  ./device/system_MCXN947_cm33_core0.o  ./component/uart/fsl_adapter_lpuart.o  ./component/serial_manager/fsl_component_serial_manager.o ./component/serial_manager/fsl_component_serial_port_uart.o  ./component/lists/fsl_component_generic_list.o  ./board/board.o ./board/clock_config.o ./board/hardware_init.o ./board/peripherals.o ./board/pin_mux.o   
Memory region         Used Size  Region Size  %age Used
  PROGRAM_FLASH0:       44124 B         1 MB      4.21%
  PROGRAM_FLASH1:          0 GB         1 MB      0.00%
            SRAM:        9572 B       384 KB      2.43%
           SRAMX:          0 GB        96 KB      0.00%
           SRAMH:          0 GB        32 KB      0.00%
         USB_RAM:          0 GB         4 KB      0.00%
Finished building target: MCXN947_Project.axf
 
Performing post-build steps
arm-none-eabi-size "MCXN947_Project.axf"; # arm-none-eabi-objcopy -v -O binary "MCXN947_Project.axf" "MCXN947_Project.bin" ; # checksum -p MCXN947 -d "MCXN947_Project.bin";
   text	   data	    bss	    dec	    hex	filename
  43492	    632	   8940	  53064	   cf48	MCXN947_Project.axf
 
14:22:57 **** Incremental Build of configuration Debug for project MCXN947_Project ****
make -r -j16 all 
Building file: ../source/RobotTelemetry.c
Invoking: MCU C Compiler
arm-none-eabi-gcc -DCPU_MCXN947VDF -DCPU_MCXN947VDF_cm33 -DCPU_MCXN947VDF_cm33_core0 -DSERIAL_PORT_TYPE_UART=1 -DSDK_DEBUGCONSOLE=1 -DPRINTF_FLOAT_ENABLE=1 -D__MCUXPRESSO -D__USE_CMSIS -DDEBUG -D__REDLIB__ -I"C:\PROJECTS\EMBEDDED\FINAL_PROJECT\OMNIROVER\MCXN947_Project.zip_expanded\MCXN947_Project\drivers" -I"C:\PROJECTS\EMBEDDED\FINAL_PROJECT\OMNIROVER\MCXN947_Project.zip_expanded\MCXN947_Project\device" -I"C:\PROJECTS\EMBEDDED\FINAL_PROJECT\OMNIROVER\MCXN947_Project.zip_expanded\MCXN947_Project\utilities\debug_console" -I"C:\PROJECTS\EMBEDDED\FINAL_PROJECT\OMNIROVER\MCXN947_Project.zip_expanded\MCXN947_Project\component\uart" -I"C:\PROJECTS\EMBEDDED\FINAL_PROJECT\OMNIROVER\MCXN947_Project.zip_expanded\MCXN947_Project\utilities\debug_console\config" -I"C:\PROJECTS\EMBEDDED\FINAL_PROJECT\OMNIROVER\MCXN947_Project.zip_expanded\MCXN947_Project\component\serial_manager" -I"C:\PROJECTS\EMBEDDED\FINAL_PROJECT\OMNIROVER\MCXN947_Project.zip_expanded\MCXN947_Project\component\lists" -I"C:\PROJECTS\EMBEDDED\FINAL_PROJECT\OMNIROVER\MCXN947_Project.zip_expanded\MCXN947_Project\device\periph" -I"C:\PROJECTS\EMBEDDED\FINAL_PROJECT\OMNIROVER\MCXN947_Project.zip_expanded\MCXN947_Project\utilities" -I"C:\PROJECTS\EMBEDDED\FINAL_PROJECT\OMNIROVER\MCXN947_Project.zip_expanded\MCXN947_Project\CMSIS" -I"C:\PROJECTS\EMBEDDED\FINAL_PROJECT\OMNIROVER\MCXN947_Project.zip_expanded\MCXN947_Project\CMSIS\m-profile" -I"C:\PROJECTS\EMBEDDED\FINAL_PROJECT\OMNIROVER\MCXN947_Project.zip_expanded\MCXN947_Project\utilities\str" -I"C:\PROJECTS\EMBEDDED\FINAL_PROJECT\OMNIROVER\MCXN947_Project.zip_expanded\MCXN947_Project\board" -I"C:\PROJECTS\EMBEDDED\FINAL_PROJECT\OMNIROVER\MCXN947_Project.zip_expanded\MCXN947_Project\source" -O0 -fno-common -g3 -gdwarf-4 -Wall -c -ffunction-sections -fdata-sections -fno-builtin -fmerge-constants -fmacro-prefix-map="../source/"= -mcpu=cortex-m33 -mfpu=fpv5-sp-d16 -mfloat-abi=hard -mthumb -D__REDLIB__ -fstack-usage -specs=redlib.specs -MMD -MP -MF"source/RobotTelemetry.d" -MT"source/RobotTelemetry.o" -MT"source/RobotTelemetry.d" -o "source/RobotTelemetry.o" "../source/RobotTelemetry.c"
Finished building: ../source/RobotTelemetry.c
 
Building target: MCXN947_Project.axf
Invoking: MCU Linker
arm-none-eabi-gcc -nostdlib -Xlinker -Map="MCXN947_Project.map" -Xlinker --gc-sections -Xlinker -print-memory-usage -Xlinker --sort-section=alignment -Xlinker --cref -mcpu=cortex-m33 -mfpu=fpv5-sp-d16 -mfloat-abi=hard -mthumb -T MCXN947_Project_Debug.ld -o "MCXN947_Project.axf" ./utilities/str/fsl_str.o  ./utilities/debug_console/fsl_debug_console.o  ./utilities/fsl_assert.o  ./startup/boot_multicore_slave.o ./startup/startup_mcxn947_cm33_core0.o  ./source/ADC_DRIVER.o ./source/ESP_SPI.o ./source/GPIO_DRIVER.o ./source/MCXN947_Project.o ./source/PWM_DRIVER.o ./source/RobotTelemetry.o ./source/TIMER_DRIVER.o ./source/semihost_hardfault.o  ./drivers/fsl_clock.o ./drivers/fsl_common.o ./drivers/fsl_common_arm.o ./drivers/fsl_ctimer.o ./drivers/fsl_gpio.o ./drivers/fsl_lpadc.o ./drivers/fsl_lpflexcomm.o ./drivers/fsl_lpi2c.o ./drivers/fsl_lpspi.o ./drivers/fsl_lptmr.o ./drivers/fsl_lpuart.o ./drivers/fsl_pwm.o ./drivers/fsl_reset.o ./drivers/fsl_spc.o ./drivers/fsl_vref.o ./drivers/omnidriver.o  ./device/system_MCXN947_cm33_core0.o  ./component/uart/fsl_adapter_lpuart.o  ./component/serial_manager/fsl_component_serial_manager.o ./component/serial_manager/fsl_component_serial_port_uart.o  ./component/lists/fsl_component_generic_list.o  ./board/board.o ./board/clock_config.o ./board/hardware_init.o ./board/peripherals.o ./board/pin_mux.o   
Memory region         Used Size  Region Size  %age Used
  PROGRAM_FLASH0:       43948 B         1 MB      4.19%
  PROGRAM_FLASH1:          0 GB         1 MB      0.00%
            SRAM:        9572 B       384 KB      2.43%
           SRAMX:          0 GB        96 KB      0.00%
           SRAMH:          0 GB        32 KB      0.00%
         USB_RAM:          0 GB         4 KB      0.00%
Finished building target: MCXN947_Project.axf
 
Performing post-build steps
arm-none-eabi-size "MCXN947_Project.axf"; # arm-none-eabi-objcopy -v -O binary "MCXN947_Project.axf" "MCXN947_Project.bin" ; # checksum -p MCXN947 -d "MCXN947_Project.bin";
   text	   data	    bss	    dec	    hex	filename
  43316	    632	   8940	  52888	   ce98	MCXN947_Project.axf
 
14:53:40 **** Incremental Build of configuration Debug for project MCXN947_Project ****
make -r -j16 all 
make[1]: Nothing to be done for 'main-build'.
Performing post-build steps
arm-none-eabi-size "MCXN947_Project.axf"; # arm-none-eabi-objcopy -v -O binary "MCXN947_Project.axf" "MCXN947_Project.bin" ; # checksum -p MCXN947 -d "MCXN947_Project.bin";
   text	   data	    bss	    dec	    hex	filename
  43316	    632	   8940	  52888	   ce98	MCXN947_Project.axf
 
14:54:06 **** Incremental Build of configuration Debug for project MCXN947_Project ****
make -r -j16 all 
Building file: ../source/MCXN947_Project.c
Building file: ../source/RobotTelemetry.c
Building file: ../drivers/omnidriver.c
Invoking: MCU C Compiler
arm-none-eabi-gcc -DCPU_MCXN947VDF -DCPU_MCXN947VDF_cm33 -DCPU_MCXN947VDF_cm33_core0 -DSERIAL_PORT_TYPE_UART=1 -DSDK_DEBUGCONSOLE=1 -DPRINTF_FLOAT_ENABLE=1 -D__MCUXPRESSO -D__USE_CMSIS -DDEBUG -D__REDLIB__ -I"C:\PROJECTS\EMBEDDED\FINAL_PROJECT\OMNIROVER\MCXN947_Project.zip_expanded\MCXN947_Project\drivers" -I"C:\PROJECTS\EMBEDDED\FINAL_PROJECT\OMNIROVER\MCXN947_Project.zip_expanded\MCXN947_Project\device" -I"C:\PROJECTS\EMBEDDED\FINAL_PROJECT\OMNIROVER\MCXN947_Project.zip_expanded\MCXN947_Project\utilities\debug_console" -I"C:\PROJECTS\EMBEDDED\FINAL_PROJECT\OMNIROVER\MCXN947_Project.zip_expanded\MCXN947_Project\component\uart" -I"C:\PROJECTS\EMBEDDED\FINAL_PROJECT\OMNIROVER\MCXN947_Project.zip_expanded\MCXN947_Project\utilities\debug_console\config" -I"C:\PROJECTS\EMBEDDED\FINAL_PROJECT\OMNIROVER\MCXN947_Project.zip_expanded\MCXN947_Project\component\serial_manager" -I"C:\PROJECTS\EMBEDDED\FINAL_PROJECT\OMNIROVER\MCXN947_Project.zip_expanded\MCXN947_Project\component\lists" -I"C:\PROJECTS\EMBEDDED\FINAL_PROJECT\OMNIROVER\MCXN947_Project.zip_expanded\MCXN947_Project\device\periph" -I"C:\PROJECTS\EMBEDDED\FINAL_PROJECT\OMNIROVER\MCXN947_Project.zip_expanded\MCXN947_Project\utilities" -I"C:\PROJECTS\EMBEDDED\FINAL_PROJECT\OMNIROVER\MCXN947_Project.zip_expanded\MCXN947_Project\CMSIS" -I"C:\PROJECTS\EMBEDDED\FINAL_PROJECT\OMNIROVER\MCXN947_Project.zip_expanded\MCXN947_Project\CMSIS\m-profile" -I"C:\PROJECTS\EMBEDDED\FINAL_PROJECT\OMNIROVER\MCXN947_Project.zip_expanded\MCXN947_Project\utilities\str" -I"C:\PROJECTS\EMBEDDED\FINAL_PROJECT\OMNIROVER\MCXN947_Project.zip_expanded\MCXN947_Project\board" -I"C:\PROJECTS\EMBEDDED\FINAL_PROJECT\OMNIROVER\MCXN947_Project.zip_expanded\MCXN947_Project\source" -O0 -fno-common -g3 -gdwarf-4 -Wall -c -ffunction-sections -fdata-sections -fno-builtin -fmerge-constants -fmacro-prefix-map="../source/"= -mcpu=cortex-m33 -mfpu=fpv5-sp-d16 -mfloat-abi=hard -mthumb -D__REDLIB__ -fstack-usage -specs=redlib.specs -MMD -MP -MF"source/MCXN947_Project.d" -MT"source/MCXN947_Project.o" -MT"source/MCXN947_Project.d" -o "source/MCXN947_Project.o" "../source/MCXN947_Project.c"
Invoking: MCU C Compiler
Invoking: MCU C Compiler
arm-none-eabi-gcc -DCPU_MCXN947VDF -DCPU_MCXN947VDF_cm33 -DCPU_MCXN947VDF_cm33_core0 -DSERIAL_PORT_TYPE_UART=1 -DSDK_DEBUGCONSOLE=1 -DPRINTF_FLOAT_ENABLE=1 -D__MCUXPRESSO -D__USE_CMSIS -DDEBUG -D__REDLIB__ -I"C:\PROJECTS\EMBEDDED\FINAL_PROJECT\OMNIROVER\MCXN947_Project.zip_expanded\MCXN947_Project\drivers" -I"C:\PROJECTS\EMBEDDED\FINAL_PROJECT\OMNIROVER\MCXN947_Project.zip_expanded\MCXN947_Project\device" -I"C:\PROJECTS\EMBEDDED\FINAL_PROJECT\OMNIROVER\MCXN947_Project.zip_expanded\MCXN947_Project\utilities\debug_console" -I"C:\PROJECTS\EMBEDDED\FINAL_PROJECT\OMNIROVER\MCXN947_Project.zip_expanded\MCXN947_Project\component\uart" -I"C:\PROJECTS\EMBEDDED\FINAL_PROJECT\OMNIROVER\MCXN947_Project.zip_expanded\MCXN947_Project\utilities\debug_console\config" -I"C:\PROJECTS\EMBEDDED\FINAL_PROJECT\OMNIROVER\MCXN947_Project.zip_expanded\MCXN947_Project\component\serial_manager" -I"C:\PROJECTS\EMBEDDED\FINAL_PROJECT\OMNIROVER\MCXN947_Project.zip_expanded\MCXN947_Project\component\lists" -I"C:\PROJECTS\EMBEDDED\FINAL_PROJECT\OMNIROVER\MCXN947_Project.zip_expanded\MCXN947_Project\device\periph" -I"C:\PROJECTS\EMBEDDED\FINAL_PROJECT\OMNIROVER\MCXN947_Project.zip_expanded\MCXN947_Project\utilities" -I"C:\PROJECTS\EMBEDDED\FINAL_PROJECT\OMNIROVER\MCXN947_Project.zip_expanded\MCXN947_Project\CMSIS" -I"C:\PROJECTS\EMBEDDED\FINAL_PROJECT\OMNIROVER\MCXN947_Project.zip_expanded\MCXN947_Project\CMSIS\m-profile" -I"C:\PROJECTS\EMBEDDED\FINAL_PROJECT\OMNIROVER\MCXN947_Project.zip_expanded\MCXN947_Project\utilities\str" -I"C:\PROJECTS\EMBEDDED\FINAL_PROJECT\OMNIROVER\MCXN947_Project.zip_expanded\MCXN947_Project\board" -I"C:\PROJECTS\EMBEDDED\FINAL_PROJECT\OMNIROVER\MCXN947_Project.zip_expanded\MCXN947_Project\source" -O0 -fno-common -g3 -gdwarf-4 -Wall -c -ffunction-sections -fdata-sections -fno-builtin -fmerge-constants -fmacro-prefix-map="../source/"= -mcpu=cortex-m33 -mfpu=fpv5-sp-d16 -mfloat-abi=hard -mthumb -D__REDLIB__ -fstack-usage -specs=redlib.specs -MMD -MP -MF"source/RobotTelemetry.d" -MT"source/RobotTelemetry.o" -MT"source/RobotTelemetry.d" -o "source/RobotTelemetry.o" "../source/RobotTelemetry.c"
arm-none-eabi-gcc -DCPU_MCXN947VDF -DCPU_MCXN947VDF_cm33 -DCPU_MCXN947VDF_cm33_core0 -DSERIAL_PORT_TYPE_UART=1 -DSDK_DEBUGCONSOLE=1 -DPRINTF_FLOAT_ENABLE=1 -D__MCUXPRESSO -D__USE_CMSIS -DDEBUG -D__REDLIB__ -I"C:\PROJECTS\EMBEDDED\FINAL_PROJECT\OMNIROVER\MCXN947_Project.zip_expanded\MCXN947_Project\drivers" -I"C:\PROJECTS\EMBEDDED\FINAL_PROJECT\OMNIROVER\MCXN947_Project.zip_expanded\MCXN947_Project\device" -I"C:\PROJECTS\EMBEDDED\FINAL_PROJECT\OMNIROVER\MCXN947_Project.zip_expanded\MCXN947_Project\utilities\debug_console" -I"C:\PROJECTS\EMBEDDED\FINAL_PROJECT\OMNIROVER\MCXN947_Project.zip_expanded\MCXN947_Project\component\uart" -I"C:\PROJECTS\EMBEDDED\FINAL_PROJECT\OMNIROVER\MCXN947_Project.zip_expanded\MCXN947_Project\utilities\debug_console\config" -I"C:\PROJECTS\EMBEDDED\FINAL_PROJECT\OMNIROVER\MCXN947_Project.zip_expanded\MCXN947_Project\component\serial_manager" -I"C:\PROJECTS\EMBEDDED\FINAL_PROJECT\OMNIROVER\MCXN947_Project.zip_expanded\MCXN947_Project\component\lists" -I"C:\PROJECTS\EMBEDDED\FINAL_PROJECT\OMNIROVER\MCXN947_Project.zip_expanded\MCXN947_Project\device\periph" -I"C:\PROJECTS\EMBEDDED\FINAL_PROJECT\OMNIROVER\MCXN947_Project.zip_expanded\MCXN947_Project\utilities" -I"C:\PROJECTS\EMBEDDED\FINAL_PROJECT\OMNIROVER\MCXN947_Project.zip_expanded\MCXN947_Project\CMSIS" -I"C:\PROJECTS\EMBEDDED\FINAL_PROJECT\OMNIROVER\MCXN947_Project.zip_expanded\MCXN947_Project\CMSIS\m-profile" -I"C:\PROJECTS\EMBEDDED\FINAL_PROJECT\OMNIROVER\MCXN947_Project.zip_expanded\MCXN947_Project\utilities\str" -I"C:\PROJECTS\EMBEDDED\FINAL_PROJECT\OMNIROVER\MCXN947_Project.zip_expanded\MCXN947_Project\board" -I"C:\PROJECTS\EMBEDDED\FINAL_PROJECT\OMNIROVER\MCXN947_Project.zip_expanded\MCXN947_Project\source" -O0 -fno-common -g3 -gdwarf-4 -Wall -c -ffunction-sections -fdata-sections -fno-builtin -fmerge-constants -fmacro-prefix-map="../drivers/"= -mcpu=cortex-m33 -mfpu=fpv5-sp-d16 -mfloat-abi=hard -mthumb -D__REDLIB__ -fstack-usage -specs=redlib.specs -MMD -MP -MF"drivers/omnidriver.d" -MT"drivers/omnidriver.o" -MT"drivers/omnidriver.d" -o "drivers/omnidriver.o" "../drivers/omnidriver.c"
Finished building: ../source/RobotTelemetry.c
 
Finished building: ../drivers/omnidriver.c
 
Finished building: ../source/MCXN947_Project.c
 
Building target: MCXN947_Project.axf
Invoking: MCU Linker
arm-none-eabi-gcc -nostdlib -Xlinker -Map="MCXN947_Project.map" -Xlinker --gc-sections -Xlinker -print-memory-usage -Xlinker --sort-section=alignment -Xlinker --cref -mcpu=cortex-m33 -mfpu=fpv5-sp-d16 -mfloat-abi=hard -mthumb -T MCXN947_Project_Debug.ld -o "MCXN947_Project.axf" ./utilities/str/fsl_str.o  ./utilities/debug_console/fsl_debug_console.o  ./utilities/fsl_assert.o  ./startup/boot_multicore_slave.o ./startup/startup_mcxn947_cm33_core0.o  ./source/ADC_DRIVER.o ./source/ESP_SPI.o ./source/GPIO_DRIVER.o ./source/MCXN947_Project.o ./source/PWM_DRIVER.o ./source/RobotTelemetry.o ./source/TIMER_DRIVER.o ./source/semihost_hardfault.o  ./drivers/fsl_clock.o ./drivers/fsl_common.o ./drivers/fsl_common_arm.o ./drivers/fsl_ctimer.o ./drivers/fsl_gpio.o ./drivers/fsl_lpadc.o ./drivers/fsl_lpflexcomm.o ./drivers/fsl_lpi2c.o ./drivers/fsl_lpspi.o ./drivers/fsl_lptmr.o ./drivers/fsl_lpuart.o ./drivers/fsl_pwm.o ./drivers/fsl_reset.o ./drivers/fsl_spc.o ./drivers/fsl_vref.o ./drivers/omnidriver.o  ./device/system_MCXN947_cm33_core0.o  ./component/uart/fsl_adapter_lpuart.o  ./component/serial_manager/fsl_component_serial_manager.o ./component/serial_manager/fsl_component_serial_port_uart.o  ./component/lists/fsl_component_generic_list.o  ./board/board.o ./board/clock_config.o ./board/hardware_init.o ./board/peripherals.o ./board/pin_mux.o   
Memory region         Used Size  Region Size  %age Used
  PROGRAM_FLASH0:       43948 B         1 MB      4.19%
  PROGRAM_FLASH1:          0 GB         1 MB      0.00%
            SRAM:        9572 B       384 KB      2.43%
           SRAMX:          0 GB        96 KB      0.00%
           SRAMH:          0 GB        32 KB      0.00%
         USB_RAM:          0 GB         4 KB      0.00%
Finished building target: MCXN947_Project.axf
 
Performing post-build steps
arm-none-eabi-size "MCXN947_Project.axf"; # arm-none-eabi-objcopy -v -O binary "MCXN947_Project.axf" "MCXN947_Project.bin" ; # checksum -p MCXN947 -d "MCXN947_Project.bin";
   text	   data	    bss	    dec	    hex	filename
  43316	    632	   8940	  52888	   ce98	MCXN947_Project.axf
 
16:22:29 **** Incremental Build of configuration Debug for project MCXN947_Project ****
make -r -j16 all 
Building file: ../source/MCXN947_Project.c
Building file: ../source/RobotTelemetry.c
Building file: ../drivers/omnidriver.c
Invoking: MCU C Compiler
arm-none-eabi-gcc -DCPU_MCXN947VDF -DCPU_MCXN947VDF_cm33 -DCPU_MCXN947VDF_cm33_core0 -DSERIAL_PORT_TYPE_UART=1 -DSDK_DEBUGCONSOLE=1 -DPRINTF_FLOAT_ENABLE=1 -D__MCUXPRESSO -D__USE_CMSIS -DDEBUG -D__REDLIB__ -I"C:\PROJECTS\EMBEDDED\FINAL_PROJECT\OMNIROVER\MCXN947_Project.zip_expanded\MCXN947_Project\drivers" -I"C:\PROJECTS\EMBEDDED\FINAL_PROJECT\OMNIROVER\MCXN947_Project.zip_expanded\MCXN947_Project\device" -I"C:\PROJECTS\EMBEDDED\FINAL_PROJECT\OMNIROVER\MCXN947_Project.zip_expanded\MCXN947_Project\utilities\debug_console" -I"C:\PROJECTS\EMBEDDED\FINAL_PROJECT\OMNIROVER\MCXN947_Project.zip_expanded\MCXN947_Project\component\uart" -I"C:\PROJECTS\EMBEDDED\FINAL_PROJECT\OMNIROVER\MCXN947_Project.zip_expanded\MCXN947_Project\utilities\debug_console\config" -I"C:\PROJECTS\EMBEDDED\FINAL_PROJECT\OMNIROVER\MCXN947_Project.zip_expanded\MCXN947_Project\component\serial_manager" -I"C:\PROJECTS\EMBEDDED\FINAL_PROJECT\OMNIROVER\MCXN947_Project.zip_expanded\MCXN947_Project\component\lists" -I"C:\PROJECTS\EMBEDDED\FINAL_PROJECT\OMNIROVER\MCXN947_Project.zip_expanded\MCXN947_Project\device\periph" -I"C:\PROJECTS\EMBEDDED\FINAL_PROJECT\OMNIROVER\MCXN947_Project.zip_expanded\MCXN947_Project\utilities" -I"C:\PROJECTS\EMBEDDED\FINAL_PROJECT\OMNIROVER\MCXN947_Project.zip_expanded\MCXN947_Project\CMSIS" -I"C:\PROJECTS\EMBEDDED\FINAL_PROJECT\OMNIROVER\MCXN947_Project.zip_expanded\MCXN947_Project\CMSIS\m-profile" -I"C:\PROJECTS\EMBEDDED\FINAL_PROJECT\OMNIROVER\MCXN947_Project.zip_expanded\MCXN947_Project\utilities\str" -I"C:\PROJECTS\EMBEDDED\FINAL_PROJECT\OMNIROVER\MCXN947_Project.zip_expanded\MCXN947_Project\board" -I"C:\PROJECTS\EMBEDDED\FINAL_PROJECT\OMNIROVER\MCXN947_Project.zip_expanded\MCXN947_Project\source" -O0 -fno-common -g3 -gdwarf-4 -Wall -c -ffunction-sections -fdata-sections -fno-builtin -fmerge-constants -fmacro-prefix-map="../source/"= -mcpu=cortex-m33 -mfpu=fpv5-sp-d16 -mfloat-abi=hard -mthumb -D__REDLIB__ -fstack-usage -specs=redlib.specs -MMD -MP -MF"source/MCXN947_Project.d" -MT"source/MCXN947_Project.o" -MT"source/MCXN947_Project.d" -o "source/MCXN947_Project.o" "../source/MCXN947_Project.c"
Invoking: MCU C Compiler
Invoking: MCU C Compiler
arm-none-eabi-gcc -DCPU_MCXN947VDF -DCPU_MCXN947VDF_cm33 -DCPU_MCXN947VDF_cm33_core0 -DSERIAL_PORT_TYPE_UART=1 -DSDK_DEBUGCONSOLE=1 -DPRINTF_FLOAT_ENABLE=1 -D__MCUXPRESSO -D__USE_CMSIS -DDEBUG -D__REDLIB__ -I"C:\PROJECTS\EMBEDDED\FINAL_PROJECT\OMNIROVER\MCXN947_Project.zip_expanded\MCXN947_Project\drivers" -I"C:\PROJECTS\EMBEDDED\FINAL_PROJECT\OMNIROVER\MCXN947_Project.zip_expanded\MCXN947_Project\device" -I"C:\PROJECTS\EMBEDDED\FINAL_PROJECT\OMNIROVER\MCXN947_Project.zip_expanded\MCXN947_Project\utilities\debug_console" -I"C:\PROJECTS\EMBEDDED\FINAL_PROJECT\OMNIROVER\MCXN947_Project.zip_expanded\MCXN947_Project\component\uart" -I"C:\PROJECTS\EMBEDDED\FINAL_PROJECT\OMNIROVER\MCXN947_Project.zip_expanded\MCXN947_Project\utilities\debug_console\config" -I"C:\PROJECTS\EMBEDDED\FINAL_PROJECT\OMNIROVER\MCXN947_Project.zip_expanded\MCXN947_Project\component\serial_manager" -I"C:\PROJECTS\EMBEDDED\FINAL_PROJECT\OMNIROVER\MCXN947_Project.zip_expanded\MCXN947_Project\component\lists" -I"C:\PROJECTS\EMBEDDED\FINAL_PROJECT\OMNIROVER\MCXN947_Project.zip_expanded\MCXN947_Project\device\periph" -I"C:\PROJECTS\EMBEDDED\FINAL_PROJECT\OMNIROVER\MCXN947_Project.zip_expanded\MCXN947_Project\utilities" -I"C:\PROJECTS\EMBEDDED\FINAL_PROJECT\OMNIROVER\MCXN947_Project.zip_expanded\MCXN947_Project\CMSIS" -I"C:\PROJECTS\EMBEDDED\FINAL_PROJECT\OMNIROVER\MCXN947_Project.zip_expanded\MCXN947_Project\CMSIS\m-profile" -I"C:\PROJECTS\EMBEDDED\FINAL_PROJECT\OMNIROVER\MCXN947_Project.zip_expanded\MCXN947_Project\utilities\str" -I"C:\PROJECTS\EMBEDDED\FINAL_PROJECT\OMNIROVER\MCXN947_Project.zip_expanded\MCXN947_Project\board" -I"C:\PROJECTS\EMBEDDED\FINAL_PROJECT\OMNIROVER\MCXN947_Project.zip_expanded\MCXN947_Project\source" -O0 -fno-common -g3 -gdwarf-4 -Wall -c -ffunction-sections -fdata-sections -fno-builtin -fmerge-constants -fmacro-prefix-map="../source/"= -mcpu=cortex-m33 -mfpu=fpv5-sp-d16 -mfloat-abi=hard -mthumb -D__REDLIB__ -fstack-usage -specs=redlib.specs -MMD -MP -MF"source/RobotTelemetry.d" -MT"source/RobotTelemetry.o" -MT"source/RobotTelemetry.d" -o "source/RobotTelemetry.o" "../source/RobotTelemetry.c"
arm-none-eabi-gcc -DCPU_MCXN947VDF -DCPU_MCXN947VDF_cm33 -DCPU_MCXN947VDF_cm33_core0 -DSERIAL_PORT_TYPE_UART=1 -DSDK_DEBUGCONSOLE=1 -DPRINTF_FLOAT_ENABLE=1 -D__MCUXPRESSO -D__USE_CMSIS -DDEBUG -D__REDLIB__ -I"C:\PROJECTS\EMBEDDED\FINAL_PROJECT\OMNIROVER\MCXN947_Project.zip_expanded\MCXN947_Project\drivers" -I"C:\PROJECTS\EMBEDDED\FINAL_PROJECT\OMNIROVER\MCXN947_Project.zip_expanded\MCXN947_Project\device" -I"C:\PROJECTS\EMBEDDED\FINAL_PROJECT\OMNIROVER\MCXN947_Project.zip_expanded\MCXN947_Project\utilities\debug_console" -I"C:\PROJECTS\EMBEDDED\FINAL_PROJECT\OMNIROVER\MCXN947_Project.zip_expanded\MCXN947_Project\component\uart" -I"C:\PROJECTS\EMBEDDED\FINAL_PROJECT\OMNIROVER\MCXN947_Project.zip_expanded\MCXN947_Project\utilities\debug_console\config" -I"C:\PROJECTS\EMBEDDED\FINAL_PROJECT\OMNIROVER\MCXN947_Project.zip_expanded\MCXN947_Project\component\serial_manager" -I"C:\PROJECTS\EMBEDDED\FINAL_PROJECT\OMNIROVER\MCXN947_Project.zip_expanded\MCXN947_Project\component\lists" -I"C:\PROJECTS\EMBEDDED\FINAL_PROJECT\OMNIROVER\MCXN947_Project.zip_expanded\MCXN947_Project\device\periph" -I"C:\PROJECTS\EMBEDDED\FINAL_PROJECT\OMNIROVER\MCXN947_Project.zip_expanded\MCXN947_Project\utilities" -I"C:\PROJECTS\EMBEDDED\FINAL_PROJECT\OMNIROVER\MCXN947_Project.zip_expanded\MCXN947_Project\CMSIS" -I"C:\PROJECTS\EMBEDDED\FINAL_PROJECT\OMNIROVER\MCXN947_Project.zip_expanded\MCXN947_Project\CMSIS\m-profile" -I"C:\PROJECTS\EMBEDDED\FINAL_PROJECT\OMNIROVER\MCXN947_Project.zip_expanded\MCXN947_Project\utilities\str" -I"C:\PROJECTS\EMBEDDED\FINAL_PROJECT\OMNIROVER\MCXN947_Project.zip_expanded\MCXN947_Project\board" -I"C:\PROJECTS\EMBEDDED\FINAL_PROJECT\OMNIROVER\MCXN947_Project.zip_expanded\MCXN947_Project\source" -O0 -fno-common -g3 -gdwarf-4 -Wall -c -ffunction-sections -fdata-sections -fno-builtin -fmerge-constants -fmacro-prefix-map="../drivers/"= -mcpu=cortex-m33 -mfpu=fpv5-sp-d16 -mfloat-abi=hard -mthumb -D__REDLIB__ -fstack-usage -specs=redlib.specs -MMD -MP -MF"drivers/omnidriver.d" -MT"drivers/omnidriver.o" -MT"drivers/omnidriver.d" -o "drivers/omnidriver.o" "../drivers/omnidriver.c"
Finished building: ../source/RobotTelemetry.c
Finished building: ../drivers/omnidriver.c
Finished building: ../source/MCXN947_Project.c
 
 
 
Building target: MCXN947_Project.axf
Invoking: MCU Linker
arm-none-eabi-gcc -nostdlib -Xlinker -Map="MCXN947_Project.map" -Xlinker --gc-sections -Xlinker -print-memory-usage -Xlinker --sort-section=alignment -Xlinker --cref -mcpu=cortex-m33 -mfpu=fpv5-sp-d16 -mfloat-abi=hard -mthumb -T MCXN947_Project_Debug.ld -o "MCXN947_Project.axf" ./utilities/str/fsl_str.o  ./utilities/debug_console/fsl_debug_console.o  ./utilities/fsl_assert.o  ./startup/boot_multicore_slave.o ./startup/startup_mcxn947_cm33_core0.o  ./source/ADC_DRIVER.o ./source/ESP_SPI.o ./source/GPIO_DRIVER.o ./source/MCXN947_Project.o ./source/PWM_DRIVER.o ./source/RobotTelemetry.o ./source/TIMER_DRIVER.o ./source/semihost_hardfault.o  ./drivers/fsl_clock.o ./drivers/fsl_common.o ./drivers/fsl_common_arm.o ./drivers/fsl_ctimer.o ./drivers/fsl_gpio.o ./drivers/fsl_lpadc.o ./drivers/fsl_lpflexcomm.o ./drivers/fsl_lpi2c.o ./drivers/fsl_lpspi.o ./drivers/fsl_lptmr.o ./drivers/fsl_lpuart.o ./drivers/fsl_pwm.o ./drivers/fsl_reset.o ./drivers/fsl_spc.o ./drivers/fsl_vref.o ./drivers/omnidriver.o  ./device/system_MCXN947_cm33_core0.o  ./component/uart/fsl_adapter_lpuart.o  ./component/serial_manager/fsl_component_serial_manager.o ./component/serial_manager/fsl_component_serial_port_uart.o  ./component/lists/fsl_component_generic_list.o  ./board/board.o ./board/clock_config.o ./board/hardware_init.o ./board/peripherals.o ./board/pin_mux.o   
Memory region         Used Size  Region Size  %age Used
  PROGRAM_FLASH0:       43948 B         1 MB      4.19%
  PROGRAM_FLASH1:          0 GB         1 MB      0.00%
            SRAM:        9572 B       384 KB      2.43%
           SRAMX:          0 GB        96 KB      0.00%
           SRAMH:          0 GB        32 KB      0.00%
         USB_RAM:          0 GB         4 KB      0.00%
Finished building target: MCXN947_Project.axf
 
Performing post-build steps
arm-none-eabi-size "MCXN947_Project.axf"; # arm-none-eabi-objcopy -v -O binary "MCXN947_Project.axf" "MCXN947_Project.bin" ; # checksum -p MCXN947 -d "MCXN947_Project.bin";
   text	   data	    bss	    dec	    hex	filename
  43316	    632	   8940	  52888	   ce98	MCXN947_Project.axf
 
16:25:07 **** Incremental Build of configuration Debug for project MCXN947_Project ****
make -r -j16 all 
Building file: ../source/MCXN947_Project.c
Building file: ../source/RobotTelemetry.c
Building file: ../drivers/omnidriver.c
Invoking: MCU C Compiler
arm-none-eabi-gcc -DCPU_MCXN947VDF -DCPU_MCXN947VDF_cm33 -DCPU_MCXN947VDF_cm33_core0 -DSERIAL_PORT_TYPE_UART=1 -DSDK_DEBUGCONSOLE=1 -DPRINTF_FLOAT_ENABLE=1 -D__MCUXPRESSO -D__USE_CMSIS -DDEBUG -D__REDLIB__ -I"C:\PROJECTS\EMBEDDED\FINAL_PROJECT\OMNIROVER\MCXN947_Project.zip_expanded\MCXN947_Project\drivers" -I"C:\PROJECTS\EMBEDDED\FINAL_PROJECT\OMNIROVER\MCXN947_Project.zip_expanded\MCXN947_Project\device" -I"C:\PROJECTS\EMBEDDED\FINAL_PROJECT\OMNIROVER\MCXN947_Project.zip_expanded\MCXN947_Project\utilities\debug_console" -I"C:\PROJECTS\EMBEDDED\FINAL_PROJECT\OMNIROVER\MCXN947_Project.zip_expanded\MCXN947_Project\component\uart" -I"C:\PROJECTS\EMBEDDED\FINAL_PROJECT\OMNIROVER\MCXN947_Project.zip_expanded\MCXN947_Project\utilities\debug_console\config" -I"C:\PROJECTS\EMBEDDED\FINAL_PROJECT\OMNIROVER\MCXN947_Project.zip_expanded\MCXN947_Project\component\serial_manager" -I"C:\PROJECTS\EMBEDDED\FINAL_PROJECT\OMNIROVER\MCXN947_Project.zip_expanded\MCXN947_Project\component\lists" -I"C:\PROJECTS\EMBEDDED\FINAL_PROJECT\OMNIROVER\MCXN947_Project.zip_expanded\MCXN947_Project\device\periph" -I"C:\PROJECTS\EMBEDDED\FINAL_PROJECT\OMNIROVER\MCXN947_Project.zip_expanded\MCXN947_Project\utilities" -I"C:\PROJECTS\EMBEDDED\FINAL_PROJECT\OMNIROVER\MCXN947_Project.zip_expanded\MCXN947_Project\CMSIS" -I"C:\PROJECTS\EMBEDDED\FINAL_PROJECT\OMNIROVER\MCXN947_Project.zip_expanded\MCXN947_Project\CMSIS\m-profile" -I"C:\PROJECTS\EMBEDDED\FINAL_PROJECT\OMNIROVER\MCXN947_Project.zip_expanded\MCXN947_Project\utilities\str" -I"C:\PROJECTS\EMBEDDED\FINAL_PROJECT\OMNIROVER\MCXN947_Project.zip_expanded\MCXN947_Project\board" -I"C:\PROJECTS\EMBEDDED\FINAL_PROJECT\OMNIROVER\MCXN947_Project.zip_expanded\MCXN947_Project\source" -O0 -fno-common -g3 -gdwarf-4 -Wall -c -ffunction-sections -fdata-sections -fno-builtin -fmerge-constants -fmacro-prefix-map="../source/"= -mcpu=cortex-m33 -mfpu=fpv5-sp-d16 -mfloat-abi=hard -mthumb -D__REDLIB__ -fstack-usage -specs=redlib.specs -MMD -MP -MF"source/MCXN947_Project.d" -MT"source/MCXN947_Project.o" -MT"source/MCXN947_Project.d" -o "source/MCXN947_Project.o" "../source/MCXN947_Project.c"
Invoking: MCU C Compiler
Invoking: MCU C Compiler
arm-none-eabi-gcc -DCPU_MCXN947VDF -DCPU_MCXN947VDF_cm33 -DCPU_MCXN947VDF_cm33_core0 -DSERIAL_PORT_TYPE_UART=1 -DSDK_DEBUGCONSOLE=1 -DPRINTF_FLOAT_ENABLE=1 -D__MCUXPRESSO -D__USE_CMSIS -DDEBUG -D__REDLIB__ -I"C:\PROJECTS\EMBEDDED\FINAL_PROJECT\OMNIROVER\MCXN947_Project.zip_expanded\MCXN947_Project\drivers" -I"C:\PROJECTS\EMBEDDED\FINAL_PROJECT\OMNIROVER\MCXN947_Project.zip_expanded\MCXN947_Project\device" -I"C:\PROJECTS\EMBEDDED\FINAL_PROJECT\OMNIROVER\MCXN947_Project.zip_expanded\MCXN947_Project\utilities\debug_console" -I"C:\PROJECTS\EMBEDDED\FINAL_PROJECT\OMNIROVER\MCXN947_Project.zip_expanded\MCXN947_Project\component\uart" -I"C:\PROJECTS\EMBEDDED\FINAL_PROJECT\OMNIROVER\MCXN947_Project.zip_expanded\MCXN947_Project\utilities\debug_console\config" -I"C:\PROJECTS\EMBEDDED\FINAL_PROJECT\OMNIROVER\MCXN947_Project.zip_expanded\MCXN947_Project\component\serial_manager" -I"C:\PROJECTS\EMBEDDED\FINAL_PROJECT\OMNIROVER\MCXN947_Project.zip_expanded\MCXN947_Project\component\lists" -I"C:\PROJECTS\EMBEDDED\FINAL_PROJECT\OMNIROVER\MCXN947_Project.zip_expanded\MCXN947_Project\device\periph" -I"C:\PROJECTS\EMBEDDED\FINAL_PROJECT\OMNIROVER\MCXN947_Project.zip_expanded\MCXN947_Project\utilities" -I"C:\PROJECTS\EMBEDDED\FINAL_PROJECT\OMNIROVER\MCXN947_Project.zip_expanded\MCXN947_Project\CMSIS" -I"C:\PROJECTS\EMBEDDED\FINAL_PROJECT\OMNIROVER\MCXN947_Project.zip_expanded\MCXN947_Project\CMSIS\m-profile" -I"C:\PROJECTS\EMBEDDED\FINAL_PROJECT\OMNIROVER\MCXN947_Project.zip_expanded\MCXN947_Project\utilities\str" -I"C:\PROJECTS\EMBEDDED\FINAL_PROJECT\OMNIROVER\MCXN947_Project.zip_expanded\MCXN947_Project\board" -I"C:\PROJECTS\EMBEDDED\FINAL_PROJECT\OMNIROVER\MCXN947_Project.zip_expanded\MCXN947_Project\source" -O0 -fno-common -g3 -gdwarf-4 -Wall -c -ffunction-sections -fdata-sections -fno-builtin -fmerge-constants -fmacro-prefix-map="../source/"= -mcpu=cortex-m33 -mfpu=fpv5-sp-d16 -mfloat-abi=hard -mthumb -D__REDLIB__ -fstack-usage -specs=redlib.specs -MMD -MP -MF"source/RobotTelemetry.d" -MT"source/RobotTelemetry.o" -MT"source/RobotTelemetry.d" -o "source/RobotTelemetry.o" "../source/RobotTelemetry.c"
arm-none-eabi-gcc -DCPU_MCXN947VDF -DCPU_MCXN947VDF_cm33 -DCPU_MCXN947VDF_cm33_core0 -DSERIAL_PORT_TYPE_UART=1 -DSDK_DEBUGCONSOLE=1 -DPRINTF_FLOAT_ENABLE=1 -D__MCUXPRESSO -D__USE_CMSIS -DDEBUG -D__REDLIB__ -I"C:\PROJECTS\EMBEDDED\FINAL_PROJECT\OMNIROVER\MCXN947_Project.zip_expanded\MCXN947_Project\drivers" -I"C:\PROJECTS\EMBEDDED\FINAL_PROJECT\OMNIROVER\MCXN947_Project.zip_expanded\MCXN947_Project\device" -I"C:\PROJECTS\EMBEDDED\FINAL_PROJECT\OMNIROVER\MCXN947_Project.zip_expanded\MCXN947_Project\utilities\debug_console" -I"C:\PROJECTS\EMBEDDED\FINAL_PROJECT\OMNIROVER\MCXN947_Project.zip_expanded\MCXN947_Project\component\uart" -I"C:\PROJECTS\EMBEDDED\FINAL_PROJECT\OMNIROVER\MCXN947_Project.zip_expanded\MCXN947_Project\utilities\debug_console\config" -I"C:\PROJECTS\EMBEDDED\FINAL_PROJECT\OMNIROVER\MCXN947_Project.zip_expanded\MCXN947_Project\component\serial_manager" -I"C:\PROJECTS\EMBEDDED\FINAL_PROJECT\OMNIROVER\MCXN947_Project.zip_expanded\MCXN947_Project\component\lists" -I"C:\PROJECTS\EMBEDDED\FINAL_PROJECT\OMNIROVER\MCXN947_Project.zip_expanded\MCXN947_Project\device\periph" -I"C:\PROJECTS\EMBEDDED\FINAL_PROJECT\OMNIROVER\MCXN947_Project.zip_expanded\MCXN947_Project\utilities" -I"C:\PROJECTS\EMBEDDED\FINAL_PROJECT\OMNIROVER\MCXN947_Project.zip_expanded\MCXN947_Project\CMSIS" -I"C:\PROJECTS\EMBEDDED\FINAL_PROJECT\OMNIROVER\MCXN947_Project.zip_expanded\MCXN947_Project\CMSIS\m-profile" -I"C:\PROJECTS\EMBEDDED\FINAL_PROJECT\OMNIROVER\MCXN947_Project.zip_expanded\MCXN947_Project\utilities\str" -I"C:\PROJECTS\EMBEDDED\FINAL_PROJECT\OMNIROVER\MCXN947_Project.zip_expanded\MCXN947_Project\board" -I"C:\PROJECTS\EMBEDDED\FINAL_PROJECT\OMNIROVER\MCXN947_Project.zip_expanded\MCXN947_Project\source" -O0 -fno-common -g3 -gdwarf-4 -Wall -c -ffunction-sections -fdata-sections -fno-builtin -fmerge-constants -fmacro-prefix-map="../drivers/"= -mcpu=cortex-m33 -mfpu=fpv5-sp-d16 -mfloat-abi=hard -mthumb -D__REDLIB__ -fstack-usage -specs=redlib.specs -MMD -MP -MF"drivers/omnidriver.d" -MT"drivers/omnidriver.o" -MT"drivers/omnidriver.d" -o "drivers/omnidriver.o" "../drivers/omnidriver.c"
Finished building: ../source/RobotTelemetry.c
 
Finished building: ../drivers/omnidriver.c
Finished building: ../source/MCXN947_Project.c
 
 
Building target: MCXN947_Project.axf
Invoking: MCU Linker
arm-none-eabi-gcc -nostdlib -Xlinker -Map="MCXN947_Project.map" -Xlinker --gc-sections -Xlinker -print-memory-usage -Xlinker --sort-section=alignment -Xlinker --cref -mcpu=cortex-m33 -mfpu=fpv5-sp-d16 -mfloat-abi=hard -mthumb -T MCXN947_Project_Debug.ld -o "MCXN947_Project.axf" ./utilities/str/fsl_str.o  ./utilities/debug_console/fsl_debug_console.o  ./utilities/fsl_assert.o  ./startup/boot_multicore_slave.o ./startup/startup_mcxn947_cm33_core0.o  ./source/ADC_DRIVER.o ./source/ESP_SPI.o ./source/GPIO_DRIVER.o ./source/MCXN947_Project.o ./source/PWM_DRIVER.o ./source/RobotTelemetry.o ./source/TIMER_DRIVER.o ./source/semihost_hardfault.o  ./drivers/fsl_clock.o ./drivers/fsl_common.o ./drivers/fsl_common_arm.o ./drivers/fsl_ctimer.o ./drivers/fsl_gpio.o ./drivers/fsl_lpadc.o ./drivers/fsl_lpflexcomm.o ./drivers/fsl_lpi2c.o ./drivers/fsl_lpspi.o ./drivers/fsl_lptmr.o ./drivers/fsl_lpuart.o ./drivers/fsl_pwm.o ./drivers/fsl_reset.o ./drivers/fsl_spc.o ./drivers/fsl_vref.o ./drivers/omnidriver.o  ./device/system_MCXN947_cm33_core0.o  ./component/uart/fsl_adapter_lpuart.o  ./component/serial_manager/fsl_component_serial_manager.o ./component/serial_manager/fsl_component_serial_port_uart.o  ./component/lists/fsl_component_generic_list.o  ./board/board.o ./board/clock_config.o ./board/hardware_init.o ./board/peripherals.o ./board/pin_mux.o   
Memory region         Used Size  Region Size  %age Used
  PROGRAM_FLASH0:       43948 B         1 MB      4.19%
  PROGRAM_FLASH1:          0 GB         1 MB      0.00%
            SRAM:        9572 B       384 KB      2.43%
           SRAMX:          0 GB        96 KB      0.00%
           SRAMH:          0 GB        32 KB      0.00%
         USB_RAM:          0 GB         4 KB      0.00%
Finished building target: MCXN947_Project.axf
 
Performing post-build steps
arm-none-eabi-size "MCXN947_Project.axf"; # arm-none-eabi-objcopy -v -O binary "MCXN947_Project.axf" "MCXN947_Project.bin" ; # checksum -p MCXN947 -d "MCXN947_Project.bin";
   text	   data	    bss	    dec	    hex	filename
  43316	    632	   8940	  52888	   ce98	MCXN947_Project.axf
 
16:31:54 **** Incremental Build of configuration Debug for project MCXN947_Project ****
make -r -j16 all 
Building file: ../source/MCXN947_Project.c
Building file: ../source/RobotTelemetry.c
Building file: ../drivers/omnidriver.c
Invoking: MCU C Compiler
arm-none-eabi-gcc -DCPU_MCXN947VDF -DCPU_MCXN947VDF_cm33 -DCPU_MCXN947VDF_cm33_core0 -DSERIAL_PORT_TYPE_UART=1 -DSDK_DEBUGCONSOLE=1 -DPRINTF_FLOAT_ENABLE=1 -D__MCUXPRESSO -D__USE_CMSIS -DDEBUG -D__REDLIB__ -I"C:\PROJECTS\EMBEDDED\FINAL_PROJECT\OMNIROVER\MCXN947_Project.zip_expanded\MCXN947_Project\drivers" -I"C:\PROJECTS\EMBEDDED\FINAL_PROJECT\OMNIROVER\MCXN947_Project.zip_expanded\MCXN947_Project\device" -I"C:\PROJECTS\EMBEDDED\FINAL_PROJECT\OMNIROVER\MCXN947_Project.zip_expanded\MCXN947_Project\utilities\debug_console" -I"C:\PROJECTS\EMBEDDED\FINAL_PROJECT\OMNIROVER\MCXN947_Project.zip_expanded\MCXN947_Project\component\uart" -I"C:\PROJECTS\EMBEDDED\FINAL_PROJECT\OMNIROVER\MCXN947_Project.zip_expanded\MCXN947_Project\utilities\debug_console\config" -I"C:\PROJECTS\EMBEDDED\FINAL_PROJECT\OMNIROVER\MCXN947_Project.zip_expanded\MCXN947_Project\component\serial_manager" -I"C:\PROJECTS\EMBEDDED\FINAL_PROJECT\OMNIROVER\MCXN947_Project.zip_expanded\MCXN947_Project\component\lists" -I"C:\PROJECTS\EMBEDDED\FINAL_PROJECT\OMNIROVER\MCXN947_Project.zip_expanded\MCXN947_Project\device\periph" -I"C:\PROJECTS\EMBEDDED\FINAL_PROJECT\OMNIROVER\MCXN947_Project.zip_expanded\MCXN947_Project\utilities" -I"C:\PROJECTS\EMBEDDED\FINAL_PROJECT\OMNIROVER\MCXN947_Project.zip_expanded\MCXN947_Project\CMSIS" -I"C:\PROJECTS\EMBEDDED\FINAL_PROJECT\OMNIROVER\MCXN947_Project.zip_expanded\MCXN947_Project\CMSIS\m-profile" -I"C:\PROJECTS\EMBEDDED\FINAL_PROJECT\OMNIROVER\MCXN947_Project.zip_expanded\MCXN947_Project\utilities\str" -I"C:\PROJECTS\EMBEDDED\FINAL_PROJECT\OMNIROVER\MCXN947_Project.zip_expanded\MCXN947_Project\board" -I"C:\PROJECTS\EMBEDDED\FINAL_PROJECT\OMNIROVER\MCXN947_Project.zip_expanded\MCXN947_Project\source" -O0 -fno-common -g3 -gdwarf-4 -Wall -c -ffunction-sections -fdata-sections -fno-builtin -fmerge-constants -fmacro-prefix-map="../source/"= -mcpu=cortex-m33 -mfpu=fpv5-sp-d16 -mfloat-abi=hard -mthumb -D__REDLIB__ -fstack-usage -specs=redlib.specs -MMD -MP -MF"source/MCXN947_Project.d" -MT"source/MCXN947_Project.o" -MT"source/MCXN947_Project.d" -o "source/MCXN947_Project.o" "../source/MCXN947_Project.c"
Invoking: MCU C Compiler
Invoking: MCU C Compiler
arm-none-eabi-gcc -DCPU_MCXN947VDF -DCPU_MCXN947VDF_cm33 -DCPU_MCXN947VDF_cm33_core0 -DSERIAL_PORT_TYPE_UART=1 -DSDK_DEBUGCONSOLE=1 -DPRINTF_FLOAT_ENABLE=1 -D__MCUXPRESSO -D__USE_CMSIS -DDEBUG -D__REDLIB__ -I"C:\PROJECTS\EMBEDDED\FINAL_PROJECT\OMNIROVER\MCXN947_Project.zip_expanded\MCXN947_Project\drivers" -I"C:\PROJECTS\EMBEDDED\FINAL_PROJECT\OMNIROVER\MCXN947_Project.zip_expanded\MCXN947_Project\device" -I"C:\PROJECTS\EMBEDDED\FINAL_PROJECT\OMNIROVER\MCXN947_Project.zip_expanded\MCXN947_Project\utilities\debug_console" -I"C:\PROJECTS\EMBEDDED\FINAL_PROJECT\OMNIROVER\MCXN947_Project.zip_expanded\MCXN947_Project\component\uart" -I"C:\PROJECTS\EMBEDDED\FINAL_PROJECT\OMNIROVER\MCXN947_Project.zip_expanded\MCXN947_Project\utilities\debug_console\config" -I"C:\PROJECTS\EMBEDDED\FINAL_PROJECT\OMNIROVER\MCXN947_Project.zip_expanded\MCXN947_Project\component\serial_manager" -I"C:\PROJECTS\EMBEDDED\FINAL_PROJECT\OMNIROVER\MCXN947_Project.zip_expanded\MCXN947_Project\component\lists" -I"C:\PROJECTS\EMBEDDED\FINAL_PROJECT\OMNIROVER\MCXN947_Project.zip_expanded\MCXN947_Project\device\periph" -I"C:\PROJECTS\EMBEDDED\FINAL_PROJECT\OMNIROVER\MCXN947_Project.zip_expanded\MCXN947_Project\utilities" -I"C:\PROJECTS\EMBEDDED\FINAL_PROJECT\OMNIROVER\MCXN947_Project.zip_expanded\MCXN947_Project\CMSIS" -I"C:\PROJECTS\EMBEDDED\FINAL_PROJECT\OMNIROVER\MCXN947_Project.zip_expanded\MCXN947_Project\CMSIS\m-profile" -I"C:\PROJECTS\EMBEDDED\FINAL_PROJECT\OMNIROVER\MCXN947_Project.zip_expanded\MCXN947_Project\utilities\str" -I"C:\PROJECTS\EMBEDDED\FINAL_PROJECT\OMNIROVER\MCXN947_Project.zip_expanded\MCXN947_Project\board" -I"C:\PROJECTS\EMBEDDED\FINAL_PROJECT\OMNIROVER\MCXN947_Project.zip_expanded\MCXN947_Project\source" -O0 -fno-common -g3 -gdwarf-4 -Wall -c -ffunction-sections -fdata-sections -fno-builtin -fmerge-constants -fmacro-prefix-map="../source/"= -mcpu=cortex-m33 -mfpu=fpv5-sp-d16 -mfloat-abi=hard -mthumb -D__REDLIB__ -fstack-usage -specs=redlib.specs -MMD -MP -MF"source/RobotTelemetry.d" -MT"source/RobotTelemetry.o" -MT"source/RobotTelemetry.d" -o "source/RobotTelemetry.o" "../source/RobotTelemetry.c"
arm-none-eabi-gcc -DCPU_MCXN947VDF -DCPU_MCXN947VDF_cm33 -DCPU_MCXN947VDF_cm33_core0 -DSERIAL_PORT_TYPE_UART=1 -DSDK_DEBUGCONSOLE=1 -DPRINTF_FLOAT_ENABLE=1 -D__MCUXPRESSO -D__USE_CMSIS -DDEBUG -D__REDLIB__ -I"C:\PROJECTS\EMBEDDED\FINAL_PROJECT\OMNIROVER\MCXN947_Project.zip_expanded\MCXN947_Project\drivers" -I"C:\PROJECTS\EMBEDDED\FINAL_PROJECT\OMNIROVER\MCXN947_Project.zip_expanded\MCXN947_Project\device" -I"C:\PROJECTS\EMBEDDED\FINAL_PROJECT\OMNIROVER\MCXN947_Project.zip_expanded\MCXN947_Project\utilities\debug_console" -I"C:\PROJECTS\EMBEDDED\FINAL_PROJECT\OMNIROVER\MCXN947_Project.zip_expanded\MCXN947_Project\component\uart" -I"C:\PROJECTS\EMBEDDED\FINAL_PROJECT\OMNIROVER\MCXN947_Project.zip_expanded\MCXN947_Project\utilities\debug_console\config" -I"C:\PROJECTS\EMBEDDED\FINAL_PROJECT\OMNIROVER\MCXN947_Project.zip_expanded\MCXN947_Project\component\serial_manager" -I"C:\PROJECTS\EMBEDDED\FINAL_PROJECT\OMNIROVER\MCXN947_Project.zip_expanded\MCXN947_Project\component\lists" -I"C:\PROJECTS\EMBEDDED\FINAL_PROJECT\OMNIROVER\MCXN947_Project.zip_expanded\MCXN947_Project\device\periph" -I"C:\PROJECTS\EMBEDDED\FINAL_PROJECT\OMNIROVER\MCXN947_Project.zip_expanded\MCXN947_Project\utilities" -I"C:\PROJECTS\EMBEDDED\FINAL_PROJECT\OMNIROVER\MCXN947_Project.zip_expanded\MCXN947_Project\CMSIS" -I"C:\PROJECTS\EMBEDDED\FINAL_PROJECT\OMNIROVER\MCXN947_Project.zip_expanded\MCXN947_Project\CMSIS\m-profile" -I"C:\PROJECTS\EMBEDDED\FINAL_PROJECT\OMNIROVER\MCXN947_Project.zip_expanded\MCXN947_Project\utilities\str" -I"C:\PROJECTS\EMBEDDED\FINAL_PROJECT\OMNIROVER\MCXN947_Project.zip_expanded\MCXN947_Project\board" -I"C:\PROJECTS\EMBEDDED\FINAL_PROJECT\OMNIROVER\MCXN947_Project.zip_expanded\MCXN947_Project\source" -O0 -fno-common -g3 -gdwarf-4 -Wall -c -ffunction-sections -fdata-sections -fno-builtin -fmerge-constants -fmacro-prefix-map="../drivers/"= -mcpu=cortex-m33 -mfpu=fpv5-sp-d16 -mfloat-abi=hard -mthumb -D__REDLIB__ -fstack-usage -specs=redlib.specs -MMD -MP -MF"drivers/omnidriver.d" -MT"drivers/omnidriver.o" -MT"drivers/omnidriver.d" -o "drivers/omnidriver.o" "../drivers/omnidriver.c"
Finished building: ../source/RobotTelemetry.c
 
Finished building: ../source/MCXN947_Project.c
Finished building: ../drivers/omnidriver.c
 
 
Building target: MCXN947_Project.axf
Invoking: MCU Linker
arm-none-eabi-gcc -nostdlib -Xlinker -Map="MCXN947_Project.map" -Xlinker --gc-sections -Xlinker -print-memory-usage -Xlinker --sort-section=alignment -Xlinker --cref -mcpu=cortex-m33 -mfpu=fpv5-sp-d16 -mfloat-abi=hard -mthumb -T MCXN947_Project_Debug.ld -o "MCXN947_Project.axf" ./utilities/str/fsl_str.o  ./utilities/debug_console/fsl_debug_console.o  ./utilities/fsl_assert.o  ./startup/boot_multicore_slave.o ./startup/startup_mcxn947_cm33_core0.o  ./source/ADC_DRIVER.o ./source/ESP_SPI.o ./source/GPIO_DRIVER.o ./source/MCXN947_Project.o ./source/PWM_DRIVER.o ./source/RobotTelemetry.o ./source/TIMER_DRIVER.o ./source/semihost_hardfault.o  ./drivers/fsl_clock.o ./drivers/fsl_common.o ./drivers/fsl_common_arm.o ./drivers/fsl_ctimer.o ./drivers/fsl_gpio.o ./drivers/fsl_lpadc.o ./drivers/fsl_lpflexcomm.o ./drivers/fsl_lpi2c.o ./drivers/fsl_lpspi.o ./drivers/fsl_lptmr.o ./drivers/fsl_lpuart.o ./drivers/fsl_pwm.o ./drivers/fsl_reset.o ./drivers/fsl_spc.o ./drivers/fsl_vref.o ./drivers/omnidriver.o  ./device/system_MCXN947_cm33_core0.o  ./component/uart/fsl_adapter_lpuart.o  ./component/serial_manager/fsl_component_serial_manager.o ./component/serial_manager/fsl_component_serial_port_uart.o  ./component/lists/fsl_component_generic_list.o  ./board/board.o ./board/clock_config.o ./board/hardware_init.o ./board/peripherals.o ./board/pin_mux.o   
Memory region         Used Size  Region Size  %age Used
  PROGRAM_FLASH0:       43948 B         1 MB      4.19%
  PROGRAM_FLASH1:          0 GB         1 MB      0.00%
            SRAM:        9572 B       384 KB      2.43%
           SRAMX:          0 GB        96 KB      0.00%
           SRAMH:          0 GB        32 KB      0.00%
         USB_RAM:          0 GB         4 KB      0.00%
Finished building target: MCXN947_Project.axf
 
Performing post-build steps
arm-none-eabi-size "MCXN947_Project.axf"; # arm-none-eabi-objcopy -v -O binary "MCXN947_Project.axf" "MCXN947_Project.bin" ; # checksum -p MCXN947 -d "MCXN947_Project.bin";
   text	   data	    bss	    dec	    hex	filename
  43316	    632	   8940	  52888	   ce98	MCXN947_Project.axf
 
16:38:13 **** Incremental Build of configuration Debug for project MCXN947_Project ****
make -r -j16 all 
Building file: ../source/MCXN947_Project.c
Building file: ../source/RobotTelemetry.c
Building file: ../drivers/omnidriver.c
Invoking: MCU C Compiler
arm-none-eabi-gcc -DCPU_MCXN947VDF -DCPU_MCXN947VDF_cm33 -DCPU_MCXN947VDF_cm33_core0 -DSERIAL_PORT_TYPE_UART=1 -DSDK_DEBUGCONSOLE=1 -DPRINTF_FLOAT_ENABLE=1 -D__MCUXPRESSO -D__USE_CMSIS -DDEBUG -D__REDLIB__ -I"C:\PROJECTS\EMBEDDED\FINAL_PROJECT\OMNIROVER\MCXN947_Project.zip_expanded\MCXN947_Project\drivers" -I"C:\PROJECTS\EMBEDDED\FINAL_PROJECT\OMNIROVER\MCXN947_Project.zip_expanded\MCXN947_Project\device" -I"C:\PROJECTS\EMBEDDED\FINAL_PROJECT\OMNIROVER\MCXN947_Project.zip_expanded\MCXN947_Project\utilities\debug_console" -I"C:\PROJECTS\EMBEDDED\FINAL_PROJECT\OMNIROVER\MCXN947_Project.zip_expanded\MCXN947_Project\component\uart" -I"C:\PROJECTS\EMBEDDED\FINAL_PROJECT\OMNIROVER\MCXN947_Project.zip_expanded\MCXN947_Project\utilities\debug_console\config" -I"C:\PROJECTS\EMBEDDED\FINAL_PROJECT\OMNIROVER\MCXN947_Project.zip_expanded\MCXN947_Project\component\serial_manager" -I"C:\PROJECTS\EMBEDDED\FINAL_PROJECT\OMNIROVER\MCXN947_Project.zip_expanded\MCXN947_Project\component\lists" -I"C:\PROJECTS\EMBEDDED\FINAL_PROJECT\OMNIROVER\MCXN947_Project.zip_expanded\MCXN947_Project\device\periph" -I"C:\PROJECTS\EMBEDDED\FINAL_PROJECT\OMNIROVER\MCXN947_Project.zip_expanded\MCXN947_Project\utilities" -I"C:\PROJECTS\EMBEDDED\FINAL_PROJECT\OMNIROVER\MCXN947_Project.zip_expanded\MCXN947_Project\CMSIS" -I"C:\PROJECTS\EMBEDDED\FINAL_PROJECT\OMNIROVER\MCXN947_Project.zip_expanded\MCXN947_Project\CMSIS\m-profile" -I"C:\PROJECTS\EMBEDDED\FINAL_PROJECT\OMNIROVER\MCXN947_Project.zip_expanded\MCXN947_Project\utilities\str" -I"C:\PROJECTS\EMBEDDED\FINAL_PROJECT\OMNIROVER\MCXN947_Project.zip_expanded\MCXN947_Project\board" -I"C:\PROJECTS\EMBEDDED\FINAL_PROJECT\OMNIROVER\MCXN947_Project.zip_expanded\MCXN947_Project\source" -O0 -fno-common -g3 -gdwarf-4 -Wall -c -ffunction-sections -fdata-sections -fno-builtin -fmerge-constants -fmacro-prefix-map="../source/"= -mcpu=cortex-m33 -mfpu=fpv5-sp-d16 -mfloat-abi=hard -mthumb -D__REDLIB__ -fstack-usage -specs=redlib.specs -MMD -MP -MF"source/MCXN947_Project.d" -MT"source/MCXN947_Project.o" -MT"source/MCXN947_Project.d" -o "source/MCXN947_Project.o" "../source/MCXN947_Project.c"
Invoking: MCU C Compiler
Invoking: MCU C Compiler
arm-none-eabi-gcc -DCPU_MCXN947VDF -DCPU_MCXN947VDF_cm33 -DCPU_MCXN947VDF_cm33_core0 -DSERIAL_PORT_TYPE_UART=1 -DSDK_DEBUGCONSOLE=1 -DPRINTF_FLOAT_ENABLE=1 -D__MCUXPRESSO -D__USE_CMSIS -DDEBUG -D__REDLIB__ -I"C:\PROJECTS\EMBEDDED\FINAL_PROJECT\OMNIROVER\MCXN947_Project.zip_expanded\MCXN947_Project\drivers" -I"C:\PROJECTS\EMBEDDED\FINAL_PROJECT\OMNIROVER\MCXN947_Project.zip_expanded\MCXN947_Project\device" -I"C:\PROJECTS\EMBEDDED\FINAL_PROJECT\OMNIROVER\MCXN947_Project.zip_expanded\MCXN947_Project\utilities\debug_console" -I"C:\PROJECTS\EMBEDDED\FINAL_PROJECT\OMNIROVER\MCXN947_Project.zip_expanded\MCXN947_Project\component\uart" -I"C:\PROJECTS\EMBEDDED\FINAL_PROJECT\OMNIROVER\MCXN947_Project.zip_expanded\MCXN947_Project\utilities\debug_console\config" -I"C:\PROJECTS\EMBEDDED\FINAL_PROJECT\OMNIROVER\MCXN947_Project.zip_expanded\MCXN947_Project\component\serial_manager" -I"C:\PROJECTS\EMBEDDED\FINAL_PROJECT\OMNIROVER\MCXN947_Project.zip_expanded\MCXN947_Project\component\lists" -I"C:\PROJECTS\EMBEDDED\FINAL_PROJECT\OMNIROVER\MCXN947_Project.zip_expanded\MCXN947_Project\device\periph" -I"C:\PROJECTS\EMBEDDED\FINAL_PROJECT\OMNIROVER\MCXN947_Project.zip_expanded\MCXN947_Project\utilities" -I"C:\PROJECTS\EMBEDDED\FINAL_PROJECT\OMNIROVER\MCXN947_Project.zip_expanded\MCXN947_Project\CMSIS" -I"C:\PROJECTS\EMBEDDED\FINAL_PROJECT\OMNIROVER\MCXN947_Project.zip_expanded\MCXN947_Project\CMSIS\m-profile" -I"C:\PROJECTS\EMBEDDED\FINAL_PROJECT\OMNIROVER\MCXN947_Project.zip_expanded\MCXN947_Project\utilities\str" -I"C:\PROJECTS\EMBEDDED\FINAL_PROJECT\OMNIROVER\MCXN947_Project.zip_expanded\MCXN947_Project\board" -I"C:\PROJECTS\EMBEDDED\FINAL_PROJECT\OMNIROVER\MCXN947_Project.zip_expanded\MCXN947_Project\source" -O0 -fno-common -g3 -gdwarf-4 -Wall -c -ffunction-sections -fdata-sections -fno-builtin -fmerge-constants -fmacro-prefix-map="../source/"= -mcpu=cortex-m33 -mfpu=fpv5-sp-d16 -mfloat-abi=hard -mthumb -D__REDLIB__ -fstack-usage -specs=redlib.specs -MMD -MP -MF"source/RobotTelemetry.d" -MT"source/RobotTelemetry.o" -MT"source/RobotTelemetry.d" -o "source/RobotTelemetry.o" "../source/RobotTelemetry.c"
arm-none-eabi-gcc -DCPU_MCXN947VDF -DCPU_MCXN947VDF_cm33 -DCPU_MCXN947VDF_cm33_core0 -DSERIAL_PORT_TYPE_UART=1 -DSDK_DEBUGCONSOLE=1 -DPRINTF_FLOAT_ENABLE=1 -D__MCUXPRESSO -D__USE_CMSIS -DDEBUG -D__REDLIB__ -I"C:\PROJECTS\EMBEDDED\FINAL_PROJECT\OMNIROVER\MCXN947_Project.zip_expanded\MCXN947_Project\drivers" -I"C:\PROJECTS\EMBEDDED\FINAL_PROJECT\OMNIROVER\MCXN947_Project.zip_expanded\MCXN947_Project\device" -I"C:\PROJECTS\EMBEDDED\FINAL_PROJECT\OMNIROVER\MCXN947_Project.zip_expanded\MCXN947_Project\utilities\debug_console" -I"C:\PROJECTS\EMBEDDED\FINAL_PROJECT\OMNIROVER\MCXN947_Project.zip_expanded\MCXN947_Project\component\uart" -I"C:\PROJECTS\EMBEDDED\FINAL_PROJECT\OMNIROVER\MCXN947_Project.zip_expanded\MCXN947_Project\utilities\debug_console\config" -I"C:\PROJECTS\EMBEDDED\FINAL_PROJECT\OMNIROVER\MCXN947_Project.zip_expanded\MCXN947_Project\component\serial_manager" -I"C:\PROJECTS\EMBEDDED\FINAL_PROJECT\OMNIROVER\MCXN947_Project.zip_expanded\MCXN947_Project\component\lists" -I"C:\PROJECTS\EMBEDDED\FINAL_PROJECT\OMNIROVER\MCXN947_Project.zip_expanded\MCXN947_Project\device\periph" -I"C:\PROJECTS\EMBEDDED\FINAL_PROJECT\OMNIROVER\MCXN947_Project.zip_expanded\MCXN947_Project\utilities" -I"C:\PROJECTS\EMBEDDED\FINAL_PROJECT\OMNIROVER\MCXN947_Project.zip_expanded\MCXN947_Project\CMSIS" -I"C:\PROJECTS\EMBEDDED\FINAL_PROJECT\OMNIROVER\MCXN947_Project.zip_expanded\MCXN947_Project\CMSIS\m-profile" -I"C:\PROJECTS\EMBEDDED\FINAL_PROJECT\OMNIROVER\MCXN947_Project.zip_expanded\MCXN947_Project\utilities\str" -I"C:\PROJECTS\EMBEDDED\FINAL_PROJECT\OMNIROVER\MCXN947_Project.zip_expanded\MCXN947_Project\board" -I"C:\PROJECTS\EMBEDDED\FINAL_PROJECT\OMNIROVER\MCXN947_Project.zip_expanded\MCXN947_Project\source" -O0 -fno-common -g3 -gdwarf-4 -Wall -c -ffunction-sections -fdata-sections -fno-builtin -fmerge-constants -fmacro-prefix-map="../drivers/"= -mcpu=cortex-m33 -mfpu=fpv5-sp-d16 -mfloat-abi=hard -mthumb -D__REDLIB__ -fstack-usage -specs=redlib.specs -MMD -MP -MF"drivers/omnidriver.d" -MT"drivers/omnidriver.o" -MT"drivers/omnidriver.d" -o "drivers/omnidriver.o" "../drivers/omnidriver.c"
Finished building: ../source/RobotTelemetry.c
Finished building: ../drivers/omnidriver.c
 
 
Finished building: ../source/MCXN947_Project.c
 
Building target: MCXN947_Project.axf
Invoking: MCU Linker
arm-none-eabi-gcc -nostdlib -Xlinker -Map="MCXN947_Project.map" -Xlinker --gc-sections -Xlinker -print-memory-usage -Xlinker --sort-section=alignment -Xlinker --cref -mcpu=cortex-m33 -mfpu=fpv5-sp-d16 -mfloat-abi=hard -mthumb -T MCXN947_Project_Debug.ld -o "MCXN947_Project.axf" ./utilities/str/fsl_str.o  ./utilities/debug_console/fsl_debug_console.o  ./utilities/fsl_assert.o  ./startup/boot_multicore_slave.o ./startup/startup_mcxn947_cm33_core0.o  ./source/ADC_DRIVER.o ./source/ESP_SPI.o ./source/GPIO_DRIVER.o ./source/MCXN947_Project.o ./source/PWM_DRIVER.o ./source/RobotTelemetry.o ./source/TIMER_DRIVER.o ./source/semihost_hardfault.o  ./drivers/fsl_clock.o ./drivers/fsl_common.o ./drivers/fsl_common_arm.o ./drivers/fsl_ctimer.o ./drivers/fsl_gpio.o ./drivers/fsl_lpadc.o ./drivers/fsl_lpflexcomm.o ./drivers/fsl_lpi2c.o ./drivers/fsl_lpspi.o ./drivers/fsl_lptmr.o ./drivers/fsl_lpuart.o ./drivers/fsl_pwm.o ./drivers/fsl_reset.o ./drivers/fsl_spc.o ./drivers/fsl_vref.o ./drivers/omnidriver.o  ./device/system_MCXN947_cm33_core0.o  ./component/uart/fsl_adapter_lpuart.o  ./component/serial_manager/fsl_component_serial_manager.o ./component/serial_manager/fsl_component_serial_port_uart.o  ./component/lists/fsl_component_generic_list.o  ./board/board.o ./board/clock_config.o ./board/hardware_init.o ./board/peripherals.o ./board/pin_mux.o   
Memory region         Used Size  Region Size  %age Used
  PROGRAM_FLASH0:       43948 B         1 MB      4.19%
  PROGRAM_FLASH1:          0 GB         1 MB      0.00%
            SRAM:        9572 B       384 KB      2.43%
           SRAMX:          0 GB        96 KB      0.00%
           SRAMH:          0 GB        32 KB      0.00%
         USB_RAM:          0 GB         4 KB      0.00%
Finished building target: MCXN947_Project.axf
 
Performing post-build steps
arm-none-eabi-size "MCXN947_Project.axf"; # arm-none-eabi-objcopy -v -O binary "MCXN947_Project.axf" "MCXN947_Project.bin" ; # checksum -p MCXN947 -d "MCXN947_Project.bin";
   text	   data	    bss	    dec	    hex	filename
  43316	    632	   8940	  52888	   ce98	MCXN947_Project.axf
 
16:42:40 **** Incremental Build of configuration Debug for project MCXN947_Project ****
make -r -j16 all 
Building file: ../drivers/omnidriver.c
Invoking: MCU C Compiler
arm-none-eabi-gcc -DCPU_MCXN947VDF -DCPU_MCXN947VDF_cm33 -DCPU_MCXN947VDF_cm33_core0 -DSERIAL_PORT_TYPE_UART=1 -DSDK_DEBUGCONSOLE=1 -DPRINTF_FLOAT_ENABLE=1 -D__MCUXPRESSO -D__USE_CMSIS -DDEBUG -D__REDLIB__ -I"C:\PROJECTS\EMBEDDED\FINAL_PROJECT\OMNIROVER\MCXN947_Project.zip_expanded\MCXN947_Project\drivers" -I"C:\PROJECTS\EMBEDDED\FINAL_PROJECT\OMNIROVER\MCXN947_Project.zip_expanded\MCXN947_Project\device" -I"C:\PROJECTS\EMBEDDED\FINAL_PROJECT\OMNIROVER\MCXN947_Project.zip_expanded\MCXN947_Project\utilities\debug_console" -I"C:\PROJECTS\EMBEDDED\FINAL_PROJECT\OMNIROVER\MCXN947_Project.zip_expanded\MCXN947_Project\component\uart" -I"C:\PROJECTS\EMBEDDED\FINAL_PROJECT\OMNIROVER\MCXN947_Project.zip_expanded\MCXN947_Project\utilities\debug_console\config" -I"C:\PROJECTS\EMBEDDED\FINAL_PROJECT\OMNIROVER\MCXN947_Project.zip_expanded\MCXN947_Project\component\serial_manager" -I"C:\PROJECTS\EMBEDDED\FINAL_PROJECT\OMNIROVER\MCXN947_Project.zip_expanded\MCXN947_Project\component\lists" -I"C:\PROJECTS\EMBEDDED\FINAL_PROJECT\OMNIROVER\MCXN947_Project.zip_expanded\MCXN947_Project\device\periph" -I"C:\PROJECTS\EMBEDDED\FINAL_PROJECT\OMNIROVER\MCXN947_Project.zip_expanded\MCXN947_Project\utilities" -I"C:\PROJECTS\EMBEDDED\FINAL_PROJECT\OMNIROVER\MCXN947_Project.zip_expanded\MCXN947_Project\CMSIS" -I"C:\PROJECTS\EMBEDDED\FINAL_PROJECT\OMNIROVER\MCXN947_Project.zip_expanded\MCXN947_Project\CMSIS\m-profile" -I"C:\PROJECTS\EMBEDDED\FINAL_PROJECT\OMNIROVER\MCXN947_Project.zip_expanded\MCXN947_Project\utilities\str" -I"C:\PROJECTS\EMBEDDED\FINAL_PROJECT\OMNIROVER\MCXN947_Project.zip_expanded\MCXN947_Project\board" -I"C:\PROJECTS\EMBEDDED\FINAL_PROJECT\OMNIROVER\MCXN947_Project.zip_expanded\MCXN947_Project\source" -O0 -fno-common -g3 -gdwarf-4 -Wall -c -ffunction-sections -fdata-sections -fno-builtin -fmerge-constants -fmacro-prefix-map="../drivers/"= -mcpu=cortex-m33 -mfpu=fpv5-sp-d16 -mfloat-abi=hard -mthumb -D__REDLIB__ -fstack-usage -specs=redlib.specs -MMD -MP -MF"drivers/omnidriver.d" -MT"drivers/omnidriver.o" -MT"drivers/omnidriver.d" -o "drivers/omnidriver.o" "../drivers/omnidriver.c"
Finished building: ../drivers/omnidriver.c
 
Building target: MCXN947_Project.axf
Invoking: MCU Linker
arm-none-eabi-gcc -nostdlib -Xlinker -Map="MCXN947_Project.map" -Xlinker --gc-sections -Xlinker -print-memory-usage -Xlinker --sort-section=alignment -Xlinker --cref -mcpu=cortex-m33 -mfpu=fpv5-sp-d16 -mfloat-abi=hard -mthumb -T MCXN947_Project_Debug.ld -o "MCXN947_Project.axf" ./utilities/str/fsl_str.o  ./utilities/debug_console/fsl_debug_console.o  ./utilities/fsl_assert.o  ./startup/boot_multicore_slave.o ./startup/startup_mcxn947_cm33_core0.o  ./source/ADC_DRIVER.o ./source/ESP_SPI.o ./source/GPIO_DRIVER.o ./source/MCXN947_Project.o ./source/PWM_DRIVER.o ./source/RobotTelemetry.o ./source/TIMER_DRIVER.o ./source/semihost_hardfault.o  ./drivers/fsl_clock.o ./drivers/fsl_common.o ./drivers/fsl_common_arm.o ./drivers/fsl_ctimer.o ./drivers/fsl_gpio.o ./drivers/fsl_lpadc.o ./drivers/fsl_lpflexcomm.o ./drivers/fsl_lpi2c.o ./drivers/fsl_lpspi.o ./drivers/fsl_lptmr.o ./drivers/fsl_lpuart.o ./drivers/fsl_pwm.o ./drivers/fsl_reset.o ./drivers/fsl_spc.o ./drivers/fsl_vref.o ./drivers/omnidriver.o  ./device/system_MCXN947_cm33_core0.o  ./component/uart/fsl_adapter_lpuart.o  ./component/serial_manager/fsl_component_serial_manager.o ./component/serial_manager/fsl_component_serial_port_uart.o  ./component/lists/fsl_component_generic_list.o  ./board/board.o ./board/clock_config.o ./board/hardware_init.o ./board/peripherals.o ./board/pin_mux.o   
Memory region         Used Size  Region Size  %age Used
  PROGRAM_FLASH0:       44044 B         1 MB      4.20%
  PROGRAM_FLASH1:          0 GB         1 MB      0.00%
            SRAM:        9572 B       384 KB      2.43%
           SRAMX:          0 GB        96 KB      0.00%
           SRAMH:          0 GB        32 KB      0.00%
         USB_RAM:          0 GB         4 KB      0.00%
Finished building target: MCXN947_Project.axf
 
Performing post-build steps
arm-none-eabi-size "MCXN947_Project.axf"; # arm-none-eabi-objcopy -v -O binary "MCXN947_Project.axf" "MCXN947_Project.bin" ; # checksum -p MCXN947 -d "MCXN947_Project.bin";
   text	   data	    bss	    dec	    hex	filename
  43412	    632	   8940	  52984	   cef8	MCXN947_Project.axf
 
16:43:43 **** Incremental Build of configuration Debug for project MCXN947_Project ****
make -r -j16 all 
Building file: ../drivers/omnidriver.c
Invoking: MCU C Compiler
arm-none-eabi-gcc -DCPU_MCXN947VDF -DCPU_MCXN947VDF_cm33 -DCPU_MCXN947VDF_cm33_core0 -DSERIAL_PORT_TYPE_UART=1 -DSDK_DEBUGCONSOLE=1 -DPRINTF_FLOAT_ENABLE=1 -D__MCUXPRESSO -D__USE_CMSIS -DDEBUG -D__REDLIB__ -I"C:\PROJECTS\EMBEDDED\FINAL_PROJECT\OMNIROVER\MCXN947_Project.zip_expanded\MCXN947_Project\drivers" -I"C:\PROJECTS\EMBEDDED\FINAL_PROJECT\OMNIROVER\MCXN947_Project.zip_expanded\MCXN947_Project\device" -I"C:\PROJECTS\EMBEDDED\FINAL_PROJECT\OMNIROVER\MCXN947_Project.zip_expanded\MCXN947_Project\utilities\debug_console" -I"C:\PROJECTS\EMBEDDED\FINAL_PROJECT\OMNIROVER\MCXN947_Project.zip_expanded\MCXN947_Project\component\uart" -I"C:\PROJECTS\EMBEDDED\FINAL_PROJECT\OMNIROVER\MCXN947_Project.zip_expanded\MCXN947_Project\utilities\debug_console\config" -I"C:\PROJECTS\EMBEDDED\FINAL_PROJECT\OMNIROVER\MCXN947_Project.zip_expanded\MCXN947_Project\component\serial_manager" -I"C:\PROJECTS\EMBEDDED\FINAL_PROJECT\OMNIROVER\MCXN947_Project.zip_expanded\MCXN947_Project\component\lists" -I"C:\PROJECTS\EMBEDDED\FINAL_PROJECT\OMNIROVER\MCXN947_Project.zip_expanded\MCXN947_Project\device\periph" -I"C:\PROJECTS\EMBEDDED\FINAL_PROJECT\OMNIROVER\MCXN947_Project.zip_expanded\MCXN947_Project\utilities" -I"C:\PROJECTS\EMBEDDED\FINAL_PROJECT\OMNIROVER\MCXN947_Project.zip_expanded\MCXN947_Project\CMSIS" -I"C:\PROJECTS\EMBEDDED\FINAL_PROJECT\OMNIROVER\MCXN947_Project.zip_expanded\MCXN947_Project\CMSIS\m-profile" -I"C:\PROJECTS\EMBEDDED\FINAL_PROJECT\OMNIROVER\MCXN947_Project.zip_expanded\MCXN947_Project\utilities\str" -I"C:\PROJECTS\EMBEDDED\FINAL_PROJECT\OMNIROVER\MCXN947_Project.zip_expanded\MCXN947_Project\board" -I"C:\PROJECTS\EMBEDDED\FINAL_PROJECT\OMNIROVER\MCXN947_Project.zip_expanded\MCXN947_Project\source" -O0 -fno-common -g3 -gdwarf-4 -Wall -c -ffunction-sections -fdata-sections -fno-builtin -fmerge-constants -fmacro-prefix-map="../drivers/"= -mcpu=cortex-m33 -mfpu=fpv5-sp-d16 -mfloat-abi=hard -mthumb -D__REDLIB__ -fstack-usage -specs=redlib.specs -MMD -MP -MF"drivers/omnidriver.d" -MT"drivers/omnidriver.o" -MT"drivers/omnidriver.d" -o "drivers/omnidriver.o" "../drivers/omnidriver.c"
Finished building: ../drivers/omnidriver.c
 
Building target: MCXN947_Project.axf
Invoking: MCU Linker
arm-none-eabi-gcc -nostdlib -Xlinker -Map="MCXN947_Project.map" -Xlinker --gc-sections -Xlinker -print-memory-usage -Xlinker --sort-section=alignment -Xlinker --cref -mcpu=cortex-m33 -mfpu=fpv5-sp-d16 -mfloat-abi=hard -mthumb -T MCXN947_Project_Debug.ld -o "MCXN947_Project.axf" ./utilities/str/fsl_str.o  ./utilities/debug_console/fsl_debug_console.o  ./utilities/fsl_assert.o  ./startup/boot_multicore_slave.o ./startup/startup_mcxn947_cm33_core0.o  ./source/ADC_DRIVER.o ./source/ESP_SPI.o ./source/GPIO_DRIVER.o ./source/MCXN947_Project.o ./source/PWM_DRIVER.o ./source/RobotTelemetry.o ./source/TIMER_DRIVER.o ./source/semihost_hardfault.o  ./drivers/fsl_clock.o ./drivers/fsl_common.o ./drivers/fsl_common_arm.o ./drivers/fsl_ctimer.o ./drivers/fsl_gpio.o ./drivers/fsl_lpadc.o ./drivers/fsl_lpflexcomm.o ./drivers/fsl_lpi2c.o ./drivers/fsl_lpspi.o ./drivers/fsl_lptmr.o ./drivers/fsl_lpuart.o ./drivers/fsl_pwm.o ./drivers/fsl_reset.o ./drivers/fsl_spc.o ./drivers/fsl_vref.o ./drivers/omnidriver.o  ./device/system_MCXN947_cm33_core0.o  ./component/uart/fsl_adapter_lpuart.o  ./component/serial_manager/fsl_component_serial_manager.o ./component/serial_manager/fsl_component_serial_port_uart.o  ./component/lists/fsl_component_generic_list.o  ./board/board.o ./board/clock_config.o ./board/hardware_init.o ./board/peripherals.o ./board/pin_mux.o   
Memory region         Used Size  Region Size  %age Used
  PROGRAM_FLASH0:       43980 B         1 MB      4.19%
  PROGRAM_FLASH1:          0 GB         1 MB      0.00%
            SRAM:        9572 B       384 KB      2.43%
           SRAMX:          0 GB        96 KB      0.00%
           SRAMH:          0 GB        32 KB      0.00%
         USB_RAM:          0 GB         4 KB      0.00%
Finished building target: MCXN947_Project.axf
 
Performing post-build steps
arm-none-eabi-size "MCXN947_Project.axf"; # arm-none-eabi-objcopy -v -O binary "MCXN947_Project.axf" "MCXN947_Project.bin" ; # checksum -p MCXN947 -d "MCXN947_Project.bin";
   text	   data	    bss	    dec	    hex	filename
  43348	    632	   8940	  52920	   ceb8	MCXN947_Project.axf
 
16:45:19 **** Incremental Build of configuration Debug for project MCXN947_Project ****
make -r -j16 all 
Building file: ../drivers/omnidriver.c
Invoking: MCU C Compiler
arm-none-eabi-gcc -DCPU_MCXN947VDF -DCPU_MCXN947VDF_cm33 -DCPU_MCXN947VDF_cm33_core0 -DSERIAL_PORT_TYPE_UART=1 -DSDK_DEBUGCONSOLE=1 -DPRINTF_FLOAT_ENABLE=1 -D__MCUXPRESSO -D__USE_CMSIS -DDEBUG -D__REDLIB__ -I"C:\PROJECTS\EMBEDDED\FINAL_PROJECT\OMNIROVER\MCXN947_Project.zip_expanded\MCXN947_Project\drivers" -I"C:\PROJECTS\EMBEDDED\FINAL_PROJECT\OMNIROVER\MCXN947_Project.zip_expanded\MCXN947_Project\device" -I"C:\PROJECTS\EMBEDDED\FINAL_PROJECT\OMNIROVER\MCXN947_Project.zip_expanded\MCXN947_Project\utilities\debug_console" -I"C:\PROJECTS\EMBEDDED\FINAL_PROJECT\OMNIROVER\MCXN947_Project.zip_expanded\MCXN947_Project\component\uart" -I"C:\PROJECTS\EMBEDDED\FINAL_PROJECT\OMNIROVER\MCXN947_Project.zip_expanded\MCXN947_Project\utilities\debug_console\config" -I"C:\PROJECTS\EMBEDDED\FINAL_PROJECT\OMNIROVER\MCXN947_Project.zip_expanded\MCXN947_Project\component\serial_manager" -I"C:\PROJECTS\EMBEDDED\FINAL_PROJECT\OMNIROVER\MCXN947_Project.zip_expanded\MCXN947_Project\component\lists" -I"C:\PROJECTS\EMBEDDED\FINAL_PROJECT\OMNIROVER\MCXN947_Project.zip_expanded\MCXN947_Project\device\periph" -I"C:\PROJECTS\EMBEDDED\FINAL_PROJECT\OMNIROVER\MCXN947_Project.zip_expanded\MCXN947_Project\utilities" -I"C:\PROJECTS\EMBEDDED\FINAL_PROJECT\OMNIROVER\MCXN947_Project.zip_expanded\MCXN947_Project\CMSIS" -I"C:\PROJECTS\EMBEDDED\FINAL_PROJECT\OMNIROVER\MCXN947_Project.zip_expanded\MCXN947_Project\CMSIS\m-profile" -I"C:\PROJECTS\EMBEDDED\FINAL_PROJECT\OMNIROVER\MCXN947_Project.zip_expanded\MCXN947_Project\utilities\str" -I"C:\PROJECTS\EMBEDDED\FINAL_PROJECT\OMNIROVER\MCXN947_Project.zip_expanded\MCXN947_Project\board" -I"C:\PROJECTS\EMBEDDED\FINAL_PROJECT\OMNIROVER\MCXN947_Project.zip_expanded\MCXN947_Project\source" -O0 -fno-common -g3 -gdwarf-4 -Wall -c -ffunction-sections -fdata-sections -fno-builtin -fmerge-constants -fmacro-prefix-map="../drivers/"= -mcpu=cortex-m33 -mfpu=fpv5-sp-d16 -mfloat-abi=hard -mthumb -D__REDLIB__ -fstack-usage -specs=redlib.specs -MMD -MP -MF"drivers/omnidriver.d" -MT"drivers/omnidriver.o" -MT"drivers/omnidriver.d" -o "drivers/omnidriver.o" "../drivers/omnidriver.c"
Finished building: ../drivers/omnidriver.c
 
Building target: MCXN947_Project.axf
Invoking: MCU Linker
arm-none-eabi-gcc -nostdlib -Xlinker -Map="MCXN947_Project.map" -Xlinker --gc-sections -Xlinker -print-memory-usage -Xlinker --sort-section=alignment -Xlinker --cref -mcpu=cortex-m33 -mfpu=fpv5-sp-d16 -mfloat-abi=hard -mthumb -T MCXN947_Project_Debug.ld -o "MCXN947_Project.axf" ./utilities/str/fsl_str.o  ./utilities/debug_console/fsl_debug_console.o  ./utilities/fsl_assert.o  ./startup/boot_multicore_slave.o ./startup/startup_mcxn947_cm33_core0.o  ./source/ADC_DRIVER.o ./source/ESP_SPI.o ./source/GPIO_DRIVER.o ./source/MCXN947_Project.o ./source/PWM_DRIVER.o ./source/RobotTelemetry.o ./source/TIMER_DRIVER.o ./source/semihost_hardfault.o  ./drivers/fsl_clock.o ./drivers/fsl_common.o ./drivers/fsl_common_arm.o ./drivers/fsl_ctimer.o ./drivers/fsl_gpio.o ./drivers/fsl_lpadc.o ./drivers/fsl_lpflexcomm.o ./drivers/fsl_lpi2c.o ./drivers/fsl_lpspi.o ./drivers/fsl_lptmr.o ./drivers/fsl_lpuart.o ./drivers/fsl_pwm.o ./drivers/fsl_reset.o ./drivers/fsl_spc.o ./drivers/fsl_vref.o ./drivers/omnidriver.o  ./device/system_MCXN947_cm33_core0.o  ./component/uart/fsl_adapter_lpuart.o  ./component/serial_manager/fsl_component_serial_manager.o ./component/serial_manager/fsl_component_serial_port_uart.o  ./component/lists/fsl_component_generic_list.o  ./board/board.o ./board/clock_config.o ./board/hardware_init.o ./board/peripherals.o ./board/pin_mux.o   
Memory region         Used Size  Region Size  %age Used
  PROGRAM_FLASH0:       44012 B         1 MB      4.20%
  PROGRAM_FLASH1:          0 GB         1 MB      0.00%
            SRAM:        9572 B       384 KB      2.43%
           SRAMX:          0 GB        96 KB      0.00%
           SRAMH:          0 GB        32 KB      0.00%
         USB_RAM:          0 GB         4 KB      0.00%
Finished building target: MCXN947_Project.axf
 
Performing post-build steps
arm-none-eabi-size "MCXN947_Project.axf"; # arm-none-eabi-objcopy -v -O binary "MCXN947_Project.axf" "MCXN947_Project.bin" ; # checksum -p MCXN947 -d "MCXN947_Project.bin";
   text	   data	    bss	    dec	    hex	filename
  43380	    632	   8940	  52952	   ced8	MCXN947_Project.axf
 
10:32:44 **** Incremental Build of configuration Debug for project MCXN947_Project ****
make -r -j16 all 
Building target: MCXN947_Project.axf
Invoking: MCU Linker
arm-none-eabi-gcc -nostdlib -Xlinker -Map="MCXN947_Project.map" -Xlinker --gc-sections -Xlinker -print-memory-usage -Xlinker --sort-section=alignment -Xlinker --cref -mcpu=cortex-m33 -mfpu=fpv5-sp-d16 -mfloat-abi=hard -mthumb -T MCXN947_Project_Debug.ld -o "MCXN947_Project.axf" ./utilities/str/fsl_str.o  ./utilities/debug_console/fsl_debug_console.o  ./utilities/fsl_assert.o  ./startup/boot_multicore_slave.o ./startup/startup_mcxn947_cm33_core0.o  ./source/ADC_DRIVER.o ./source/ESP_SPI.o ./source/GPIO_DRIVER.o ./source/MCXN947_Project.o ./source/PWM_DRIVER.o ./source/RobotTelemetry.o ./source/TIMER_DRIVER.o ./source/semihost_hardfault.o  ./drivers/fsl_clock.o ./drivers/fsl_common.o ./drivers/fsl_common_arm.o ./drivers/fsl_ctimer.o ./drivers/fsl_gpio.o ./drivers/fsl_lpadc.o ./drivers/fsl_lpflexcomm.o ./drivers/fsl_lpi2c.o ./drivers/fsl_lpspi.o ./drivers/fsl_lptmr.o ./drivers/fsl_lpuart.o ./drivers/fsl_pwm.o ./drivers/fsl_reset.o ./drivers/fsl_spc.o ./drivers/fsl_vref.o ./drivers/omnidriver.o  ./device/system_MCXN947_cm33_core0.o  ./component/uart/fsl_adapter_lpuart.o  ./component/serial_manager/fsl_component_serial_manager.o ./component/serial_manager/fsl_component_serial_port_uart.o  ./component/lists/fsl_component_generic_list.o  ./board/board.o ./board/clock_config.o ./board/hardware_init.o ./board/peripherals.o ./board/pin_mux.o   
Memory region         Used Size  Region Size  %age Used
  PROGRAM_FLASH0:       44012 B         1 MB      4.20%
  PROGRAM_FLASH1:          0 GB         1 MB      0.00%
            SRAM:        9572 B       384 KB      2.43%
           SRAMX:          0 GB        96 KB      0.00%
           SRAMH:          0 GB        32 KB      0.00%
         USB_RAM:          0 GB         4 KB      0.00%
Finished building target: MCXN947_Project.axf
 
Performing post-build steps
arm-none-eabi-size "MCXN947_Project.axf"; # arm-none-eabi-objcopy -v -O binary "MCXN947_Project.axf" "MCXN947_Project.bin" ; # checksum -p MCXN947 -d "MCXN947_Project.bin";
   text	   data	    bss	    dec	    hex	filename
  43380	    632	   8940	  52952	   ced8	MCXN947_Project.axf
 
14:08:02 **** Incremental Build of configuration Debug for project MCXN947_Project ****
make -r -j16 all 
Building target: MCXN947_Project.axf
Invoking: MCU Linker
arm-none-eabi-gcc -nostdlib -Xlinker -Map="MCXN947_Project.map" -Xlinker --gc-sections -Xlinker -print-memory-usage -Xlinker --sort-section=alignment -Xlinker --cref -mcpu=cortex-m33 -mfpu=fpv5-sp-d16 -mfloat-abi=hard -mthumb -T MCXN947_Project_Debug.ld -o "MCXN947_Project.axf" ./utilities/str/fsl_str.o  ./utilities/debug_console/fsl_debug_console.o  ./utilities/fsl_assert.o  ./startup/boot_multicore_slave.o ./startup/startup_mcxn947_cm33_core0.o  ./source/ADC_DRIVER.o ./source/ESP_SPI.o ./source/GPIO_DRIVER.o ./source/MCXN947_Project.o ./source/PWM_DRIVER.o ./source/RobotTelemetry.o ./source/TIMER_DRIVER.o ./source/semihost_hardfault.o  ./drivers/fsl_clock.o ./drivers/fsl_common.o ./drivers/fsl_common_arm.o ./drivers/fsl_ctimer.o ./drivers/fsl_gpio.o ./drivers/fsl_lpadc.o ./drivers/fsl_lpflexcomm.o ./drivers/fsl_lpi2c.o ./drivers/fsl_lpspi.o ./drivers/fsl_lptmr.o ./drivers/fsl_lpuart.o ./drivers/fsl_pwm.o ./drivers/fsl_reset.o ./drivers/fsl_spc.o ./drivers/fsl_vref.o ./drivers/omnidriver.o  ./device/system_MCXN947_cm33_core0.o  ./component/uart/fsl_adapter_lpuart.o  ./component/serial_manager/fsl_component_serial_manager.o ./component/serial_manager/fsl_component_serial_port_uart.o  ./component/lists/fsl_component_generic_list.o  ./board/board.o ./board/clock_config.o ./board/hardware_init.o ./board/peripherals.o ./board/pin_mux.o   
Memory region         Used Size  Region Size  %age Used
  PROGRAM_FLASH0:       44012 B         1 MB      4.20%
  PROGRAM_FLASH1:          0 GB         1 MB      0.00%
            SRAM:        9572 B       384 KB      2.43%
           SRAMX:          0 GB        96 KB      0.00%
           SRAMH:          0 GB        32 KB      0.00%
         USB_RAM:          0 GB         4 KB      0.00%
Finished building target: MCXN947_Project.axf
 
Performing post-build steps
arm-none-eabi-size "MCXN947_Project.axf"; # arm-none-eabi-objcopy -v -O binary "MCXN947_Project.axf" "MCXN947_Project.bin" ; # checksum -p MCXN947 -d "MCXN947_Project.bin";
   text	   data	    bss	    dec	    hex	filename
  43380	    632	   8940	  52952	   ced8	MCXN947_Project.axf
 
14:57:11 **** Incremental Build of configuration Debug for project MCXN947_Project ****
make -r -j16 all 
make[1]: Nothing to be done for 'main-build'.
Performing post-build steps
arm-none-eabi-size "MCXN947_Project.axf"; # arm-none-eabi-objcopy -v -O binary "MCXN947_Project.axf" "MCXN947_Project.bin" ; # checksum -p MCXN947 -d "MCXN947_Project.bin";
   text	   data	    bss	    dec	    hex	filename
  43380	    632	   8940	  52952	   ced8	MCXN947_Project.axf
 
